Archive member included to satisfy reference by file (symbol)

c:/st/stm32cubeide_1.3.0/stm32cubeide/plugins/com.st.stm32cube.ide.mcu.externaltools.gnu-tools-for-stm32.7-2018-q2-update.win32_1.0.0.201904181610/tools/bin/../lib/gcc/arm-none-eabi/7.3.1/../../../../arm-none-eabi/lib/thumb/v7e-m/fpv4-sp/hard\libc_nano.a(lib_a-errno.o)
                              Src/syscalls.o (__errno)
c:/st/stm32cubeide_1.3.0/stm32cubeide/plugins/com.st.stm32cube.ide.mcu.externaltools.gnu-tools-for-stm32.7-2018-q2-update.win32_1.0.0.201904181610/tools/bin/../lib/gcc/arm-none-eabi/7.3.1/../../../../arm-none-eabi/lib/thumb/v7e-m/fpv4-sp/hard\libc_nano.a(lib_a-exit.o)
                              c:/st/stm32cubeide_1.3.0/stm32cubeide/plugins/com.st.stm32cube.ide.mcu.externaltools.gnu-tools-for-stm32.7-2018-q2-update.win32_1.0.0.201904181610/tools/bin/../lib/gcc/arm-none-eabi/7.3.1/../../../../arm-none-eabi/lib/thumb/v7e-m/fpv4-sp/hard/crt0.o (exit)
c:/st/stm32cubeide_1.3.0/stm32cubeide/plugins/com.st.stm32cube.ide.mcu.externaltools.gnu-tools-for-stm32.7-2018-q2-update.win32_1.0.0.201904181610/tools/bin/../lib/gcc/arm-none-eabi/7.3.1/../../../../arm-none-eabi/lib/thumb/v7e-m/fpv4-sp/hard\libc_nano.a(lib_a-impure.o)
                              c:/st/stm32cubeide_1.3.0/stm32cubeide/plugins/com.st.stm32cube.ide.mcu.externaltools.gnu-tools-for-stm32.7-2018-q2-update.win32_1.0.0.201904181610/tools/bin/../lib/gcc/arm-none-eabi/7.3.1/../../../../arm-none-eabi/lib/thumb/v7e-m/fpv4-sp/hard\libc_nano.a(lib_a-exit.o) (_global_impure_ptr)
c:/st/stm32cubeide_1.3.0/stm32cubeide/plugins/com.st.stm32cube.ide.mcu.externaltools.gnu-tools-for-stm32.7-2018-q2-update.win32_1.0.0.201904181610/tools/bin/../lib/gcc/arm-none-eabi/7.3.1/../../../../arm-none-eabi/lib/thumb/v7e-m/fpv4-sp/hard\libc_nano.a(lib_a-init.o)
                              c:/st/stm32cubeide_1.3.0/stm32cubeide/plugins/com.st.stm32cube.ide.mcu.externaltools.gnu-tools-for-stm32.7-2018-q2-update.win32_1.0.0.201904181610/tools/bin/../lib/gcc/arm-none-eabi/7.3.1/../../../../arm-none-eabi/lib/thumb/v7e-m/fpv4-sp/hard/crt0.o (__libc_init_array)
c:/st/stm32cubeide_1.3.0/stm32cubeide/plugins/com.st.stm32cube.ide.mcu.externaltools.gnu-tools-for-stm32.7-2018-q2-update.win32_1.0.0.201904181610/tools/bin/../lib/gcc/arm-none-eabi/7.3.1/../../../../arm-none-eabi/lib/thumb/v7e-m/fpv4-sp/hard\libc_nano.a(lib_a-memcpy-stub.o)
                              Middlewares/Third_Party/FreeRTOS/Source/CMSIS_RTOS_V2/cmsis_os2.o (memcpy)
c:/st/stm32cubeide_1.3.0/stm32cubeide/plugins/com.st.stm32cube.ide.mcu.externaltools.gnu-tools-for-stm32.7-2018-q2-update.win32_1.0.0.201904181610/tools/bin/../lib/gcc/arm-none-eabi/7.3.1/../../../../arm-none-eabi/lib/thumb/v7e-m/fpv4-sp/hard\libc_nano.a(lib_a-memmove.o)
                              Mp3Helix/mp3dec.o (memmove)
c:/st/stm32cubeide_1.3.0/stm32cubeide/plugins/com.st.stm32cube.ide.mcu.externaltools.gnu-tools-for-stm32.7-2018-q2-update.win32_1.0.0.201904181610/tools/bin/../lib/gcc/arm-none-eabi/7.3.1/../../../../arm-none-eabi/lib/thumb/v7e-m/fpv4-sp/hard\libc_nano.a(lib_a-memset.o)
                              c:/st/stm32cubeide_1.3.0/stm32cubeide/plugins/com.st.stm32cube.ide.mcu.externaltools.gnu-tools-for-stm32.7-2018-q2-update.win32_1.0.0.201904181610/tools/bin/../lib/gcc/arm-none-eabi/7.3.1/../../../../arm-none-eabi/lib/thumb/v7e-m/fpv4-sp/hard/crt0.o (memset)
c:/st/stm32cubeide_1.3.0/stm32cubeide/plugins/com.st.stm32cube.ide.mcu.externaltools.gnu-tools-for-stm32.7-2018-q2-update.win32_1.0.0.201904181610/tools/bin/../lib/gcc/arm-none-eabi/7.3.1/../../../../arm-none-eabi/lib/thumb/v7e-m/fpv4-sp/hard\libc_nano.a(lib_a-strlen.o)
                              Src/effects.o (strlen)
c:/st/stm32cubeide_1.3.0/stm32cubeide/plugins/com.st.stm32cube.ide.mcu.externaltools.gnu-tools-for-stm32.7-2018-q2-update.win32_1.0.0.201904181610/tools/bin/../lib/gcc/arm-none-eabi/7.3.1/../../../../arm-none-eabi/lib/thumb/v7e-m/fpv4-sp/hard\libm.a(lib_a-wf_fmod.o)
                              Src/effects.o (fmodf)
c:/st/stm32cubeide_1.3.0/stm32cubeide/plugins/com.st.stm32cube.ide.mcu.externaltools.gnu-tools-for-stm32.7-2018-q2-update.win32_1.0.0.201904181610/tools/bin/../lib/gcc/arm-none-eabi/7.3.1/../../../../arm-none-eabi/lib/thumb/v7e-m/fpv4-sp/hard\libm.a(lib_a-ef_fmod.o)
                              c:/st/stm32cubeide_1.3.0/stm32cubeide/plugins/com.st.stm32cube.ide.mcu.externaltools.gnu-tools-for-stm32.7-2018-q2-update.win32_1.0.0.201904181610/tools/bin/../lib/gcc/arm-none-eabi/7.3.1/../../../../arm-none-eabi/lib/thumb/v7e-m/fpv4-sp/hard\libm.a(lib_a-wf_fmod.o) (__ieee754_fmodf)
c:/st/stm32cubeide_1.3.0/stm32cubeide/plugins/com.st.stm32cube.ide.mcu.externaltools.gnu-tools-for-stm32.7-2018-q2-update.win32_1.0.0.201904181610/tools/bin/../lib/gcc/arm-none-eabi/7.3.1/../../../../arm-none-eabi/lib/thumb/v7e-m/fpv4-sp/hard\libm.a(lib_a-s_lib_ver.o)
[...]
Memory Configuration

Name             Origin             Length             Attributes
RAM              0x0000000020000000 0x0000000000050000 xrw
FLASH            0x0000000008000000 0x0000000000080000 xr
*default*        0x0000000000000000 0xffffffffffffffff

Linker script and memory map

LOAD c:/st/stm32cubeide_1.3.0/stm32cubeide/plugins/com.st.stm32cube.ide.mcu.externaltools.gnu-tools-for-stm32.7-2018-q2-update.win32_1.0.0.201904181610/tools/bin/../lib/gcc/arm-none-eabi/7.3.1/thumb/v7e-m/fpv4-sp/hard/crti.o
LOAD c:/st/stm32cubeide_1.3.0/stm32cubeide/plugins/com.st.stm32cube.ide.mcu.externaltools.gnu-tools-for-stm32.7-2018-q2-update.win32_1.0.0.201904181610/tools/bin/../lib/gcc/arm-none-eabi/7.3.1/thumb/v7e-m/fpv4-sp/hard/crtbegin.o
LOAD c:/st/stm32cubeide_1.3.0/stm32cubeide/plugins/com.st.stm32cube.ide.mcu.externaltools.gnu-tools-for-stm32.7-2018-q2-update.win32_1.0.0.201904181610/tools/bin/../lib/gcc/arm-none-eabi/7.3.1/../../../../arm-none-eabi/lib/thumb/v7e-m/fpv4-sp/hard/crt0.o
LOAD Drivers/STM32F7xx_HAL_Driver/Src/stm32f7xx_hal.o
LOAD Drivers/STM32F7xx_HAL_Driver/Src/stm32f7xx_hal_adc.o
LOAD Drivers/STM32F7xx_HAL_Driver/Src/stm32f7xx_hal_adc_ex.o
LOAD Drivers/STM32F7xx_HAL_Driver/Src/stm32f7xx_hal_cortex.o
LOAD Drivers/STM32F7xx_HAL_Driver/Src/stm32f7xx_hal_dma.o
LOAD Drivers/STM32F7xx_HAL_Driver/Src/stm32f7xx_hal_dma_ex.o
LOAD Drivers/STM32F7xx_HAL_Driver/Src/stm32f7xx_hal_exti.o
LOAD Drivers/STM32F7xx_HAL_Driver/Src/stm32f7xx_hal_flash.o
LOAD Drivers/STM32F7xx_HAL_Driver/Src/stm32f7xx_hal_flash_ex.o
LOAD Drivers/STM32F7xx_HAL_Driver/Src/stm32f7xx_hal_gpio.o
LOAD Drivers/STM32F7xx_HAL_Driver/Src/stm32f7xx_hal_i2c.o
LOAD Drivers/STM32F7xx_HAL_Driver/Src/stm32f7xx_hal_i2c_ex.o
LOAD Drivers/STM32F7xx_HAL_Driver/Src/stm32f7xx_hal_iwdg.o
LOAD Drivers/STM32F7xx_HAL_Driver/Src/stm32f7xx_hal_pwr.o
LOAD Drivers/STM32F7xx_HAL_Driver/Src/stm32f7xx_hal_pwr_ex.o
LOAD Drivers/STM32F7xx_HAL_Driver/Src/stm32f7xx_hal_rcc.o
LOAD Drivers/STM32F7xx_HAL_Driver/Src/stm32f7xx_hal_rcc_ex.o
LOAD Drivers/STM32F7xx_HAL_Driver/Src/stm32f7xx_hal_rng.o
LOAD Drivers/STM32F7xx_HAL_Driver/Src/stm32f7xx_hal_spi.o
LOAD Drivers/STM32F7xx_HAL_Driver/Src/stm32f7xx_hal_spi_ex.o
LOAD Drivers/STM32F7xx_HAL_Driver/Src/stm32f7xx_hal_tim.o
LOAD Drivers/STM32F7xx_HAL_Driver/Src/stm32f7xx_hal_tim_ex.o
LOAD Middlewares/Third_Party/FreeRTOS/Source/CMSIS_RTOS_V2/cmsis_os2.o
LOAD Middlewares/Third_Party/FreeRTOS/Source/croutine.o
LOAD Middlewares/Third_Party/FreeRTOS/Source/event_groups.o
LOAD Middlewares/Third_Party/FreeRTOS/Source/list.o
LOAD Middlewares/Third_Party/FreeRTOS/Source/queue.o
LOAD Middlewares/Third_Party/FreeRTOS/Source/stream_buffer.o
LOAD Middlewares/Third_Party/FreeRTOS/Source/tasks.o
LOAD Middlewares/Third_Party/FreeRTOS/Source/timers.o
LOAD Middlewares/Third_Party/FreeRTOS/Source/portable/GCC/ARM_CM7/r0p1/port.o
LOAD Middlewares/Third_Party/FreeRTOS/Source/portable/MemMang/heap_4.o
LOAD Mp3Helix/mp3dec.o
LOAD Mp3Helix/mp3tabs.o
LOAD Mp3Helix/real/arm/asmpoly_thumb2.o
LOAD Mp3Helix/real/bitstream.o
LOAD Mp3Helix/real/buffers.o
LOAD Mp3Helix/real/dct32.o
LOAD Mp3Helix/real/dequant.o
LOAD Mp3Helix/real/dqchan.o
LOAD Mp3Helix/real/huffman.o
LOAD Mp3Helix/real/hufftabs.o
LOAD Mp3Helix/real/imdct.o
LOAD Mp3Helix/real/scalfact.o
LOAD Mp3Helix/real/stproc.o
LOAD Mp3Helix/real/subband.o
LOAD Mp3Helix/real/trigtabs.o
LOAD Src/effects.o
LOAD Src/font.o
LOAD Src/freertos.o
LOAD Src/main.o
LOAD Src/outputs.o
LOAD Src/sst25vf032b.o
LOAD Src/stm32f7xx_hal_msp.o
LOAD Src/stm32f7xx_it.o
LOAD Src/syscalls.o
LOAD Src/sysmem.o
LOAD Src/system_stm32f7xx.o
LOAD Startup/startup_stm32f745vetx.o
START GROUP
LOAD c:/st/stm32cubeide_1.3.0/stm32cubeide/plugins/com.st.stm32cube.ide.mcu.externaltools.gnu-tools-for-stm32.7-2018-q2-update.win32_1.0.0.201904181610/tools/bin/../lib/gcc/arm-none-eabi/7.3.1/../../../../arm-none-eabi/lib/thumb/v7e-m/fpv4-sp/hard\libc_nano.a
LOAD c:/st/stm32cubeide_1.3.0/stm32cubeide/plugins/com.st.stm32cube.ide.mcu.externaltools.gnu-tools-for-stm32.7-2018-q2-update.win32_1.0.0.201904181610/tools/bin/../lib/gcc/arm-none-eabi/7.3.1/../../../../arm-none-eabi/lib/thumb/v7e-m/fpv4-sp/hard\libm.a
END GROUP
START GROUP
LOAD c:/st/stm32cubeide_1.3.0/stm32cubeide/plugins/com.st.stm32cube.ide.mcu.externaltools.gnu-tools-for-stm32.7-2018-q2-update.win32_1.0.0.201904181610/tools/bin/../lib/gcc/arm-none-eabi/7.3.1/thumb/v7e-m/fpv4-sp/hard\libgcc.a
LOAD c:/st/stm32cubeide_1.3.0/stm32cubeide/plugins/com.st.stm32cube.ide.mcu.externaltools.gnu-tools-for-stm32.7-2018-q2-update.win32_1.0.0.201904181610/tools/bin/../lib/gcc/arm-none-eabi/7.3.1/../../../../arm-none-eabi/lib/thumb/v7e-m/fpv4-sp/hard\libc_nano.a
END GROUP
START GROUP
LOAD c:/st/stm32cubeide_1.3.0/stm32cubeide/plugins/com.st.stm32cube.ide.mcu.externaltools.gnu-tools-for-stm32.7-2018-q2-update.win32_1.0.0.201904181610/tools/bin/../lib/gcc/arm-none-eabi/7.3.1/thumb/v7e-m/fpv4-sp/hard\libgcc.a
LOAD c:/st/stm32cubeide_1.3.0/stm32cubeide/plugins/com.st.stm32cube.ide.mcu.externaltools.gnu-tools-for-stm32.7-2018-q2-update.win32_1.0.0.201904181610/tools/bin/../lib/gcc/arm-none-eabi/7.3.1/../../../../arm-none-eabi/lib/thumb/v7e-m/fpv4-sp/hard\libc_nano.a
LOAD c:/st/stm32cubeide_1.3.0/stm32cubeide/plugins/com.st.stm32cube.ide.mcu.externaltools.gnu-tools-for-stm32.7-2018-q2-update.win32_1.0.0.201904181610/tools/bin/../lib/gcc/arm-none-eabi/7.3.1/../../../../arm-none-eabi/lib/thumb/v7e-m/fpv4-sp/hard\libnosys.a
END GROUP
START GROUP
LOAD c:/st/stm32cubeide_1.3.0/stm32cubeide/plugins/com.st.stm32cube.ide.mcu.externaltools.gnu-tools-for-stm32.7-2018-q2-update.win32_1.0.0.201904181610/tools/bin/../lib/gcc/arm-none-eabi/7.3.1/thumb/v7e-m/fpv4-sp/hard\libgcc.a
LOAD c:/st/stm32cubeide_1.3.0/stm32cubeide/plugins/com.st.stm32cube.ide.mcu.externaltools.gnu-tools-for-stm32.7-2018-q2-update.win32_1.0.0.201904181610/tools/bin/../lib/gcc/arm-none-eabi/7.3.1/../../../../arm-none-eabi/lib/thumb/v7e-m/fpv4-sp/hard\libc_nano.a
LOAD c:/st/stm32cubeide_1.3.0/stm32cubeide/plugins/com.st.stm32cube.ide.mcu.externaltools.gnu-tools-for-stm32.7-2018-q2-update.win32_1.0.0.201904181610/tools/bin/../lib/gcc/arm-none-eabi/7.3.1/../../../../arm-none-eabi/lib/thumb/v7e-m/fpv4-sp/hard\libnosys.a
END GROUP
LOAD c:/st/stm32cubeide_1.3.0/stm32cubeide/plugins/com.st.stm32cube.ide.mcu.externaltools.gnu-tools-for-stm32.7-2018-q2-update.win32_1.0.0.201904181610/tools/bin/../lib/gcc/arm-none-eabi/7.3.1/thumb/v7e-m/fpv4-sp/hard/crtend.o
LOAD c:/st/stm32cubeide_1.3.0/stm32cubeide/plugins/com.st.stm32cube.ide.mcu.externaltools.gnu-tools-for-stm32.7-2018-q2-update.win32_1.0.0.201904181610/tools/bin/../lib/gcc/arm-none-eabi/7.3.1/thumb/v7e-m/fpv4-sp/hard/crtn.o
                0x0000000020050000                _estack = (ORIGIN (RAM) + LENGTH (RAM))
                0x0000000000000800                _Min_Heap_Size = 0x800
                0x0000000000000800                _Min_Stack_Size = 0x800

.isr_vector     0x0000000008000000      0x1c8
                0x0000000008000000                . = ALIGN (0x4)
 *(.isr_vector)
 .isr_vector    0x0000000008000000      0x1c8 Startup/startup_stm32f745vetx.o
                0x0000000008000000                g_pfnVectors
                0x00000000080001c8                . = ALIGN (0x4)

.text           0x00000000080001d0     0xd668
                0x00000000080001d0                . = ALIGN (0x4)
 *(.text)
 .text          0x00000000080001d0       0x40 c:/st/stm32cubeide_1.3.0/stm32cubeide/plugins/com.st.stm32cube.ide.mcu.externaltools.gnu-tools-for-stm32.7-2018-q2-update.win32_1.0.0.201904181610/tools/bin/../lib/gcc/arm-none-eabi/7.3.1/thumb/v7e-m/fpv4-sp/hard/crtbegin.o
 .text          0x0000000008000210      0x796 Mp3Helix/real/arm/asmpoly_thumb2.o
                0x0000000008000210                xmp3_PolyphaseStereo
                0x00000000080006dc                xmp3_PolyphaseMono
 .text          0x00000000080009a6       0x10 c:/st/stm32cubeide_1.3.0/stm32cubeide/plugins/com.st.stm32cube.ide.mcu.externaltools.gnu-tools-for-stm32.7-2018-q2-update.win32_1.0.0.201904181610/tools/bin/../lib/gcc/arm-none-eabi/7.3.1/../../../../arm-none-eabi/lib/thumb/v7e-m/fpv4-sp/hard\libc_nano.a(lib_a-strlen.o)
                0x00000000080009a6                strlen
 *fill*         0x00000000080009b6        0x2 
 .text          0x00000000080009b8      0x378 c:/st/stm32cubeide_1.3.0/stm32cubeide/plugins/com.st.stm32cube.ide.mcu.externaltools.gnu-tools-for-stm32.7-2018-q2-update.win32_1.0.0.201904181610/tools/bin/../lib/gcc/arm-none-eabi/7.3.1/thumb/v7e-m/fpv4-sp/hard\libgcc.a(_arm_addsubdf3.o)
                0x00000000080009b8                __aeabi_drsub
                0x00000000080009c0                __aeabi_dsub
                0x00000000080009c0                __subdf3
                0x00000000080009c4                __aeabi_dadd
                0x00000000080009c4                __adddf3
                0x0000000008000c3c                __floatunsidf
                0x0000000008000c3c                __aeabi_ui2d
                0x0000000008000c5c                __floatsidf
                0x0000000008000c5c                __aeabi_i2d
                0x0000000008000c80                __aeabi_f2d
                0x0000000008000c80                __extendsfdf2
                0x0000000008000cc4                __floatundidf
                0x0000000008000cc4                __aeabi_ul2d
                0x0000000008000cd4                __floatdidf
                0x0000000008000cd4                __aeabi_l2d
 .text          0x0000000008000d30      0x424 c:/st/stm32cubeide_1.3.0/stm32cubeide/plugins/com.st.stm32cube.ide.mcu.externaltools.gnu-tools-for-stm32.7-2018-q2-update.win32_1.0.0.201904181610/tools/bin/../lib/gcc/arm-none-eabi/7.3.1/thumb/v7e-m/fpv4-sp/hard\libgcc.a(_arm_muldivdf3.o)
                0x0000000008000d30                __aeabi_dmul
                0x0000000008000d30                __muldf3
                0x0000000008000f84                __divdf3
                0x0000000008000f84                __aeabi_ddiv
 .text          0x0000000008001154       0xa0 c:/st/stm32cubeide_1.3.0/stm32cubeide/plugins/com.st.stm32cube.ide.mcu.externaltools.gnu-tools-for-stm32.7-2018-q2-update.win32_1.0.0.201904181610/tools/bin/../lib/gcc/arm-none-eabi/7.3.1/thumb/v7e-m/fpv4-sp/hard\libgcc.a(_arm_truncdfsf2.o)
                0x0000000008001154                __truncdfsf2
                0x0000000008001154                __aeabi_d2f
 .text          0x00000000080011f4       0x30 c:/st/stm32cubeide_1.3.0/stm32cubeide/plugins/com.st.stm32cube.ide.mcu.externaltools.gnu-tools-for-stm32.7-2018-q2-update.win32_1.0.0.201904181610/tools/bin/../lib/gcc/arm-none-eabi/7.3.1/thumb/v7e-m/fpv4-sp/hard\libgcc.a(_aeabi_uldivmod.o)
                0x00000000080011f4                __aeabi_uldivmod
 .text          0x0000000008001224      0x2cc c:/st/stm32cubeide_1.3.0/stm32cubeide/plugins/com.st.stm32cube.ide.mcu.externaltools.gnu-tools-for-stm32.7-2018-q2-update.win32_1.0.0.201904181610/tools/bin/../lib/gcc/arm-none-eabi/7.3.1/thumb/v7e-m/fpv4-sp/hard\libgcc.a(_udivmoddi4.o)
                0x0000000008001224                __udivmoddi4
 .text          0x00000000080014f0        0x4 c:/st/stm32cubeide_1.3.0/stm32cubeide/plugins/com.st.stm32cube.ide.mcu.externaltools.gnu-tools-for-stm32.7-2018-q2-update.win32_1.0.0.201904181610/tools/bin/../lib/gcc/arm-none-eabi/7.3.1/thumb/v7e-m/fpv4-sp/hard\libgcc.a(_dvmd_tls.o)
                0x00000000080014f0                __aeabi_idiv0
                0x00000000080014f0                __aeabi_ldiv0
 *(.text*)
 .text.HAL_InitTick
                0x00000000080014f4       0x48 Drivers/STM32F7xx_HAL_Driver/Src/stm32f7xx_hal.o
                0x00000000080014f4                HAL_InitTick
 .text.HAL_Init
                0x000000000800153c       0x2c Drivers/STM32F7xx_HAL_Driver/Src/stm32f7xx_hal.o
                0x000000000800153c                HAL_Init
 .text.HAL_IncTick
                0x0000000008001568       0x18 Drivers/STM32F7xx_HAL_Driver/Src/stm32f7xx_hal.o
                0x0000000008001568                HAL_IncTick
 .text.HAL_GetTick
                0x0000000008001580        0xc Drivers/STM32F7xx_HAL_Driver/Src/stm32f7xx_hal.o
                0x0000000008001580                HAL_GetTick
 .text.HAL_ADC_Init
                0x000000000800158c      0x14c Drivers/STM32F7xx_HAL_Driver/Src/stm32f7xx_hal_adc.o
                0x000000000800158c                HAL_ADC_Init
 .text.HAL_ADC_Start_DMA
                0x00000000080016d8      0x120 Drivers/STM32F7xx_HAL_Driver/Src/stm32f7xx_hal_adc.o
                0x00000000080016d8                HAL_ADC_Start_DMA
 .text.ADC_DMAHalfConvCplt
                0x00000000080017f8        0xa Drivers/STM32F7xx_HAL_Driver/Src/stm32f7xx_hal_adc.o
 .text.HAL_ADC_ErrorCallback
                0x0000000008001802        0x2 Drivers/STM32F7xx_HAL_Driver/Src/stm32f7xx_hal_adc.o
                0x0000000008001802                HAL_ADC_ErrorCallback
 .text.ADC_DMAError
                0x0000000008001804       0x16 Drivers/STM32F7xx_HAL_Driver/Src/stm32f7xx_hal_adc.o
 .text.ADC_DMAConvCplt
                0x000000000800181a       0x6c Drivers/STM32F7xx_HAL_Driver/Src/stm32f7xx_hal_adc.o
 *fill*         0x0000000008001886        0x2 
 .text.HAL_ADC_ConfigChannel
                0x0000000008001888      0x148 Drivers/STM32F7xx_HAL_Driver/Src/stm32f7xx_hal_adc.o
                0x0000000008001888                HAL_ADC_ConfigChannel
 .text.HAL_NVIC_SetPriorityGrouping
                0x00000000080019d0       0x24 Drivers/STM32F7xx_HAL_Driver/Src/stm32f7xx_hal_cortex.o
                0x00000000080019d0                HAL_NVIC_SetPriorityGrouping
 .text.HAL_NVIC_SetPriority
                0x00000000080019f4       0x64 Drivers/STM32F7xx_HAL_Driver/Src/stm32f7xx_hal_cortex.o
                0x00000000080019f4                HAL_NVIC_SetPriority
 .text.HAL_NVIC_EnableIRQ
                0x0000000008001a58       0x1c Drivers/STM32F7xx_HAL_Driver/Src/stm32f7xx_hal_cortex.o
                0x0000000008001a58                HAL_NVIC_EnableIRQ
 .text.HAL_SYSTICK_Config
                0x0000000008001a74       0x2c Drivers/STM32F7xx_HAL_Driver/Src/stm32f7xx_hal_cortex.o
                0x0000000008001a74                HAL_SYSTICK_Config
 .text.DMA_CalcBaseAndBitshift
                0x0000000008001aa0       0x2c Drivers/STM32F7xx_HAL_Driver/Src/stm32f7xx_hal_dma.o
 .text.HAL_DMA_Init
                0x0000000008001acc       0xfc Drivers/STM32F7xx_HAL_Driver/Src/stm32f7xx_hal_dma.o
                0x0000000008001acc                HAL_DMA_Init
 .text.HAL_DMA_Start_IT
                0x0000000008001bc8       0x7a Drivers/STM32F7xx_HAL_Driver/Src/stm32f7xx_hal_dma.o
                0x0000000008001bc8                HAL_DMA_Start_IT
 .text.HAL_DMA_Abort
                0x0000000008001c42       0x86 Drivers/STM32F7xx_HAL_Driver/Src/stm32f7xx_hal_dma.o
                0x0000000008001c42                HAL_DMA_Abort
 .text.HAL_DMA_Abort_IT
                0x0000000008001cc8       0x24 Drivers/STM32F7xx_HAL_Driver/Src/stm32f7xx_hal_dma.o
                0x0000000008001cc8                HAL_DMA_Abort_IT
 .text.HAL_DMA_IRQHandler
                0x0000000008001cec      0x17c Drivers/STM32F7xx_HAL_Driver/Src/stm32f7xx_hal_dma.o
                0x0000000008001cec                HAL_DMA_IRQHandler
 .text.HAL_GPIO_Init
                0x0000000008001e68      0x1d0 Drivers/STM32F7xx_HAL_Driver/Src/stm32f7xx_hal_gpio.o
                0x0000000008001e68                HAL_GPIO_Init
 .text.HAL_GPIO_ReadPin
                0x0000000008002038        0xc Drivers/STM32F7xx_HAL_Driver/Src/stm32f7xx_hal_gpio.o
                0x0000000008002038                HAL_GPIO_ReadPin
 .text.HAL_GPIO_WritePin
                0x0000000008002044        0xa Drivers/STM32F7xx_HAL_Driver/Src/stm32f7xx_hal_gpio.o
                0x0000000008002044                HAL_GPIO_WritePin
 *fill*         0x000000000800204e        0x2 
 .text.HAL_GPIO_EXTI_IRQHandler
                0x0000000008002050       0x18 Drivers/STM32F7xx_HAL_Driver/Src/stm32f7xx_hal_gpio.o
                0x0000000008002050                HAL_GPIO_EXTI_IRQHandler
 .text.HAL_PWREx_EnableOverDrive
                0x0000000008002068       0x70 Drivers/STM32F7xx_HAL_Driver/Src/stm32f7xx_hal_pwr_ex.o
                0x0000000008002068                HAL_PWREx_EnableOverDrive
 .text.HAL_RCC_OscConfig
                0x00000000080020d8      0x378 Drivers/STM32F7xx_HAL_Driver/Src/stm32f7xx_hal_rcc.o
                0x00000000080020d8                HAL_RCC_OscConfig
 .text.HAL_RCC_GetSysClockFreq
                0x0000000008002450       0x5c Drivers/STM32F7xx_HAL_Driver/Src/stm32f7xx_hal_rcc.o
                0x0000000008002450                HAL_RCC_GetSysClockFreq
 .text.HAL_RCC_ClockConfig
                0x00000000080024ac      0x13c Drivers/STM32F7xx_HAL_Driver/Src/stm32f7xx_hal_rcc.o
                0x00000000080024ac                HAL_RCC_ClockConfig
 .text.HAL_RCC_GetPCLK1Freq
                0x00000000080025e8       0x20 Drivers/STM32F7xx_HAL_Driver/Src/stm32f7xx_hal_rcc.o
                0x00000000080025e8                HAL_RCC_GetPCLK1Freq
 .text.HAL_RCC_GetPCLK2Freq
                0x0000000008002608       0x20 Drivers/STM32F7xx_HAL_Driver/Src/stm32f7xx_hal_rcc.o
                0x0000000008002608                HAL_RCC_GetPCLK2Freq
 .text.HAL_RCCEx_PeriphCLKConfig
                0x0000000008002628      0x4d4 Drivers/STM32F7xx_HAL_Driver/Src/stm32f7xx_hal_rcc_ex.o
                0x0000000008002628                HAL_RCCEx_PeriphCLKConfig
 .text.HAL_RNG_Init
                0x0000000008002afc       0x30 Drivers/STM32F7xx_HAL_Driver/Src/stm32f7xx_hal_rng.o
                0x0000000008002afc                HAL_RNG_Init
 .text.HAL_RNG_GenerateRandomNumber
                0x0000000008002b2c       0x5c Drivers/STM32F7xx_HAL_Driver/Src/stm32f7xx_hal_rng.o
                0x0000000008002b2c                HAL_RNG_GenerateRandomNumber
 .text.HAL_RNG_ReadyDataCallback
                0x0000000008002b88        0x2 Drivers/STM32F7xx_HAL_Driver/Src/stm32f7xx_hal_rng.o
                0x0000000008002b88                HAL_RNG_ReadyDataCallback
 .text.HAL_RNG_ErrorCallback
                0x0000000008002b8a        0x2 Drivers/STM32F7xx_HAL_Driver/Src/stm32f7xx_hal_rng.o
                0x0000000008002b8a                HAL_RNG_ErrorCallback
 .text.HAL_RNG_IRQHandler
                0x0000000008002b8c       0x56 Drivers/STM32F7xx_HAL_Driver/Src/stm32f7xx_hal_rng.o
                0x0000000008002b8c                HAL_RNG_IRQHandler
 .text.SPI_WaitFlagStateUntilTimeout.part.0
                0x0000000008002be2       0x50 Drivers/STM32F7xx_HAL_Driver/Src/stm32f7xx_hal_spi.o
 .text.SPI_WaitFlagStateUntilTimeout.constprop.9
                0x0000000008002c32       0x2c Drivers/STM32F7xx_HAL_Driver/Src/stm32f7xx_hal_spi.o
 .text.SPI_WaitFifoStateUntilTimeout.constprop.10
                0x0000000008002c5e       0x34 Drivers/STM32F7xx_HAL_Driver/Src/stm32f7xx_hal_spi.o
 .text.SPI_EndRxTransaction
                0x0000000008002c92       0x6e Drivers/STM32F7xx_HAL_Driver/Src/stm32f7xx_hal_spi.o
 .text.SPI_EndRxTxTransaction
                0x0000000008002d00       0x44 Drivers/STM32F7xx_HAL_Driver/Src/stm32f7xx_hal_spi.o
 .text.HAL_SPI_Init
                0x0000000008002d44       0xaa Drivers/STM32F7xx_HAL_Driver/Src/stm32f7xx_hal_spi.o
                0x0000000008002d44                HAL_SPI_Init
 *fill*         0x0000000008002dee        0x2 
 .text.HAL_SPI_Transmit_DMA
                0x0000000008002df0       0xf8 Drivers/STM32F7xx_HAL_Driver/Src/stm32f7xx_hal_spi.o
                0x0000000008002df0                HAL_SPI_Transmit_DMA
 .text.HAL_SPI_TransmitReceive_DMA
                0x0000000008002ee8      0x1ac Drivers/STM32F7xx_HAL_Driver/Src/stm32f7xx_hal_spi.o
                0x0000000008002ee8                HAL_SPI_TransmitReceive_DMA
 .text.HAL_SPI_Receive_DMA
                0x0000000008003094      0x13c Drivers/STM32F7xx_HAL_Driver/Src/stm32f7xx_hal_spi.o
                0x0000000008003094                HAL_SPI_Receive_DMA
 .text.HAL_SPI_TxHalfCpltCallback
                0x00000000080031d0        0x2 Drivers/STM32F7xx_HAL_Driver/Src/stm32f7xx_hal_spi.o
                0x00000000080031d0                HAL_SPI_TxHalfCpltCallback
 .text.SPI_DMAHalfTransmitCplt
                0x00000000080031d2        0xa Drivers/STM32F7xx_HAL_Driver/Src/stm32f7xx_hal_spi.o
 .text.HAL_SPI_RxHalfCpltCallback
                0x00000000080031dc        0x2 Drivers/STM32F7xx_HAL_Driver/Src/stm32f7xx_hal_spi.o
                0x00000000080031dc                HAL_SPI_RxHalfCpltCallback
 .text.SPI_DMAHalfReceiveCplt
                0x00000000080031de        0xa Drivers/STM32F7xx_HAL_Driver/Src/stm32f7xx_hal_spi.o
 .text.HAL_SPI_TxRxHalfCpltCallback
                0x00000000080031e8        0x2 Drivers/STM32F7xx_HAL_Driver/Src/stm32f7xx_hal_spi.o
                0x00000000080031e8                HAL_SPI_TxRxHalfCpltCallback
 .text.SPI_DMAHalfTransmitReceiveCplt
                0x00000000080031ea        0xa Drivers/STM32F7xx_HAL_Driver/Src/stm32f7xx_hal_spi.o
 .text.HAL_SPI_ErrorCallback
                0x00000000080031f4        0x2 Drivers/STM32F7xx_HAL_Driver/Src/stm32f7xx_hal_spi.o
                0x00000000080031f4                HAL_SPI_ErrorCallback
 .text.SPI_DMAError
                0x00000000080031f6       0x22 Drivers/STM32F7xx_HAL_Driver/Src/stm32f7xx_hal_spi.o
 .text.SPI_DMATransmitCplt
                0x0000000008003218       0x6a Drivers/STM32F7xx_HAL_Driver/Src/stm32f7xx_hal_spi.o
 .text.SPI_DMAReceiveCplt
                0x0000000008003282       0x54 Drivers/STM32F7xx_HAL_Driver/Src/stm32f7xx_hal_spi.o
 .text.SPI_DMATransmitReceiveCplt
                0x00000000080032d6       0x5c Drivers/STM32F7xx_HAL_Driver/Src/stm32f7xx_hal_spi.o
 *fill*         0x0000000008003332        0x2 
 .text.HAL_SPI_IRQHandler
                0x0000000008003334      0x104 Drivers/STM32F7xx_HAL_Driver/Src/stm32f7xx_hal_spi.o
                0x0000000008003334                HAL_SPI_IRQHandler
 .text.SPI_DMAAbortOnError
                0x0000000008003438       0x12 Drivers/STM32F7xx_HAL_Driver/Src/stm32f7xx_hal_spi.o
 *fill*         0x000000000800344a        0x2 
 .text.TIM_OC1_SetConfig
                0x000000000800344c       0x68 Drivers/STM32F7xx_HAL_Driver/Src/stm32f7xx_hal_tim.o
 .text.TIM_OC3_SetConfig
                0x00000000080034b4       0x70 Drivers/STM32F7xx_HAL_Driver/Src/stm32f7xx_hal_tim.o
 .text.TIM_OC4_SetConfig
                0x0000000008003524       0x50 Drivers/STM32F7xx_HAL_Driver/Src/stm32f7xx_hal_tim.o
 .text.TIM_OC5_SetConfig
                0x0000000008003574       0x50 Drivers/STM32F7xx_HAL_Driver/Src/stm32f7xx_hal_tim.o
 .text.TIM_OC6_SetConfig
                0x00000000080035c4       0x50 Drivers/STM32F7xx_HAL_Driver/Src/stm32f7xx_hal_tim.o
 .text.HAL_TIM_Base_Start
                0x0000000008003614       0x30 Drivers/STM32F7xx_HAL_Driver/Src/stm32f7xx_hal_tim.o
                0x0000000008003614                HAL_TIM_Base_Start
 .text.HAL_TIM_Base_Start_IT
                0x0000000008003644       0x2c Drivers/STM32F7xx_HAL_Driver/Src/stm32f7xx_hal_tim.o
                0x0000000008003644                HAL_TIM_Base_Start_IT
 .text.HAL_TIM_Base_Stop_IT
                0x0000000008003670       0x2a Drivers/STM32F7xx_HAL_Driver/Src/stm32f7xx_hal_tim.o
                0x0000000008003670                HAL_TIM_Base_Stop_IT
 .text.HAL_TIM_PWM_MspInit
                0x000000000800369a        0x2 Drivers/STM32F7xx_HAL_Driver/Src/stm32f7xx_hal_tim.o
                0x000000000800369a                HAL_TIM_PWM_MspInit
 .text.HAL_TIM_OC_DelayElapsedCallback
                0x000000000800369c        0x2 Drivers/STM32F7xx_HAL_Driver/Src/stm32f7xx_hal_tim.o
                0x000000000800369c                HAL_TIM_OC_DelayElapsedCallback
 .text.HAL_TIM_IC_CaptureCallback
                0x000000000800369e        0x2 Drivers/STM32F7xx_HAL_Driver/Src/stm32f7xx_hal_tim.o
                0x000000000800369e                HAL_TIM_IC_CaptureCallback
 .text.HAL_TIM_PWM_PulseFinishedCallback
                0x00000000080036a0        0x2 Drivers/STM32F7xx_HAL_Driver/Src/stm32f7xx_hal_tim.o
                0x00000000080036a0                HAL_TIM_PWM_PulseFinishedCallback
 .text.HAL_TIM_TriggerCallback
                0x00000000080036a2        0x2 Drivers/STM32F7xx_HAL_Driver/Src/stm32f7xx_hal_tim.o
                0x00000000080036a2                HAL_TIM_TriggerCallback
 .text.HAL_TIM_IRQHandler
                0x00000000080036a4      0x160 Drivers/STM32F7xx_HAL_Driver/Src/stm32f7xx_hal_tim.o
                0x00000000080036a4                HAL_TIM_IRQHandler
 .text.TIM_Base_SetConfig
                0x0000000008003804       0xcc Drivers/STM32F7xx_HAL_Driver/Src/stm32f7xx_hal_tim.o
                0x0000000008003804                TIM_Base_SetConfig
 .text.HAL_TIM_Base_Init
                0x00000000080038d0       0x34 Drivers/STM32F7xx_HAL_Driver/Src/stm32f7xx_hal_tim.o
                0x00000000080038d0                HAL_TIM_Base_Init
 .text.HAL_TIM_PWM_Init
                0x0000000008003904       0x34 Drivers/STM32F7xx_HAL_Driver/Src/stm32f7xx_hal_tim.o
                0x0000000008003904                HAL_TIM_PWM_Init
 .text.TIM_OC2_SetConfig
                0x0000000008003938       0x70 Drivers/STM32F7xx_HAL_Driver/Src/stm32f7xx_hal_tim.o
                0x0000000008003938                TIM_OC2_SetConfig
 .text.HAL_TIM_PWM_ConfigChannel
                0x00000000080039a8      0x10a Drivers/STM32F7xx_HAL_Driver/Src/stm32f7xx_hal_tim.o
                0x00000000080039a8                HAL_TIM_PWM_ConfigChannel
 .text.TIM_ETR_SetConfig
                0x0000000008003ab2       0x14 Drivers/STM32F7xx_HAL_Driver/Src/stm32f7xx_hal_tim.o
                0x0000000008003ab2                TIM_ETR_SetConfig
 *fill*         0x0000000008003ac6        0x2 
 .text.HAL_TIM_ConfigClockSource
                0x0000000008003ac8      0x128 Drivers/STM32F7xx_HAL_Driver/Src/stm32f7xx_hal_tim.o
                0x0000000008003ac8                HAL_TIM_ConfigClockSource
 .text.TIM_CCxChannelCmd
                0x0000000008003bf0       0x1c Drivers/STM32F7xx_HAL_Driver/Src/stm32f7xx_hal_tim.o
                0x0000000008003bf0                TIM_CCxChannelCmd
 .text.HAL_TIM_OC_Start
                0x0000000008003c0c       0x48 Drivers/STM32F7xx_HAL_Driver/Src/stm32f7xx_hal_tim.o
                0x0000000008003c0c                HAL_TIM_OC_Start
 .text.HAL_TIM_PWM_Start
                0x0000000008003c54        0x4 Drivers/STM32F7xx_HAL_Driver/Src/stm32f7xx_hal_tim.o
                0x0000000008003c54                HAL_TIM_PWM_Start
 .text.HAL_TIM_PWM_Stop
                0x0000000008003c58       0x64 Drivers/STM32F7xx_HAL_Driver/Src/stm32f7xx_hal_tim.o
                0x0000000008003c58                HAL_TIM_PWM_Stop
 .text.HAL_TIMEx_MasterConfigSynchronization
                0x0000000008003cbc       0x9c Drivers/STM32F7xx_HAL_Driver/Src/stm32f7xx_hal_tim_ex.o
                0x0000000008003cbc                HAL_TIMEx_MasterConfigSynchronization
 .text.HAL_TIMEx_ConfigBreakDeadTime
                0x0000000008003d58       0x84 Drivers/STM32F7xx_HAL_Driver/Src/stm32f7xx_hal_tim_ex.o
                0x0000000008003d58                HAL_TIMEx_ConfigBreakDeadTime
 .text.HAL_TIMEx_CommutCallback
                0x0000000008003ddc        0x2 Drivers/STM32F7xx_HAL_Driver/Src/stm32f7xx_hal_tim_ex.o
                0x0000000008003ddc                HAL_TIMEx_CommutCallback
 .text.HAL_TIMEx_BreakCallback
                0x0000000008003dde        0x2 Drivers/STM32F7xx_HAL_Driver/Src/stm32f7xx_hal_tim_ex.o
                0x0000000008003dde                HAL_TIMEx_BreakCallback
 .text.HAL_TIMEx_Break2Callback
                0x0000000008003de0        0x2 Drivers/STM32F7xx_HAL_Driver/Src/stm32f7xx_hal_tim_ex.o
                0x0000000008003de0                HAL_TIMEx_Break2Callback
 *fill*         0x0000000008003de2        0x2 
 .text.osKernelInitialize
                0x0000000008003de4       0x34 Middlewares/Third_Party/FreeRTOS/Source/CMSIS_RTOS_V2/cmsis_os2.o
                0x0000000008003de4                osKernelInitialize
 .text.osKernelStart
                0x0000000008003e18       0x40 Middlewares/Third_Party/FreeRTOS/Source/CMSIS_RTOS_V2/cmsis_os2.o
                0x0000000008003e18                osKernelStart
 .text.osThreadNew
                0x0000000008003e58       0xb0 Middlewares/Third_Party/FreeRTOS/Source/CMSIS_RTOS_V2/cmsis_os2.o
                0x0000000008003e58                osThreadNew
 .text.osDelay  0x0000000008003f08       0x34 Middlewares/Third_Party/FreeRTOS/Source/CMSIS_RTOS_V2/cmsis_os2.o
                0x0000000008003f08                osDelay
 .text.osMutexNew
                0x0000000008003f3c       0x84 Middlewares/Third_Party/FreeRTOS/Source/CMSIS_RTOS_V2/cmsis_os2.o
                0x0000000008003f3c                osMutexNew
 .text.osMutexAcquire
                0x0000000008003fc0       0x60 Middlewares/Third_Party/FreeRTOS/Source/CMSIS_RTOS_V2/cmsis_os2.o
                0x0000000008003fc0                osMutexAcquire
 .text.osMutexRelease
                0x0000000008004020       0x54 Middlewares/Third_Party/FreeRTOS/Source/CMSIS_RTOS_V2/cmsis_os2.o
                0x0000000008004020                osMutexRelease
 .text.osMessageQueueNew
                0x0000000008004074       0x8c Middlewares/Third_Party/FreeRTOS/Source/CMSIS_RTOS_V2/cmsis_os2.o
                0x0000000008004074                osMessageQueueNew
 .text.osMessageQueuePut
                0x0000000008004100       0x84 Middlewares/Third_Party/FreeRTOS/Source/CMSIS_RTOS_V2/cmsis_os2.o
                0x0000000008004100                osMessageQueuePut
 .text.osMessageQueueGet
                0x0000000008004184       0x80 Middlewares/Third_Party/FreeRTOS/Source/CMSIS_RTOS_V2/cmsis_os2.o
                0x0000000008004184                osMessageQueueGet
 .text.osMessageQueueReset
                0x0000000008004204       0x38 Middlewares/Third_Party/FreeRTOS/Source/CMSIS_RTOS_V2/cmsis_os2.o
                0x0000000008004204                osMessageQueueReset
 .text.vApplicationGetIdleTaskMemory
                0x000000000800423c       0x18 Middlewares/Third_Party/FreeRTOS/Source/CMSIS_RTOS_V2/cmsis_os2.o
                0x000000000800423c                vApplicationGetIdleTaskMemory
 .text.vApplicationGetTimerTaskMemory
                0x0000000008004254       0x18 Middlewares/Third_Party/FreeRTOS/Source/CMSIS_RTOS_V2/cmsis_os2.o
                0x0000000008004254                vApplicationGetTimerTaskMemory
 .text.vListInitialise
                0x000000000800426c       0x16 Middlewares/Third_Party/FreeRTOS/Source/list.o
                0x000000000800426c                vListInitialise
 .text.vListInitialiseItem
                0x0000000008004282        0x6 Middlewares/Third_Party/FreeRTOS/Source/list.o
                0x0000000008004282                vListInitialiseItem
 .text.vListInsertEnd
                0x0000000008004288       0x18 Middlewares/Third_Party/FreeRTOS/Source/list.o
                0x0000000008004288                vListInsertEnd
 .text.vListInsert
                0x00000000080042a0       0x2e Middlewares/Third_Party/FreeRTOS/Source/list.o
                0x00000000080042a0                vListInsert
 .text.uxListRemove
                0x00000000080042ce       0x22 Middlewares/Third_Party/FreeRTOS/Source/list.o
                0x00000000080042ce                uxListRemove
 .text.prvIsQueueEmpty
                0x00000000080042f0       0x16 Middlewares/Third_Party/FreeRTOS/Source/queue.o
 .text.prvCopyDataToQueue
                0x0000000008004306       0x66 Middlewares/Third_Party/FreeRTOS/Source/queue.o
 .text.prvCopyDataFromQueue
                0x000000000800436c       0x2a Middlewares/Third_Party/FreeRTOS/Source/queue.o
 .text.prvUnlockQueue
                0x0000000008004396       0x70 Middlewares/Third_Party/FreeRTOS/Source/queue.o
 *fill*         0x0000000008004406        0x2 
 .text.xQueueGenericReset
                0x0000000008004408       0x84 Middlewares/Third_Party/FreeRTOS/Source/queue.o
                0x0000000008004408                xQueueGenericReset
 .text.xQueueGenericCreateStatic
                0x000000000800448c       0xb0 Middlewares/Third_Party/FreeRTOS/Source/queue.o
                0x000000000800448c                xQueueGenericCreateStatic
 .text.xQueueGenericCreate
                0x000000000800453c       0x52 Middlewares/Third_Party/FreeRTOS/Source/queue.o
                0x000000000800453c                xQueueGenericCreate
 *fill*         0x000000000800458e        0x2 
 .text.xQueueGenericSend
                0x0000000008004590      0x174 Middlewares/Third_Party/FreeRTOS/Source/queue.o
                0x0000000008004590                xQueueGenericSend
 .text.xQueueCreateMutexStatic
                0x0000000008004704       0x2a Middlewares/Third_Party/FreeRTOS/Source/queue.o
                0x0000000008004704                xQueueCreateMutexStatic
 .text.xQueueGiveMutexRecursive
                0x000000000800472e       0x40 Middlewares/Third_Party/FreeRTOS/Source/queue.o
                0x000000000800472e                xQueueGiveMutexRecursive
 .text.xQueueCreateMutex
                0x000000000800476e       0x24 Middlewares/Third_Party/FreeRTOS/Source/queue.o
                0x000000000800476e                xQueueCreateMutex
 .text.xQueueGenericSendFromISR
                0x0000000008004792       0xd2 Middlewares/Third_Party/FreeRTOS/Source/queue.o
                0x0000000008004792                xQueueGenericSendFromISR
 .text.xQueueGiveFromISR
                0x0000000008004864       0xb8 Middlewares/Third_Party/FreeRTOS/Source/queue.o
                0x0000000008004864                xQueueGiveFromISR
 .text.xQueueReceive
                0x000000000800491c      0x14c Middlewares/Third_Party/FreeRTOS/Source/queue.o
                0x000000000800491c                xQueueReceive
 .text.xQueueSemaphoreTake
                0x0000000008004a68      0x194 Middlewares/Third_Party/FreeRTOS/Source/queue.o
                0x0000000008004a68                xQueueSemaphoreTake
 .text.xQueueTakeMutexRecursive
                0x0000000008004bfc       0x46 Middlewares/Third_Party/FreeRTOS/Source/queue.o
                0x0000000008004bfc                xQueueTakeMutexRecursive
 .text.xQueueReceiveFromISR
                0x0000000008004c42       0xaa Middlewares/Third_Party/FreeRTOS/Source/queue.o
                0x0000000008004c42                xQueueReceiveFromISR
 .text.vQueueAddToRegistry
                0x0000000008004cec       0x24 Middlewares/Third_Party/FreeRTOS/Source/queue.o
                0x0000000008004cec                vQueueAddToRegistry
 .text.vQueueWaitForMessageRestricted
                0x0000000008004d10       0x46 Middlewares/Third_Party/FreeRTOS/Source/queue.o
                0x0000000008004d10                vQueueWaitForMessageRestricted
 *fill*         0x0000000008004d56        0x2 
 .text.prvAddNewTaskToReadyList
                0x0000000008004d58       0xfc Middlewares/Third_Party/FreeRTOS/Source/tasks.o
 .text.prvDeleteTCB
                0x0000000008004e54       0x3a Middlewares/Third_Party/FreeRTOS/Source/tasks.o
 *fill*         0x0000000008004e8e        0x2 
 .text.prvIdleTask
                0x0000000008004e90       0x64 Middlewares/Third_Party/FreeRTOS/Source/tasks.o
 .text.prvResetNextTaskUnblockTime
                0x0000000008004ef4       0x24 Middlewares/Third_Party/FreeRTOS/Source/tasks.o
 .text.prvInitialiseNewTask.isra.2
                0x0000000008004f18       0x96 Middlewares/Third_Party/FreeRTOS/Source/tasks.o
 *fill*         0x0000000008004fae        0x2 
 .text.prvAddCurrentTaskToDelayedList
                0x0000000008004fb0       0x74 Middlewares/Third_Party/FreeRTOS/Source/tasks.o
 .text.xTaskCreateStatic
                0x0000000008005024       0x7c Middlewares/Third_Party/FreeRTOS/Source/tasks.o
                0x0000000008005024                xTaskCreateStatic
 .text.xTaskCreate
                0x00000000080050a0       0x5a Middlewares/Third_Party/FreeRTOS/Source/tasks.o
                0x00000000080050a0                xTaskCreate
 *fill*         0x00000000080050fa        0x2 
 .text.vTaskDelete
                0x00000000080050fc       0xb4 Middlewares/Third_Party/FreeRTOS/Source/tasks.o
                0x00000000080050fc                vTaskDelete
 .text.vTaskStartScheduler
                0x00000000080051b0       0x90 Middlewares/Third_Party/FreeRTOS/Source/tasks.o
                0x00000000080051b0                vTaskStartScheduler
 .text.vTaskSuspendAll
                0x0000000008005240       0x10 Middlewares/Third_Party/FreeRTOS/Source/tasks.o
                0x0000000008005240                vTaskSuspendAll
 .text.xTaskGetTickCount
                0x0000000008005250        0xc Middlewares/Third_Party/FreeRTOS/Source/tasks.o
                0x0000000008005250                xTaskGetTickCount
 .text.xTaskIncrementTick
                0x000000000800525c      0x124 Middlewares/Third_Party/FreeRTOS/Source/tasks.o
                0x000000000800525c                xTaskIncrementTick
 .text.xTaskResumeAll
                0x0000000008005380       0xec Middlewares/Third_Party/FreeRTOS/Source/tasks.o
                0x0000000008005380                xTaskResumeAll
 .text.vTaskDelay
                0x000000000800546c       0x4c Middlewares/Third_Party/FreeRTOS/Source/tasks.o
                0x000000000800546c                vTaskDelay
 .text.vTaskSwitchContext
                0x00000000080054b8       0x7c Middlewares/Third_Party/FreeRTOS/Source/tasks.o
                0x00000000080054b8                vTaskSwitchContext
 .text.vTaskPlaceOnEventList
                0x0000000008005534       0x38 Middlewares/Third_Party/FreeRTOS/Source/tasks.o
                0x0000000008005534                vTaskPlaceOnEventList
 .text.vTaskPlaceOnEventListRestricted
                0x000000000800556c       0x40 Middlewares/Third_Party/FreeRTOS/Source/tasks.o
                0x000000000800556c                vTaskPlaceOnEventListRestricted
 .text.xTaskRemoveFromEventList
                0x00000000080055ac       0x88 Middlewares/Third_Party/FreeRTOS/Source/tasks.o
                0x00000000080055ac                xTaskRemoveFromEventList
 .text.vTaskInternalSetTimeOutState
                0x0000000008005634       0x18 Middlewares/Third_Party/FreeRTOS/Source/tasks.o
                0x0000000008005634                vTaskInternalSetTimeOutState
 .text.xTaskCheckForTimeOut
                0x000000000800564c       0x80 Middlewares/Third_Party/FreeRTOS/Source/tasks.o
                0x000000000800564c                xTaskCheckForTimeOut
 .text.vTaskMissedYield
                0x00000000080056cc        0xc Middlewares/Third_Party/FreeRTOS/Source/tasks.o
                0x00000000080056cc                vTaskMissedYield
 .text.xTaskGetCurrentTaskHandle
                0x00000000080056d8        0xc Middlewares/Third_Party/FreeRTOS/Source/tasks.o
                0x00000000080056d8                xTaskGetCurrentTaskHandle
 .text.xTaskGetSchedulerState
                0x00000000080056e4       0x20 Middlewares/Third_Party/FreeRTOS/Source/tasks.o
                0x00000000080056e4                xTaskGetSchedulerState
 .text.xTaskPriorityInherit
                0x0000000008005704       0x80 Middlewares/Third_Party/FreeRTOS/Source/tasks.o
                0x0000000008005704                xTaskPriorityInherit
 .text.xTaskPriorityDisinherit
                0x0000000008005784       0x8c Middlewares/Third_Party/FreeRTOS/Source/tasks.o
                0x0000000008005784                xTaskPriorityDisinherit
 .text.vTaskPriorityDisinheritAfterTimeout
                0x0000000008005810       0xa4 Middlewares/Third_Party/FreeRTOS/Source/tasks.o
                0x0000000008005810                vTaskPriorityDisinheritAfterTimeout
 .text.pvTaskIncrementMutexHeldCount
                0x00000000080058b4       0x18 Middlewares/Third_Party/FreeRTOS/Source/tasks.o
                0x00000000080058b4                pvTaskIncrementMutexHeldCount
 .text.prvCheckForValidListAndQueue
                0x00000000080058cc       0x68 Middlewares/Third_Party/FreeRTOS/Source/timers.o
 .text.prvInsertTimerInActiveList
                0x0000000008005934       0x3c Middlewares/Third_Party/FreeRTOS/Source/timers.o
 .text.xTimerCreateTimerTask
                0x0000000008005970       0x68 Middlewares/Third_Party/FreeRTOS/Source/timers.o
                0x0000000008005970                xTimerCreateTimerTask
 .text.xTimerGenericCommand
                0x00000000080059d8       0x5c Middlewares/Third_Party/FreeRTOS/Source/timers.o
                0x00000000080059d8                xTimerGenericCommand
 .text.prvSwitchTimerLists
                0x0000000008005a34       0x84 Middlewares/Third_Party/FreeRTOS/Source/timers.o
 .text.prvTimerTask
                0x0000000008005ab8      0x22c Middlewares/Third_Party/FreeRTOS/Source/timers.o
 .text.prvTaskExitError
                0x0000000008005ce4       0x48 Middlewares/Third_Party/FreeRTOS/Source/portable/GCC/ARM_CM7/r0p1/port.o
 .text.unlikely.prvPortStartFirstTask
                0x0000000008005d2c       0x28 Middlewares/Third_Party/FreeRTOS/Source/portable/GCC/ARM_CM7/r0p1/port.o
 .text.unlikely.vPortEnableVFP
                0x0000000008005d54       0x14 Middlewares/Third_Party/FreeRTOS/Source/portable/GCC/ARM_CM7/r0p1/port.o
 .text.pxPortInitialiseStack
                0x0000000008005d68       0x24 Middlewares/Third_Party/FreeRTOS/Source/portable/GCC/ARM_CM7/r0p1/port.o
                0x0000000008005d68                pxPortInitialiseStack
 *fill*         0x0000000008005d8c        0x4 
 .text.SVC_Handler
                0x0000000008005d90       0x24 Middlewares/Third_Party/FreeRTOS/Source/portable/GCC/ARM_CM7/r0p1/port.o
                0x0000000008005d90                SVC_Handler
 .text.vPortEnterCritical
                0x0000000008005db4       0x4c Middlewares/Third_Party/FreeRTOS/Source/portable/GCC/ARM_CM7/r0p1/port.o
                0x0000000008005db4                vPortEnterCritical
 .text.vPortExitCritical
                0x0000000008005e00       0x2c Middlewares/Third_Party/FreeRTOS/Source/portable/GCC/ARM_CM7/r0p1/port.o
                0x0000000008005e00                vPortExitCritical
 *fill*         0x0000000008005e2c        0x4 
 .text.PendSV_Handler
                0x0000000008005e30       0x64 Middlewares/Third_Party/FreeRTOS/Source/portable/GCC/ARM_CM7/r0p1/port.o
                0x0000000008005e30                PendSV_Handler
 .text.xPortSysTickHandler
                0x0000000008005e94       0x30 Middlewares/Third_Party/FreeRTOS/Source/portable/GCC/ARM_CM7/r0p1/port.o
                0x0000000008005e94                xPortSysTickHandler
 .text.vPortSetupTimerInterrupt
                0x0000000008005ec4       0x34 Middlewares/Third_Party/FreeRTOS/Source/portable/GCC/ARM_CM7/r0p1/port.o
                0x0000000008005ec4                vPortSetupTimerInterrupt
 .text.xPortStartScheduler
                0x0000000008005ef8       0xcc Middlewares/Third_Party/FreeRTOS/Source/portable/GCC/ARM_CM7/r0p1/port.o
                0x0000000008005ef8                xPortStartScheduler
 .text.vPortValidateInterruptPriority
                0x0000000008005fc4       0x64 Middlewares/Third_Party/FreeRTOS/Source/portable/GCC/ARM_CM7/r0p1/port.o
                0x0000000008005fc4                vPortValidateInterruptPriority
 .text.unlikely.prvInsertBlockIntoFreeList
                0x0000000008006028       0x48 Middlewares/Third_Party/FreeRTOS/Source/portable/MemMang/heap_4.o
 .text.pvPortMalloc
                0x0000000008006070      0x120 Middlewares/Third_Party/FreeRTOS/Source/portable/MemMang/heap_4.o
                0x0000000008006070                pvPortMalloc
 .text.vPortFree
                0x0000000008006190       0x78 Middlewares/Third_Party/FreeRTOS/Source/portable/MemMang/heap_4.o
                0x0000000008006190                vPortFree
 .text.MP3ClearBadFrame
                0x0000000008006208       0x24 Mp3Helix/mp3dec.o
 .text.MP3InitDecoder
                0x000000000800622c        0x4 Mp3Helix/mp3dec.o
                0x000000000800622c                MP3InitDecoder
 .text.MP3FindSyncWord
                0x0000000008006230       0x26 Mp3Helix/mp3dec.o
                0x0000000008006230                MP3FindSyncWord
 *fill*         0x0000000008006256        0x2 
 .text.MP3GetLastFrameInfo
                0x0000000008006258       0x54 Mp3Helix/mp3dec.o
                0x0000000008006258                MP3GetLastFrameInfo
 .text.MP3GetNextFrameInfo
                0x00000000080062ac       0x32 Mp3Helix/mp3dec.o
                0x00000000080062ac                MP3GetNextFrameInfo
 .text.MP3Decode
                0x00000000080062de      0x314 Mp3Helix/mp3dec.o
                0x00000000080062de                MP3Decode
 .text.xmp3_SetBitstreamPointer
                0x00000000080065f2        0xc Mp3Helix/real/bitstream.o
                0x00000000080065f2                xmp3_SetBitstreamPointer
 .text.xmp3_GetBits
                0x00000000080065fe       0xb0 Mp3Helix/real/bitstream.o
                0x00000000080065fe                xmp3_GetBits
 .text.xmp3_CalcBitsUsed
                0x00000000080066ae        0xe Mp3Helix/real/bitstream.o
                0x00000000080066ae                xmp3_CalcBitsUsed
 .text.xmp3_CheckPadBit
                0x00000000080066bc       0x16 Mp3Helix/real/bitstream.o
                0x00000000080066bc                xmp3_CheckPadBit
 *fill*         0x00000000080066d2        0x2 
 .text.xmp3_UnpackFrameHeader
                0x00000000080066d4      0x1cc Mp3Helix/real/bitstream.o
                0x00000000080066d4                xmp3_UnpackFrameHeader
 .text.xmp3_UnpackSideInfo
                0x00000000080068a0      0x20c Mp3Helix/real/bitstream.o
                0x00000000080068a0                xmp3_UnpackSideInfo
 .text.ClearBuffer
                0x0000000008006aac        0xe Mp3Helix/real/buffers.o
 .text.xmp3_FreeBuffers
                0x0000000008006aba       0x60 Mp3Helix/real/buffers.o
                0x0000000008006aba                xmp3_FreeBuffers
 .text.xmp3_AllocateBuffers
                0x0000000008006b1a       0xda Mp3Helix/real/buffers.o
                0x0000000008006b1a                xmp3_AllocateBuffers
 .text.xmp3_FDCT32
                0x0000000008006bf4      0x61c Mp3Helix/real/dct32.o
                0x0000000008006bf4                xmp3_FDCT32
 .text.xmp3_Dequantize
                0x0000000008007210      0x240 Mp3Helix/real/dequant.o
                0x0000000008007210                xmp3_Dequantize
 .text.DequantBlock
                0x0000000008007450      0x194 Mp3Helix/real/dqchan.o
 .text.xmp3_DequantChannel
                0x00000000080075e4      0x22c Mp3Helix/real/dqchan.o
                0x00000000080075e4                xmp3_DequantChannel
 .text.xmp3_DecodeHuffman
                0x0000000008007810      0x66c Mp3Helix/real/huffman.o
                0x0000000008007810                xmp3_DecodeHuffman
 .text.FreqInvertRescale
                0x0000000008007e7c      0x156 Mp3Helix/real/imdct.o
 *fill*         0x0000000008007fd2        0x2 
 .text.idct9    0x0000000008007fd4      0x11c Mp3Helix/real/imdct.o
 .text.imdct12  0x00000000080080f0       0x98 Mp3Helix/real/imdct.o
 .text.WinPrevious
                0x0000000008008188      0x120 Mp3Helix/real/imdct.o
 .text.xmp3_IMDCT
                0x00000000080082a8      0x898 Mp3Helix/real/imdct.o
                0x00000000080082a8                xmp3_IMDCT
 .text.xmp3_UnpackScaleFactors
                0x0000000008008b40      0x63c Mp3Helix/real/scalfact.o
                0x0000000008008b40                xmp3_UnpackScaleFactors
 .text.xmp3_MidSideProc
                0x000000000800917c       0x50 Mp3Helix/real/stproc.o
                0x000000000800917c                xmp3_MidSideProc
 .text.xmp3_IntensityProcMPEG1
                0x00000000080091cc      0x298 Mp3Helix/real/stproc.o
                0x00000000080091cc                xmp3_IntensityProcMPEG1
 .text.xmp3_IntensityProcMPEG2
                0x0000000008009464      0x264 Mp3Helix/real/stproc.o
                0x0000000008009464                xmp3_IntensityProcMPEG2
 .text.xmp3_Subband
                0x00000000080096c8       0xf4 Mp3Helix/real/subband.o
                0x00000000080096c8                xmp3_Subband
 .text.SetRowSpecBrightness.constprop.0
                0x00000000080097bc       0x24 Src/effects.o
 .text.HAL_TIM_PeriodElapsedCallback
                0x00000000080097e0      0x12c Src/effects.o
                0x00000000080097e0                HAL_TIM_PeriodElapsedCallback
 .text.effect_fill
                0x000000000800990c       0x34 Src/effects.o
                0x000000000800990c                effect_fill
 .text.effect_start
                0x0000000008009940       0xb4 Src/effects.o
                0x0000000008009940                effect_start
 .text.effect_stop
                0x00000000080099f4       0x70 Src/effects.o
                0x00000000080099f4                effect_stop
 .text.effect_boot
                0x0000000008009a64       0x6c Src/effects.o
                0x0000000008009a64                effect_boot
 .text.effect_putch
                0x0000000008009ad0       0x80 Src/effects.o
                0x0000000008009ad0                effect_putch
 .text.effect_print
                0x0000000008009b50      0x11c Src/effects.o
                0x0000000008009b50                effect_print
 .text.effect_smile
                0x0000000008009c6c      0x1a0 Src/effects.o
                0x0000000008009c6c                effect_smile
 .text.effect_savestate
                0x0000000008009e0c       0x34 Src/effects.o
                0x0000000008009e0c                effect_savestate
 .text.effect_restorestate
                0x0000000008009e40       0x34 Src/effects.o
                0x0000000008009e40                effect_restorestate
 .text.effect_decreasebright
                0x0000000008009e74       0x40 Src/effects.o
                0x0000000008009e74                effect_decreasebright
 .text.effect_setbacklightpercent
                0x0000000008009eb4       0xa8 Src/effects.o
                0x0000000008009eb4                effect_setbacklightpercent
 .text.effect_setbacklighttwohalfspercent
                0x0000000008009f5c       0xec Src/effects.o
                0x0000000008009f5c                effect_setbacklighttwohalfspercent
 .text.effect_settwohalfspercent
                0x000000000800a048      0x130 Src/effects.o
                0x000000000800a048                effect_settwohalfspercent
 .text.effect_setpercent
                0x000000000800a178       0xec Src/effects.o
                0x000000000800a178                effect_setpercent
 .text.effect_fill_special
                0x000000000800a264      0x29c Src/effects.o
                0x000000000800a264                effect_fill_special
 .text.effect_setpercentfromto
                0x000000000800a500      0x168 Src/effects.o
                0x000000000800a500                effect_setpercentfromto
 .text.effect_circle
                0x000000000800a668       0xa4 Src/effects.o
                0x000000000800a668                effect_circle
 .text.font_get
                0x000000000800a70c      0xf94 Src/font.o
                0x000000000800a70c                font_get
 .text.SCB_CleanDCache_by_Addr
                0x000000000800b6a0       0x28 Src/freertos.o
 .text.StartDisplayTask
                0x000000000800b6c8       0x54 Src/freertos.o
 .text.MP3_PeriodElapsedHalfCplt
                0x000000000800b71c       0x4c Src/freertos.o
 .text.MP3_PeriodElapsedCplt
                0x000000000800b768       0x4c Src/freertos.o
 .text.StartPlayback
                0x000000000800b7b4      0x15c Src/freertos.o
 .text.ADC_Handle.constprop.1
                0x000000000800b910      0x148 Src/freertos.o
 .text.HAL_ADC_ConvCpltCallback
                0x000000000800ba58       0x18 Src/freertos.o
                0x000000000800ba58                HAL_ADC_ConvCpltCallback
 .text.HAL_ADC_ConvHalfCpltCallback
                0x000000000800ba70       0x18 Src/freertos.o
                0x000000000800ba70                HAL_ADC_ConvHalfCpltCallback
 .text.HAL_GPIO_EXTI_Callback
                0x000000000800ba88       0x3c Src/freertos.o
                0x000000000800ba88                HAL_GPIO_EXTI_Callback
 .text.StartControlTask
                0x000000000800bac4      0x1c4 Src/freertos.o
                0x000000000800bac4                StartControlTask
 .text.StartPlaybackTask
                0x000000000800bc88      0x344 Src/freertos.o
                0x000000000800bc88                StartPlaybackTask
 .text.StartSpiReadTask
                0x000000000800bfcc       0xf0 Src/freertos.o
                0x000000000800bfcc                StartSpiReadTask
 .text.HAL_SPI_TxCpltCallback
                0x000000000800c0bc       0x10 Src/freertos.o
                0x000000000800c0bc                HAL_SPI_TxCpltCallback
 .text.HAL_SPI_RxCpltCallback
                0x000000000800c0cc       0x10 Src/freertos.o
                0x000000000800c0cc                HAL_SPI_RxCpltCallback
 .text.HAL_SPI_TxRxCpltCallback
                0x000000000800c0dc       0x10 Src/freertos.o
                0x000000000800c0dc                HAL_SPI_TxRxCpltCallback
 .text.SystemClock_Config
                0x000000000800c0ec       0xb0 Src/main.o
                0x000000000800c0ec                SystemClock_Config
 .text.startup.main
                0x000000000800c19c      0x580 Src/main.o
                0x000000000800c19c                main
 .text.Error_Handler
                0x000000000800c71c        0x2 Src/main.o
                0x000000000800c71c                Error_Handler
 *fill*         0x000000000800c71e        0x2 
 .text.out_updatecharginglevel
                0x000000000800c720       0x30 Src/outputs.o
                0x000000000800c720                out_updatecharginglevel
 .text.out_charging
                0x000000000800c750      0x1d4 Src/outputs.o
                0x000000000800c750                out_charging
 .text.out_batterylow
                0x000000000800c924      0x150 Src/outputs.o
                0x000000000800c924                out_batterylow
 .text.out_main
                0x000000000800ca74      0x4f0 Src/outputs.o
                0x000000000800ca74                out_main
 .text.SST25_TxCpltCallback
                0x000000000800cf64       0x1c Src/sst25vf032b.o
                0x000000000800cf64                SST25_TxCpltCallback
 .text.SST25_RxCpltCallback
                0x000000000800cf80       0x1c Src/sst25vf032b.o
                0x000000000800cf80                SST25_RxCpltCallback
 .text.SST25_TxRxCpltCallback
                0x000000000800cf9c       0x30 Src/sst25vf032b.o
                0x000000000800cf9c                SST25_TxRxCpltCallback
 .text.SST25_Init
                0x000000000800cfcc       0xcc Src/sst25vf032b.o
                0x000000000800cfcc                SST25_Init
 .text.SST25_Read
                0x000000000800d098       0x9c Src/sst25vf032b.o
                0x000000000800d098                SST25_Read
 .text.HAL_MspInit
                0x000000000800d134       0x3c Src/stm32f7xx_hal_msp.o
                0x000000000800d134                HAL_MspInit
 .text.HAL_ADC_MspInit
                0x000000000800d170       0x9c Src/stm32f7xx_hal_msp.o
                0x000000000800d170                HAL_ADC_MspInit
 .text.HAL_RNG_MspInit
                0x000000000800d20c       0x44 Src/stm32f7xx_hal_msp.o
                0x000000000800d20c                HAL_RNG_MspInit
 .text.HAL_SPI_MspInit
                0x000000000800d250       0xf8 Src/stm32f7xx_hal_msp.o
                0x000000000800d250                HAL_SPI_MspInit
 .text.HAL_TIM_Base_MspInit
                0x000000000800d348      0x11c Src/stm32f7xx_hal_msp.o
                0x000000000800d348                HAL_TIM_Base_MspInit
 .text.HAL_TIM_MspPostInit
                0x000000000800d464       0x54 Src/stm32f7xx_hal_msp.o
                0x000000000800d464                HAL_TIM_MspPostInit
 .text.NMI_Handler
                0x000000000800d4b8        0x2 Src/stm32f7xx_it.o
                0x000000000800d4b8                NMI_Handler
 .text.HardFault_Handler
                0x000000000800d4ba        0x2 Src/stm32f7xx_it.o
                0x000000000800d4ba                HardFault_Handler
 .text.MemManage_Handler
                0x000000000800d4bc        0x2 Src/stm32f7xx_it.o
                0x000000000800d4bc                MemManage_Handler
 .text.BusFault_Handler
                0x000000000800d4be        0x2 Src/stm32f7xx_it.o
                0x000000000800d4be                BusFault_Handler
 .text.UsageFault_Handler
                0x000000000800d4c0        0x2 Src/stm32f7xx_it.o
                0x000000000800d4c0                UsageFault_Handler
 .text.DebugMon_Handler
                0x000000000800d4c2        0x2 Src/stm32f7xx_it.o
                0x000000000800d4c2                DebugMon_Handler
 .text.SysTick_Handler
                0x000000000800d4c4       0x18 Src/stm32f7xx_it.o
                0x000000000800d4c4                SysTick_Handler
 .text.DMA1_Stream1_IRQHandler
                0x000000000800d4dc        0xc Src/stm32f7xx_it.o
                0x000000000800d4dc                DMA1_Stream1_IRQHandler
 .text.TIM7_IRQHandler
                0x000000000800d4e8        0xc Src/stm32f7xx_it.o
                0x000000000800d4e8                TIM7_IRQHandler
 .text.DMA2_Stream0_IRQHandler
                0x000000000800d4f4        0xc Src/stm32f7xx_it.o
                0x000000000800d4f4                DMA2_Stream0_IRQHandler
 .text.DMA2_Stream1_IRQHandler
                0x000000000800d500        0xc Src/stm32f7xx_it.o
                0x000000000800d500                DMA2_Stream1_IRQHandler
 .text.DMA2_Stream4_IRQHandler
                0x000000000800d50c        0xc Src/stm32f7xx_it.o
                0x000000000800d50c                DMA2_Stream4_IRQHandler
 .text.RNG_IRQHandler
                0x000000000800d518        0xc Src/stm32f7xx_it.o
                0x000000000800d518                RNG_IRQHandler
 .text.SPI4_IRQHandler
                0x000000000800d524        0xc Src/stm32f7xx_it.o
                0x000000000800d524                SPI4_IRQHandler
 .text.EXTI9_5_IRQHandler
                0x000000000800d530        0x8 Src/stm32f7xx_it.o
                0x000000000800d530                EXTI9_5_IRQHandler
 .text.SystemInit
                0x000000000800d538       0x1c Src/system_stm32f7xx.o
                0x000000000800d538                SystemInit
 .text.Reset_Handler
                0x000000000800d554       0x50 Startup/startup_stm32f745vetx.o
                0x000000000800d554                Reset_Handler
 .text.Default_Handler
                0x000000000800d5a4        0x2 Startup/startup_stm32f745vetx.o
                0x000000000800d5a4                RTC_Alarm_IRQHandler
                0x000000000800d5a4                EXTI2_IRQHandler
                0x000000000800d5a4                TIM8_CC_IRQHandler
                0x000000000800d5a4                UART8_IRQHandler
                0x000000000800d5a4                TIM1_CC_IRQHandler
                0x000000000800d5a4                DMA2_Stream5_IRQHandler
                0x000000000800d5a4                DMA1_Stream5_IRQHandler
                0x000000000800d5a4                PVD_IRQHandler
                0x000000000800d5a4                TAMP_STAMP_IRQHandler
                0x000000000800d5a4                CAN2_RX1_IRQHandler
                0x000000000800d5a4                EXTI3_IRQHandler
                0x000000000800d5a4                TIM8_TRG_COM_TIM14_IRQHandler
                0x000000000800d5a4                TIM1_UP_TIM10_IRQHandler
                0x000000000800d5a4                TIM8_UP_TIM13_IRQHandler
                0x000000000800d5a4                I2C3_ER_IRQHandler
                0x000000000800d5a4                EXTI0_IRQHandler
                0x000000000800d5a4                I2C2_EV_IRQHandler
                0x000000000800d5a4                DMA1_Stream2_IRQHandler
                0x000000000800d5a4                CAN1_RX0_IRQHandler
                0x000000000800d5a4                FPU_IRQHandler
                0x000000000800d5a4                OTG_HS_WKUP_IRQHandler
                0x000000000800d5a4                CAN2_SCE_IRQHandler
                0x000000000800d5a4                DMA2_Stream2_IRQHandler
                0x000000000800d5a4                SPI1_IRQHandler
                0x000000000800d5a4                TIM6_DAC_IRQHandler
                0x000000000800d5a4                TIM1_BRK_TIM9_IRQHandler
                0x000000000800d5a4                DCMI_IRQHandler
                0x000000000800d5a4                CAN2_RX0_IRQHandler
                0x000000000800d5a4                DMA2_Stream3_IRQHandler
                0x000000000800d5a4                SAI2_IRQHandler
                0x000000000800d5a4                USART6_IRQHandler
                0x000000000800d5a4                USART3_IRQHandler
                0x000000000800d5a4                CAN1_RX1_IRQHandler
                0x000000000800d5a4                UART5_IRQHandler
                0x000000000800d5a4                TIM4_IRQHandler
                0x000000000800d5a4                QUADSPI_IRQHandler
                0x000000000800d5a4                I2C1_EV_IRQHandler
                0x000000000800d5a4                DMA1_Stream6_IRQHandler
                0x000000000800d5a4                UART4_IRQHandler
                0x000000000800d5a4                TIM3_IRQHandler
                0x000000000800d5a4                RCC_IRQHandler
                0x000000000800d5a4                TIM8_BRK_TIM12_IRQHandler
                0x000000000800d5a4                Default_Handler
                0x000000000800d5a4                CEC_IRQHandler
                0x000000000800d5a4                EXTI15_10_IRQHandler
                0x000000000800d5a4                ADC_IRQHandler
                0x000000000800d5a4                DMA1_Stream7_IRQHandler
                0x000000000800d5a4                SPI5_IRQHandler
                0x000000000800d5a4                SDMMC1_IRQHandler
                0x000000000800d5a4                CAN2_TX_IRQHandler
                0x000000000800d5a4                TIM5_IRQHandler
                0x000000000800d5a4                DMA2_Stream7_IRQHandler
                0x000000000800d5a4                I2C3_EV_IRQHandler
                0x000000000800d5a4                RTC_WKUP_IRQHandler
                0x000000000800d5a4                ETH_WKUP_IRQHandler
                0x000000000800d5a4                SPDIF_RX_IRQHandler
                0x000000000800d5a4                SPI2_IRQHandler
                0x000000000800d5a4                OTG_HS_EP1_IN_IRQHandler
                0x000000000800d5a4                DMA1_Stream0_IRQHandler
                0x000000000800d5a4                CAN1_TX_IRQHandler
                0x000000000800d5a4                EXTI4_IRQHandler
                0x000000000800d5a4                ETH_IRQHandler
                0x000000000800d5a4                OTG_HS_EP1_OUT_IRQHandler
                0x000000000800d5a4                WWDG_IRQHandler
                0x000000000800d5a4                SPI6_IRQHandler
                0x000000000800d5a4                I2C4_EV_IRQHandler
                0x000000000800d5a4                TIM2_IRQHandler
                0x000000000800d5a4                OTG_FS_WKUP_IRQHandler
                0x000000000800d5a4                TIM1_TRG_COM_TIM11_IRQHandler
                0x000000000800d5a4                OTG_HS_IRQHandler
                0x000000000800d5a4                DMA2D_IRQHandler
                0x000000000800d5a4                EXTI1_IRQHandler
                0x000000000800d5a4                UART7_IRQHandler
                0x000000000800d5a4                USART2_IRQHandler
                0x000000000800d5a4                I2C2_ER_IRQHandler
                0x000000000800d5a4                CAN1_SCE_IRQHandler
                0x000000000800d5a4                FLASH_IRQHandler
                0x000000000800d5a4                USART1_IRQHandler
                0x000000000800d5a4                OTG_FS_IRQHandler
                0x000000000800d5a4                SPI3_IRQHandler
                0x000000000800d5a4                DMA1_Stream4_IRQHandler
                0x000000000800d5a4                I2C1_ER_IRQHandler
                0x000000000800d5a4                FMC_IRQHandler
                0x000000000800d5a4                LPTIM1_IRQHandler
                0x000000000800d5a4                I2C4_ER_IRQHandler
                0x000000000800d5a4                DMA2_Stream6_IRQHandler
                0x000000000800d5a4                SAI1_IRQHandler
                0x000000000800d5a4                DMA1_Stream3_IRQHandler
 *fill*         0x000000000800d5a6        0x2 
 .text.__errno  0x000000000800d5a8        0xc c:/st/stm32cubeide_1.3.0/stm32cubeide/plugins/com.st.stm32cube.ide.mcu.externaltools.gnu-tools-for-stm32.7-2018-q2-update.win32_1.0.0.201904181610/tools/bin/../lib/gcc/arm-none-eabi/7.3.1/../../../../arm-none-eabi/lib/thumb/v7e-m/fpv4-sp/hard\libc_nano.a(lib_a-errno.o)
                0x000000000800d5a8                __errno
 .text.__libc_init_array
                0x000000000800d5b4       0x48 c:/st/stm32cubeide_1.3.0/stm32cubeide/plugins/com.st.stm32cube.ide.mcu.externaltools.gnu-tools-for-stm32.7-2018-q2-update.win32_1.0.0.201904181610/tools/bin/../lib/gcc/arm-none-eabi/7.3.1/../../../../arm-none-eabi/lib/thumb/v7e-m/fpv4-sp/hard\libc_nano.a(lib_a-init.o)
                0x000000000800d5b4                __libc_init_array
 .text.memcpy   0x000000000800d5fc       0x16 c:/st/stm32cubeide_1.3.0/stm32cubeide/plugins/com.st.stm32cube.ide.mcu.externaltools.gnu-tools-for-stm32.7-2018-q2-update.win32_1.0.0.201904181610/tools/bin/../lib/gcc/arm-none-eabi/7.3.1/../../../../arm-none-eabi/lib/thumb/v7e-m/fpv4-sp/hard\libc_nano.a(lib_a-memcpy-stub.o)
                0x000000000800d5fc                memcpy
 .text.memmove  0x000000000800d612       0x32 c:/st/stm32cubeide_1.3.0/stm32cubeide/plugins/com.st.stm32cube.ide.mcu.externaltools.gnu-tools-for-stm32.7-2018-q2-update.win32_1.0.0.201904181610/tools/bin/../lib/gcc/arm-none-eabi/7.3.1/../../../../arm-none-eabi/lib/thumb/v7e-m/fpv4-sp/hard\libc_nano.a(lib_a-memmove.o)
                0x000000000800d612                memmove
 .text.memset   0x000000000800d644       0x10 c:/st/stm32cubeide_1.3.0/stm32cubeide/plugins/com.st.stm32cube.ide.mcu.externaltools.gnu-tools-for-stm32.7-2018-q2-update.win32_1.0.0.201904181610/tools/bin/../lib/gcc/arm-none-eabi/7.3.1/../../../../arm-none-eabi/lib/thumb/v7e-m/fpv4-sp/hard\libc_nano.a(lib_a-memset.o)
                0x000000000800d644                memset
 .text.fmodf    0x000000000800d654       0xb8 c:/st/stm32cubeide_1.3.0/stm32cubeide/plugins/com.st.stm32cube.ide.mcu.externaltools.gnu-tools-for-stm32.7-2018-q2-update.win32_1.0.0.201904181610/tools/bin/../lib/gcc/arm-none-eabi/7.3.1/../../../../arm-none-eabi/lib/thumb/v7e-m/fpv4-sp/hard\libm.a(lib_a-wf_fmod.o)
                0x000000000800d654                fmodf
 .text.__ieee754_fmodf
                0x000000000800d70c      0x110 c:/st/stm32cubeide_1.3.0/stm32cubeide/plugins/com.st.stm32cube.ide.mcu.externaltools.gnu-tools-for-stm32.7-2018-q2-update.win32_1.0.0.201904181610/tools/bin/../lib/gcc/arm-none-eabi/7.3.1/../../../../arm-none-eabi/lib/thumb/v7e-m/fpv4-sp/hard\libm.a(lib_a-ef_fmod.o)
                0x000000000800d70c                __ieee754_fmodf
 .text.matherr  0x000000000800d81c        0x4 c:/st/stm32cubeide_1.3.0/stm32cubeide/plugins/com.st.stm32cube.ide.mcu.externaltools.gnu-tools-for-stm32.7-2018-q2-update.win32_1.0.0.201904181610/tools/bin/../lib/gcc/arm-none-eabi/7.3.1/../../../../arm-none-eabi/lib/thumb/v7e-m/fpv4-sp/hard\libm.a(lib_a-s_matherr.o)
                0x000000000800d81c                matherr
 *(.glue_7)
 .glue_7        0x000000000800d820        0x0 linker stubs
 *(.glue_7t)
 .glue_7t       0x000000000800d820        0x0 linker stubs
 *(.eh_frame)
 .eh_frame      0x000000000800d820        0x0 c:/st/stm32cubeide_1.3.0/stm32cubeide/plugins/com.st.stm32cube.ide.mcu.externaltools.gnu-tools-for-stm32.7-2018-q2-update.win32_1.0.0.201904181610/tools/bin/../lib/gcc/arm-none-eabi/7.3.1/thumb/v7e-m/fpv4-sp/hard/crtbegin.o
 *(.init)
 .init          0x000000000800d820        0x4 c:/st/stm32cubeide_1.3.0/stm32cubeide/plugins/com.st.stm32cube.ide.mcu.externaltools.gnu-tools-for-stm32.7-2018-q2-update.win32_1.0.0.201904181610/tools/bin/../lib/gcc/arm-none-eabi/7.3.1/thumb/v7e-m/fpv4-sp/hard/crti.o
                0x000000000800d820                _init
 .init          0x000000000800d824        0x8 c:/st/stm32cubeide_1.3.0/stm32cubeide/plugins/com.st.stm32cube.ide.mcu.externaltools.gnu-tools-for-stm32.7-2018-q2-update.win32_1.0.0.201904181610/tools/bin/../lib/gcc/arm-none-eabi/7.3.1/thumb/v7e-m/fpv4-sp/hard/crtn.o
 *(.fini)
 .fini          0x000000000800d82c        0x4 c:/st/stm32cubeide_1.3.0/stm32cubeide/plugins/com.st.stm32cube.ide.mcu.externaltools.gnu-tools-for-stm32.7-2018-q2-update.win32_1.0.0.201904181610/tools/bin/../lib/gcc/arm-none-eabi/7.3.1/thumb/v7e-m/fpv4-sp/hard/crti.o
                0x000000000800d82c                _fini
 .fini          0x000000000800d830        0x8 c:/st/stm32cubeide_1.3.0/stm32cubeide/plugins/com.st.stm32cube.ide.mcu.externaltools.gnu-tools-for-stm32.7-2018-q2-update.win32_1.0.0.201904181610/tools/bin/../lib/gcc/arm-none-eabi/7.3.1/thumb/v7e-m/fpv4-sp/hard/crtn.o
                0x000000000800d838                . = ALIGN (0x4)
                0x000000000800d838                _etext = .

.vfp11_veneer   0x000000000800d838        0x0
 .vfp11_veneer  0x000000000800d838        0x0 linker stubs

.v4_bx          0x000000000800d838        0x0
 .v4_bx         0x000000000800d838        0x0 linker stubs

.iplt           0x000000000800d838        0x0
 .iplt          0x000000000800d838        0x0 c:/st/stm32cubeide_1.3.0/stm32cubeide/plugins/com.st.stm32cube.ide.mcu.externaltools.gnu-tools-for-stm32.7-2018-q2-update.win32_1.0.0.201904181610/tools/bin/../lib/gcc/arm-none-eabi/7.3.1/thumb/v7e-m/fpv4-sp/hard/crtbegin.o

.rodata         0x000000000800d838     0x3560
                0x000000000800d838                . = ALIGN (0x4)
 *(.rodata)
 *(.rodata*)
 .rodata.flagBitshiftOffset.8869
                0x000000000800d838        0x8 Drivers/STM32F7xx_HAL_Driver/Src/stm32f7xx_hal_dma.o
 .rodata.vTaskStartScheduler.str1.1
                0x000000000800d840        0x5 Middlewares/Third_Party/FreeRTOS/Source/tasks.o
 .rodata.prvCheckForValidListAndQueue.str1.1
                0x000000000800d845        0x5 Middlewares/Third_Party/FreeRTOS/Source/timers.o
 .rodata.xTimerCreateTimerTask.str1.1
                0x000000000800d84a        0x8 Middlewares/Third_Party/FreeRTOS/Source/timers.o
 .rodata.xmp3_bitrateTab
                0x000000000800d852      0x10e Mp3Helix/mp3tabs.o
                0x000000000800d852                xmp3_bitrateTab
 .rodata.xmp3_samplerateTab
                0x000000000800d960       0x24 Mp3Helix/mp3tabs.o
                0x000000000800d960                xmp3_samplerateTab
 .rodata.xmp3_samplesPerFrameTab
                0x000000000800d984       0x12 Mp3Helix/mp3tabs.o
                0x000000000800d984                xmp3_samplesPerFrameTab
 .rodata.xmp3_sfBandTable
                0x000000000800d996      0x29a Mp3Helix/mp3tabs.o
                0x000000000800d996                xmp3_sfBandTable
 .rodata.xmp3_sideBytesTab
                0x000000000800dc30        0xc Mp3Helix/mp3tabs.o
                0x000000000800dc30                xmp3_sideBytesTab
 .rodata.xmp3_slotTab
                0x000000000800dc3c      0x10e Mp3Helix/mp3tabs.o
                0x000000000800dc3c                xmp3_slotTab
 *fill*         0x000000000800dd4a        0x2 
 .rodata.dcttab
                0x000000000800dd4c       0xc0 Mp3Helix/real/dct32.o
 .rodata.poly43hi
                0x000000000800de0c       0x14 Mp3Helix/real/dqchan.o
 .rodata.poly43lo
                0x000000000800de20       0x14 Mp3Helix/real/dqchan.o
 .rodata.pow14  0x000000000800de34       0x10 Mp3Helix/real/dqchan.o
 .rodata.pow2exp
                0x000000000800de44       0x20 Mp3Helix/real/dqchan.o
 .rodata.pow2frac
                0x000000000800de64       0x20 Mp3Helix/real/dqchan.o
 .rodata.pow43  0x000000000800de84       0xc0 Mp3Helix/real/dqchan.o
 .rodata.pow43_14
                0x000000000800df44      0x100 Mp3Helix/real/dqchan.o
 .rodata.preTab
                0x000000000800e044       0x16 Mp3Helix/real/dqchan.o
 *fill*         0x000000000800e05a        0x2 
 .rodata.xmp3_huffTabLookup
                0x000000000800e05c      0x100 Mp3Helix/real/hufftabs.o
                0x000000000800e05c                xmp3_huffTabLookup
 .rodata.xmp3_huffTabOffset
                0x000000000800e15c       0x80 Mp3Helix/real/hufftabs.o
                0x000000000800e15c                xmp3_huffTabOffset
 .rodata.xmp3_huffTable
                0x000000000800e1dc     0x2124 Mp3Helix/real/hufftabs.o
                0x000000000800e1dc                xmp3_huffTable
 .rodata.xmp3_quadTabMaxBits
                0x0000000008010300        0x8 Mp3Helix/real/hufftabs.o
                0x0000000008010300                xmp3_quadTabMaxBits
 .rodata.xmp3_quadTabOffset
                0x0000000008010308        0x8 Mp3Helix/real/hufftabs.o
                0x0000000008010308                xmp3_quadTabOffset
 .rodata.xmp3_quadTable
                0x0000000008010310       0x50 Mp3Helix/real/hufftabs.o
                0x0000000008010310                xmp3_quadTable
 .rodata.c18    0x0000000008010360       0x24 Mp3Helix/real/imdct.o
 .rodata.fastWin36
                0x0000000008010384       0x48 Mp3Helix/real/imdct.o
 .rodata.NRTab  0x00000000080103cc       0x48 Mp3Helix/real/scalfact.o
 .rodata.SFLenTab
                0x0000000008010414       0x20 Mp3Helix/real/scalfact.o
 .rodata.xmp3_ISFIIP
                0x0000000008010434       0x10 Mp3Helix/real/trigtabs.o
                0x0000000008010434                xmp3_ISFIIP
 .rodata.xmp3_ISFMpeg1
                0x0000000008010444       0x38 Mp3Helix/real/trigtabs.o
                0x0000000008010444                xmp3_ISFMpeg1
 .rodata.xmp3_ISFMpeg2
                0x000000000801047c      0x100 Mp3Helix/real/trigtabs.o
                0x000000000801047c                xmp3_ISFMpeg2
 .rodata.xmp3_csa
                0x000000000801057c       0x40 Mp3Helix/real/trigtabs.o
                0x000000000801057c                xmp3_csa
 .rodata.xmp3_imdctWin
                0x00000000080105bc      0x240 Mp3Helix/real/trigtabs.o
                0x00000000080105bc                xmp3_imdctWin
 .rodata.xmp3_polyCoef
                0x00000000080107fc      0x420 Mp3Helix/real/trigtabs.o
                0x00000000080107fc                xmp3_polyCoef
 .rodata.TABLE_AND
                0x0000000008010c1c       0x60 Src/effects.o
 .rodata.displayTask_attributes
                0x0000000008010c7c       0x24 Src/freertos.o
                0x0000000008010c7c                displayTask_attributes
 .rodata.str1.1
                0x0000000008010ca0        0xc Src/freertos.o
 .rodata.controlTask_attributes
                0x0000000008010cac       0x24 Src/main.o
                0x0000000008010cac                controlTask_attributes
 .rodata.playbackTask_attributes
                0x0000000008010cd0       0x24 Src/main.o
                0x0000000008010cd0                playbackTask_attributes
 .rodata.spireadTask_attributes
                0x0000000008010cf4       0x24 Src/main.o
                0x0000000008010cf4                spireadTask_attributes
 .rodata.str1.1
                0x0000000008010d18       0x25 Src/main.o
 .rodata.out_main.str1.1
                0x0000000008010d3d       0x14 Src/outputs.o
                                         0x15 (size before relaxing)
 *fill*         0x0000000008010d51        0x3 
 .rodata.mutexAttrs
                0x0000000008010d54       0x10 Src/sst25vf032b.o
 .rodata.str1.1
                0x0000000008010d64        0xb Src/sst25vf032b.o
 .rodata.AHBPrescTable
                0x0000000008010d6f       0x10 Src/system_stm32f7xx.o
                0x0000000008010d6f                AHBPrescTable
 .rodata.APBPrescTable
                0x0000000008010d7f        0x8 Src/system_stm32f7xx.o
                0x0000000008010d7f                APBPrescTable
 .rodata.fmodf.str1.1
                0x0000000008010d87        0x6 c:/st/stm32cubeide_1.3.0/stm32cubeide/plugins/com.st.stm32cube.ide.mcu.externaltools.gnu-tools-for-stm32.7-2018-q2-update.win32_1.0.0.201904181610/tools/bin/../lib/gcc/arm-none-eabi/7.3.1/../../../../arm-none-eabi/lib/thumb/v7e-m/fpv4-sp/hard\libm.a(lib_a-wf_fmod.o)
 *fill*         0x0000000008010d8d        0x3 
 .rodata.Zero   0x0000000008010d90        0x8 c:/st/stm32cubeide_1.3.0/stm32cubeide/plugins/com.st.stm32cube.ide.mcu.externaltools.gnu-tools-for-stm32.7-2018-q2-update.win32_1.0.0.201904181610/tools/bin/../lib/gcc/arm-none-eabi/7.3.1/../../../../arm-none-eabi/lib/thumb/v7e-m/fpv4-sp/hard\libm.a(lib_a-ef_fmod.o)
                0x0000000008010d98                . = ALIGN (0x4)

.ARM.extab      0x0000000008010d98        0x0
                0x0000000008010d98                . = ALIGN (0x4)
 *(.ARM.extab* .gnu.linkonce.armextab.*)
                0x0000000008010d98                . = ALIGN (0x4)

.ARM            0x0000000008010d98        0x8
                0x0000000008010d98                . = ALIGN (0x4)
                0x0000000008010d98                __exidx_start = .
 *(.ARM.exidx*)
 .ARM.exidx     0x0000000008010d98        0x8 c:/st/stm32cubeide_1.3.0/stm32cubeide/plugins/com.st.stm32cube.ide.mcu.externaltools.gnu-tools-for-stm32.7-2018-q2-update.win32_1.0.0.201904181610/tools/bin/../lib/gcc/arm-none-eabi/7.3.1/thumb/v7e-m/fpv4-sp/hard\libgcc.a(_udivmoddi4.o)
                0x0000000008010da0                __exidx_end = .
                0x0000000008010da0                . = ALIGN (0x4)

.rel.dyn        0x0000000008010da0        0x0
 .rel.iplt      0x0000000008010da0        0x0 c:/st/stm32cubeide_1.3.0/stm32cubeide/plugins/com.st.stm32cube.ide.mcu.externaltools.gnu-tools-for-stm32.7-2018-q2-update.win32_1.0.0.201904181610/tools/bin/../lib/gcc/arm-none-eabi/7.3.1/thumb/v7e-m/fpv4-sp/hard/crtbegin.o

.preinit_array  0x0000000008010da0        0x0
                0x0000000008010da0                . = ALIGN (0x4)
                0x0000000008010da0                PROVIDE (__preinit_array_start = .)
 *(.preinit_array*)
                0x0000000008010da0                PROVIDE (__preinit_array_end = .)
                0x0000000008010da0                . = ALIGN (0x4)

.init_array     0x0000000008010da0        0x4
                0x0000000008010da0                . = ALIGN (0x4)
                0x0000000008010da0                PROVIDE (__init_array_start = .)
 *(SORT_BY_NAME(.init_array.*))
 *(.init_array*)
 .init_array    0x0000000008010da0        0x4 c:/st/stm32cubeide_1.3.0/stm32cubeide/plugins/com.st.stm32cube.ide.mcu.externaltools.gnu-tools-for-stm32.7-2018-q2-update.win32_1.0.0.201904181610/tools/bin/../lib/gcc/arm-none-eabi/7.3.1/thumb/v7e-m/fpv4-sp/hard/crtbegin.o
                0x0000000008010da4                PROVIDE (__init_array_end = .)
                0x0000000008010da4                . = ALIGN (0x4)

.fini_array     0x0000000008010da4        0x4
                0x0000000008010da4                . = ALIGN (0x4)
                [!provide]                        PROVIDE (__fini_array_start = .)
 *(SORT_BY_NAME(.fini_array.*))
 *(.fini_array*)
 .fini_array    0x0000000008010da4        0x4 c:/st/stm32cubeide_1.3.0/stm32cubeide/plugins/com.st.stm32cube.ide.mcu.externaltools.gnu-tools-for-stm32.7-2018-q2-update.win32_1.0.0.201904181610/tools/bin/../lib/gcc/arm-none-eabi/7.3.1/thumb/v7e-m/fpv4-sp/hard/crtbegin.o
                [!provide]                        PROVIDE (__fini_array_end = .)
                0x0000000008010da8                . = ALIGN (0x4)
                0x0000000008010da8                _sidata = LOADADDR (.data)

.data           0x0000000020000000      0x1f8 load address 0x0000000008010da8
                0x0000000020000000                . = ALIGN (0x4)
                0x0000000020000000                _sdata = .
 *(.data)
 *(.data*)
 .data.uwTickFreq
                0x0000000020000000        0x1 Drivers/STM32F7xx_HAL_Driver/Src/stm32f7xx_hal.o
                0x0000000020000000                uwTickFreq
 *fill*         0x0000000020000001        0x3 
 .data.uwTickPrio
                0x0000000020000004        0x4 Drivers/STM32F7xx_HAL_Driver/Src/stm32f7xx_hal.o
                0x0000000020000004                uwTickPrio
 .data.uxCriticalNesting
                0x0000000020000008        0x4 Middlewares/Third_Party/FreeRTOS/Source/portable/GCC/ARM_CM7/r0p1/port.o
 .data.EDGE_HEARTH_ANODES
                0x000000002000000c       0x3c Src/effects.o
                0x000000002000000c                EDGE_HEARTH_ANODES
 .data.EDGE_HEARTH_CATHODES
                0x0000000020000048       0x3c Src/effects.o
                0x0000000020000048                EDGE_HEARTH_CATHODES
 .data.irq_brightcounter
                0x0000000020000084        0x1 Src/effects.o
 .data.tempstr  0x0000000020000085       0xff Src/effects.o
                0x0000000020000085                tempstr
 .data.currentStatus
                0x0000000020000184        0x1 Src/freertos.o
 *fill*         0x0000000020000185        0x3 
 .data.fChargingLevel
                0x0000000020000188        0x4 Src/outputs.o
 .data.SystemCoreClock
                0x000000002000018c        0x4 Src/system_stm32f7xx.o
                0x000000002000018c                SystemCoreClock
 .data._impure_ptr
                0x0000000020000190        0x4 c:/st/stm32cubeide_1.3.0/stm32cubeide/plugins/com.st.stm32cube.ide.mcu.externaltools.gnu-tools-for-stm32.7-2018-q2-update.win32_1.0.0.201904181610/tools/bin/../lib/gcc/arm-none-eabi/7.3.1/../../../../arm-none-eabi/lib/thumb/v7e-m/fpv4-sp/hard\libc_nano.a(lib_a-impure.o)
                0x0000000020000190                _impure_ptr
 .data.impure_data
                0x0000000020000194       0x60 c:/st/stm32cubeide_1.3.0/stm32cubeide/plugins/com.st.stm32cube.ide.mcu.externaltools.gnu-tools-for-stm32.7-2018-q2-update.win32_1.0.0.201904181610/tools/bin/../lib/gcc/arm-none-eabi/7.3.1/../../../../arm-none-eabi/lib/thumb/v7e-m/fpv4-sp/hard\libc_nano.a(lib_a-impure.o)
 .data.__fdlib_version
                0x00000000200001f4        0x1 c:/st/stm32cubeide_1.3.0/stm32cubeide/plugins/com.st.stm32cube.ide.mcu.externaltools.gnu-tools-for-stm32.7-2018-q2-update.win32_1.0.0.201904181610/tools/bin/../lib/gcc/arm-none-eabi/7.3.1/../../../../arm-none-eabi/lib/thumb/v7e-m/fpv4-sp/hard\libm.a(lib_a-s_lib_ver.o)
                0x00000000200001f4                __fdlib_version
                0x00000000200001f8                . = ALIGN (0x4)
 *fill*         0x00000000200001f5        0x3 
                0x00000000200001f8                _edata = .

.igot.plt       0x00000000200001f8        0x0 load address 0x0000000008010fa0
 .igot.plt      0x00000000200001f8        0x0 c:/st/stm32cubeide_1.3.0/stm32cubeide/plugins/com.st.stm32cube.ide.mcu.externaltools.gnu-tools-for-stm32.7-2018-q2-update.win32_1.0.0.201904181610/tools/bin/../lib/gcc/arm-none-eabi/7.3.1/thumb/v7e-m/fpv4-sp/hard/crtbegin.o
                0x00000000200001f8                . = ALIGN (0x4)

.bss            0x0000000020000200    0x317d4 load address 0x0000000008010fa0
                0x0000000020000200                _sbss = .
                0x0000000020000200                __bss_start__ = _sbss
 *(.bss)
 .bss           0x0000000020000200       0x1c c:/st/stm32cubeide_1.3.0/stm32cubeide/plugins/com.st.stm32cube.ide.mcu.externaltools.gnu-tools-for-stm32.7-2018-q2-update.win32_1.0.0.201904181610/tools/bin/../lib/gcc/arm-none-eabi/7.3.1/thumb/v7e-m/fpv4-sp/hard/crtbegin.o
 *(.bss*)
 .bss.Idle_Stack
                0x000000002000021c      0x800 Middlewares/Third_Party/FreeRTOS/Source/CMSIS_RTOS_V2/cmsis_os2.o
 .bss.Idle_TCB  0x0000000020000a1c       0x5c Middlewares/Third_Party/FreeRTOS/Source/CMSIS_RTOS_V2/cmsis_os2.o
 .bss.KernelState
                0x0000000020000a78        0x4 Middlewares/Third_Party/FreeRTOS/Source/CMSIS_RTOS_V2/cmsis_os2.o
 .bss.Timer_Stack
                0x0000000020000a7c      0x400 Middlewares/Third_Party/FreeRTOS/Source/CMSIS_RTOS_V2/cmsis_os2.o
 .bss.Timer_TCB
                0x0000000020000e7c       0x5c Middlewares/Third_Party/FreeRTOS/Source/CMSIS_RTOS_V2/cmsis_os2.o
 .bss.pxCurrentTCB
                0x0000000020000ed8        0x4 Middlewares/Third_Party/FreeRTOS/Source/tasks.o
                0x0000000020000ed8                pxCurrentTCB
 .bss.pxDelayedTaskList
                0x0000000020000edc        0x4 Middlewares/Third_Party/FreeRTOS/Source/tasks.o
 .bss.pxOverflowDelayedTaskList
                0x0000000020000ee0        0x4 Middlewares/Third_Party/FreeRTOS/Source/tasks.o
 .bss.pxReadyTasksLists
                0x0000000020000ee4      0x460 Middlewares/Third_Party/FreeRTOS/Source/tasks.o
 .bss.uxCurrentNumberOfTasks
                0x0000000020001344        0x4 Middlewares/Third_Party/FreeRTOS/Source/tasks.o
 .bss.uxDeletedTasksWaitingCleanUp
                0x0000000020001348        0x4 Middlewares/Third_Party/FreeRTOS/Source/tasks.o
 .bss.uxPendedTicks
                0x000000002000134c        0x4 Middlewares/Third_Party/FreeRTOS/Source/tasks.o
 .bss.uxSchedulerSuspended
                0x0000000020001350        0x4 Middlewares/Third_Party/FreeRTOS/Source/tasks.o
 .bss.uxTaskNumber
                0x0000000020001354        0x4 Middlewares/Third_Party/FreeRTOS/Source/tasks.o
 .bss.uxTopReadyPriority
                0x0000000020001358        0x4 Middlewares/Third_Party/FreeRTOS/Source/tasks.o
 .bss.xDelayedTaskList1
                0x000000002000135c       0x14 Middlewares/Third_Party/FreeRTOS/Source/tasks.o
 .bss.xDelayedTaskList2
                0x0000000020001370       0x14 Middlewares/Third_Party/FreeRTOS/Source/tasks.o
 .bss.xNextTaskUnblockTime
                0x0000000020001384        0x4 Middlewares/Third_Party/FreeRTOS/Source/tasks.o
 .bss.xNumOfOverflows
                0x0000000020001388        0x4 Middlewares/Third_Party/FreeRTOS/Source/tasks.o
 .bss.xPendingReadyList
                0x000000002000138c       0x14 Middlewares/Third_Party/FreeRTOS/Source/tasks.o
 .bss.xSchedulerRunning
                0x00000000200013a0        0x4 Middlewares/Third_Party/FreeRTOS/Source/tasks.o
 .bss.xSuspendedTaskList
                0x00000000200013a4       0x14 Middlewares/Third_Party/FreeRTOS/Source/tasks.o
 .bss.xTasksWaitingTermination
                0x00000000200013b8       0x14 Middlewares/Third_Party/FreeRTOS/Source/tasks.o
 .bss.xTickCount
                0x00000000200013cc        0x4 Middlewares/Third_Party/FreeRTOS/Source/tasks.o
 .bss.xYieldPending
                0x00000000200013d0        0x4 Middlewares/Third_Party/FreeRTOS/Source/tasks.o
 .bss.pxCurrentTimerList
                0x00000000200013d4        0x4 Middlewares/Third_Party/FreeRTOS/Source/timers.o
 .bss.pxOverflowTimerList
                0x00000000200013d8        0x4 Middlewares/Third_Party/FreeRTOS/Source/timers.o
 .bss.ucStaticTimerQueueStorage.6794
                0x00000000200013dc       0xa0 Middlewares/Third_Party/FreeRTOS/Source/timers.o
 .bss.xActiveTimerList1
                0x000000002000147c       0x14 Middlewares/Third_Party/FreeRTOS/Source/timers.o
 .bss.xActiveTimerList2
                0x0000000020001490       0x14 Middlewares/Third_Party/FreeRTOS/Source/timers.o
 .bss.xLastTime.6743
                0x00000000200014a4        0x4 Middlewares/Third_Party/FreeRTOS/Source/timers.o
 .bss.xStaticTimerQueue.6793
                0x00000000200014a8       0x50 Middlewares/Third_Party/FreeRTOS/Source/timers.o
 .bss.xTimerQueue
                0x00000000200014f8        0x4 Middlewares/Third_Party/FreeRTOS/Source/timers.o
 .bss.xTimerTaskHandle
                0x00000000200014fc        0x4 Middlewares/Third_Party/FreeRTOS/Source/timers.o
 .bss.ucMaxSysCallPriority
                0x0000000020001500        0x1 Middlewares/Third_Party/FreeRTOS/Source/portable/GCC/ARM_CM7/r0p1/port.o
 *fill*         0x0000000020001501        0x3 
 .bss.ulMaxPRIGROUPValue
                0x0000000020001504        0x4 Middlewares/Third_Party/FreeRTOS/Source/portable/GCC/ARM_CM7/r0p1/port.o
 .bss.pxEnd     0x0000000020001508        0x4 Middlewares/Third_Party/FreeRTOS/Source/portable/MemMang/heap_4.o
 .bss.ucHeap    0x000000002000150c    0x20000 Middlewares/Third_Party/FreeRTOS/Source/portable/MemMang/heap_4.o
 .bss.xBlockAllocatedBit
                0x000000002002150c        0x4 Middlewares/Third_Party/FreeRTOS/Source/portable/MemMang/heap_4.o
 .bss.xFreeBytesRemaining
                0x0000000020021510        0x4 Middlewares/Third_Party/FreeRTOS/Source/portable/MemMang/heap_4.o
 .bss.xMinimumEverFreeBytesRemaining
                0x0000000020021514        0x4 Middlewares/Third_Party/FreeRTOS/Source/portable/MemMang/heap_4.o
 .bss.xStart    0x0000000020021518        0x8 Middlewares/Third_Party/FreeRTOS/Source/portable/MemMang/heap_4.o
 .bss.LEDS_COMPLETE_DATA
                0x0000000020021520      0xc00 Src/effects.o
 .bss.htim      0x0000000020022120        0x4 Src/effects.o
 .bss.irq_counter
                0x0000000020022124        0x1 Src/effects.o
 .bss.started   0x0000000020022125        0x1 Src/effects.o
 .bss.AdcBuffer
                0x0000000020022126      0x400 Src/freertos.o
 *fill*         0x0000000020022526       0x1a 
 .bss.DacBufferL
                0x0000000020022540     0x2400 Src/freertos.o
 .bss.DacBufferR
                0x0000000020024940     0x2400 Src/freertos.o
 .bss.DacPointerL
                0x0000000020026d40        0x4 Src/freertos.o
 .bss.DacPointerR
                0x0000000020026d44        0x4 Src/freertos.o
 .bss.FlashBuffers
                0x0000000020026d48     0x8000 Src/freertos.o
 .bss.Mp3Buffer
                0x000000002002ed48     0x1200 Src/freertos.o
 .bss.adcCHRG   0x000000002002ff48        0x4 Src/freertos.o
 .bss.adcCHRGraw
                0x000000002002ff4c        0x4 Src/freertos.o
 .bss.adcVBAT   0x000000002002ff50        0x4 Src/freertos.o
 .bss.adcVBATraw
                0x000000002002ff54        0x4 Src/freertos.o
 .bss.displayTaskHandle
                0x000000002002ff58        0x4 Src/freertos.o
 .bss.isplaying
                0x000000002002ff5c        0x1 Src/freertos.o
 *fill*         0x000000002002ff5d        0x3 
 .bss.mp3Handler
                0x000000002002ff60        0x4 Src/freertos.o
 .bss.mp3Info   0x000000002002ff64       0x1c Src/freertos.o
 .bss.pwrCharged
                0x000000002002ff80        0x4 Src/freertos.o
 .bss.pwrCharging
                0x000000002002ff84        0x4 Src/freertos.o
 .bss.pwrUsbVbus
                0x000000002002ff88        0x4 Src/freertos.o
 .bss.queueBufferNumber
                0x000000002002ff8c        0x4 Src/freertos.o
 .bss.queueDacL
                0x000000002002ff90        0x4 Src/freertos.o
 .bss.queueDacR
                0x000000002002ff94        0x4 Src/freertos.o
 .bss.queueSpiResetRx
                0x000000002002ff98        0x4 Src/freertos.o
 .bss.queueSpiResetTx
                0x000000002002ff9c        0x4 Src/freertos.o
 .bss.samplerate
                0x000000002002ffa0        0x4 Src/freertos.o
 .bss.state     0x000000002002ffa4      0x2d0 Src/outputs.o
 .bss.state_charging
                0x0000000020030274      0x2d0 Src/outputs.o
 .bss.state_nolet
                0x0000000020030544      0x2d0 Src/outputs.o
 .bss.hspi      0x0000000020030814        0x4 Src/sst25vf032b.o
 .bss.mutex     0x0000000020030818        0x4 Src/sst25vf032b.o
 .bss.semRx     0x000000002003081c        0x4 Src/sst25vf032b.o
 .bss.semTx     0x0000000020030820        0x4 Src/sst25vf032b.o
 *(COMMON)
 COMMON         0x0000000020030824        0x4 Drivers/STM32F7xx_HAL_Driver/Src/stm32f7xx_hal.o
                0x0000000020030824                uwTick
 COMMON         0x0000000020030828       0x40 Middlewares/Third_Party/FreeRTOS/Source/queue.o
                0x0000000020030828                xQueueRegistry
 COMMON         0x0000000020030868      0xd74 Src/effects.o
                0x0000000020030868                circlesaving
                0x0000000020030b38                notfilled
                0x0000000020031018                BRIGHT
                0x0000000020031288                original_br
                0x0000000020031560                original
                0x000000002003157c                LED
 COMMON         0x00000000200315dc      0x3f8 Src/main.o
                0x00000000200315dc                htim8
                0x000000002003161c                htim4
                0x000000002003165c                hiwdg
                0x000000002003166c                hdma_spi4_rx