Archive member included to satisfy reference by file (symbol)

c:/st/stm32cubeide_1.3.0/stm32cubeide/plugins/com.st.stm32cube.ide.mcu.externaltools.gnu-tools-for-stm32.7-2018-q2-update.win32_1.0.0.201904181610/tools/bin/../lib/gcc/arm-none-eabi/7.3.1/../../../../arm-none-eabi/lib/thumb/v7e-m/fpv4-sp/hard\libc_nano.a(lib_a-errno.o)
                              Src/syscalls.o (__errno)
c:/st/stm32cubeide_1.3.0/stm32cubeide/plugins/com.st.stm32cube.ide.mcu.externaltools.gnu-tools-for-stm32.7-2018-q2-update.win32_1.0.0.201904181610/tools/bin/../lib/gcc/arm-none-eabi/7.3.1/../../../../arm-none-eabi/lib/thumb/v7e-m/fpv4-sp/hard\libc_nano.a(lib_a-exit.o)
                              c:/st/stm32cubeide_1.3.0/stm32cubeide/plugins/com.st.stm32cube.ide.mcu.externaltools.gnu-tools-for-stm32.7-2018-q2-update.win32_1.0.0.201904181610/tools/bin/../lib/gcc/arm-none-eabi/7.3.1/../../../../arm-none-eabi/lib/thumb/v7e-m/fpv4-sp/hard/crt0.o (exit)
c:/st/stm32cubeide_1.3.0/stm32cubeide/plugins/com.st.stm32cube.ide.mcu.externaltools.gnu-tools-for-stm32.7-2018-q2-update.win32_1.0.0.201904181610/tools/bin/../lib/gcc/arm-none-eabi/7.3.1/../../../../arm-none-eabi/lib/thumb/v7e-m/fpv4-sp/hard\libc_nano.a(lib_a-impure.o)
                              c:/st/stm32cubeide_1.3.0/stm32cubeide/plugins/com.st.stm32cube.ide.mcu.externaltools.gnu-tools-for-stm32.7-2018-q2-update.win32_1.0.0.201904181610/tools/bin/../lib/gcc/arm-none-eabi/7.3.1/../../../../arm-none-eabi/lib/thumb/v7e-m/fpv4-sp/hard\libc_nano.a(lib_a-exit.o) (_global_impure_ptr)
c:/st/stm32cubeide_1.3.0/stm32cubeide/plugins/com.st.stm32cube.ide.mcu.externaltools.gnu-tools-for-stm32.7-2018-q2-update.win32_1.0.0.201904181610/tools/bin/../lib/gcc/arm-none-eabi/7.3.1/../../../../arm-none-eabi/lib/thumb/v7e-m/fpv4-sp/hard\libc_nano.a(lib_a-init.o)
                              c:/st/stm32cubeide_1.3.0/stm32cubeide/plugins/com.st.stm32cube.ide.mcu.externaltools.gnu-tools-for-stm32.7-2018-q2-update.win32_1.0.0.201904181610/tools/bin/../lib/gcc/arm-none-eabi/7.3.1/../../../../arm-none-eabi/lib/thumb/v7e-m/fpv4-sp/hard/crt0.o (__libc_init_array)
c:/st/stm32cubeide_1.3.0/stm32cubeide/plugins/com.st.stm32cube.ide.mcu.externaltools.gnu-tools-for-stm32.7-2018-q2-update.win32_1.0.0.201904181610/tools/bin/../lib/gcc/arm-none-eabi/7.3.1/../../../../arm-none-eabi/lib/thumb/v7e-m/fpv4-sp/hard\libc_nano.a(lib_a-memcpy-stub.o)
                              Middlewares/Third_Party/FreeRTOS/Source/CMSIS_RTOS_V2/cmsis_os2.o (memcpy)
c:/st/stm32cubeide_1.3.0/stm32cubeide/plugins/com.st.stm32cube.ide.mcu.externaltools.gnu-tools-for-stm32.7-2018-q2-update.win32_1.0.0.201904181610/tools/bin/../lib/gcc/arm-none-eabi/7.3.1/../../../../arm-none-eabi/lib/thumb/v7e-m/fpv4-sp/hard\libc_nano.a(lib_a-memmove.o)
                              Mp3Helix/mp3dec.o (memmove)
c:/st/stm32cubeide_1.3.0/stm32cubeide/plugins/com.st.stm32cube.ide.mcu.externaltools.gnu-tools-for-stm32.7-2018-q2-update.win32_1.0.0.201904181610/tools/bin/../lib/gcc/arm-none-eabi/7.3.1/../../../../arm-none-eabi/lib/thumb/v7e-m/fpv4-sp/hard\libc_nano.a(lib_a-memset.o)
                              c:/st/stm32cubeide_1.3.0/stm32cubeide/plugins/com.st.stm32cube.ide.mcu.externaltools.gnu-tools-for-stm32.7-2018-q2-update.win32_1.0.0.201904181610/tools/bin/../lib/gcc/arm-none-eabi/7.3.1/../../../../arm-none-eabi/lib/thumb/v7e-m/fpv4-sp/hard/crt0.o (memset)
c:/st/stm32cubeide_1.3.0/stm32cubeide/plugins/com.st.stm32cube.ide.mcu.externaltools.gnu-tools-for-stm32.7-2018-q2-update.win32_1.0.0.201904181610/tools/bin/../lib/gcc/arm-none-eabi/7.3.1/../../../../arm-none-eabi/lib/thumb/v7e-m/fpv4-sp/hard\libc_nano.a(lib_a-nano-vfprintf_float.o)
                              (_printf_float)
c:/st/stm32cubeide_1.3.0/stm32cubeide/plugins/com.st.stm32cube.ide.mcu.externaltools.gnu-tools-for-stm32.7-2018-q2-update.win32_1.0.0.201904181610/tools/bin/../lib/gcc/arm-none-eabi/7.3.1/../../../../arm-none-eabi/lib/thumb/v7e-m/fpv4-sp/hard\libc_nano.a(lib_a-nano-vfprintf_i.o)
                              c:/st/stm32cubeide_1.3.0/stm32cubeide/plugins/com.st.stm32cube.ide.mcu.externaltools.gnu-tools-for-stm32.7-2018-q2-update.win32_1.0.0.201904181610/tools/bin/../lib/gcc/arm-none-eabi/7.3.1/../../../../arm-none-eabi/lib/thumb/v7e-m/fpv4-sp/hard\libc_nano.a(lib_a-nano-vfprintf_float.o) (_printf_common)
c:/st/stm32cubeide_1.3.0/stm32cubeide/plugins/com.st.stm32cube.ide.mcu.externaltools.gnu-tools-for-stm32.7-2018-q2-update.win32_1.0.0.201904181610/tools/bin/../lib/gcc/arm-none-eabi/7.3.1/../../../../arm-none-eabi/lib/thumb/v7e-m/fpv4-sp/hard\libc_nano.a(lib_a-nano-vfscanf_float.o)
                              (_scanf_float)
c:/st/stm32cubeide_1.3.0/stm32cubeide/plugins/com.st.stm32cube.ide.mcu.externaltools.gnu-tools-for-stm32.7-2018-q2-update.win32_1.0.0.201904181610/tools/bin/../lib/gcc/arm-none-eabi/7.3.1/../../../../arm-none-eabi/lib/thumb/v7e-m/fpv4-sp/hard\libc_nano.a(lib_a-sf_nan.o)
[...]
Memory Configuration

Name             Origin             Length             Attributes
RAM              0x0000000020000000 0x0000000000050000 xrw
FLASH            0x0000000008000000 0x0000000000080000 xr
*default*        0x0000000000000000 0xffffffffffffffff

Linker script and memory map

LOAD c:/st/stm32cubeide_1.3.0/stm32cubeide/plugins/com.st.stm32cube.ide.mcu.externaltools.gnu-tools-for-stm32.7-2018-q2-update.win32_1.0.0.201904181610/tools/bin/../lib/gcc/arm-none-eabi/7.3.1/thumb/v7e-m/fpv4-sp/hard/crti.o
LOAD c:/st/stm32cubeide_1.3.0/stm32cubeide/plugins/com.st.stm32cube.ide.mcu.externaltools.gnu-tools-for-stm32.7-2018-q2-update.win32_1.0.0.201904181610/tools/bin/../lib/gcc/arm-none-eabi/7.3.1/thumb/v7e-m/fpv4-sp/hard/crtbegin.o
LOAD c:/st/stm32cubeide_1.3.0/stm32cubeide/plugins/com.st.stm32cube.ide.mcu.externaltools.gnu-tools-for-stm32.7-2018-q2-update.win32_1.0.0.201904181610/tools/bin/../lib/gcc/arm-none-eabi/7.3.1/../../../../arm-none-eabi/lib/thumb/v7e-m/fpv4-sp/hard/crt0.o
LOAD Drivers/STM32F7xx_HAL_Driver/Src/stm32f7xx_hal.o
LOAD Drivers/STM32F7xx_HAL_Driver/Src/stm32f7xx_hal_adc.o
LOAD Drivers/STM32F7xx_HAL_Driver/Src/stm32f7xx_hal_adc_ex.o
LOAD Drivers/STM32F7xx_HAL_Driver/Src/stm32f7xx_hal_cortex.o
LOAD Drivers/STM32F7xx_HAL_Driver/Src/stm32f7xx_hal_dma.o
LOAD Drivers/STM32F7xx_HAL_Driver/Src/stm32f7xx_hal_dma_ex.o
LOAD Drivers/STM32F7xx_HAL_Driver/Src/stm32f7xx_hal_exti.o
LOAD Drivers/STM32F7xx_HAL_Driver/Src/stm32f7xx_hal_flash.o
LOAD Drivers/STM32F7xx_HAL_Driver/Src/stm32f7xx_hal_flash_ex.o
LOAD Drivers/STM32F7xx_HAL_Driver/Src/stm32f7xx_hal_gpio.o
LOAD Drivers/STM32F7xx_HAL_Driver/Src/stm32f7xx_hal_i2c.o
LOAD Drivers/STM32F7xx_HAL_Driver/Src/stm32f7xx_hal_i2c_ex.o
LOAD Drivers/STM32F7xx_HAL_Driver/Src/stm32f7xx_hal_iwdg.o
LOAD Drivers/STM32F7xx_HAL_Driver/Src/stm32f7xx_hal_pwr.o
LOAD Drivers/STM32F7xx_HAL_Driver/Src/stm32f7xx_hal_pwr_ex.o
LOAD Drivers/STM32F7xx_HAL_Driver/Src/stm32f7xx_hal_rcc.o
LOAD Drivers/STM32F7xx_HAL_Driver/Src/stm32f7xx_hal_rcc_ex.o
LOAD Drivers/STM32F7xx_HAL_Driver/Src/stm32f7xx_hal_rng.o
LOAD Drivers/STM32F7xx_HAL_Driver/Src/stm32f7xx_hal_spi.o
LOAD Drivers/STM32F7xx_HAL_Driver/Src/stm32f7xx_hal_spi_ex.o
LOAD Drivers/STM32F7xx_HAL_Driver/Src/stm32f7xx_hal_tim.o
LOAD Drivers/STM32F7xx_HAL_Driver/Src/stm32f7xx_hal_tim_ex.o
LOAD Middlewares/Third_Party/FreeRTOS/Source/CMSIS_RTOS_V2/cmsis_os2.o
LOAD Middlewares/Third_Party/FreeRTOS/Source/croutine.o
LOAD Middlewares/Third_Party/FreeRTOS/Source/event_groups.o
LOAD Middlewares/Third_Party/FreeRTOS/Source/list.o
LOAD Middlewares/Third_Party/FreeRTOS/Source/queue.o
LOAD Middlewares/Third_Party/FreeRTOS/Source/stream_buffer.o
LOAD Middlewares/Third_Party/FreeRTOS/Source/tasks.o
LOAD Middlewares/Third_Party/FreeRTOS/Source/timers.o
LOAD Middlewares/Third_Party/FreeRTOS/Source/portable/GCC/ARM_CM7/r0p1/port.o
LOAD Middlewares/Third_Party/FreeRTOS/Source/portable/MemMang/heap_4.o
LOAD Mp3Helix/mp3dec.o
LOAD Mp3Helix/mp3tabs.o
LOAD Mp3Helix/real/arm/asmpoly_thumb2.o
LOAD Mp3Helix/real/bitstream.o
LOAD Mp3Helix/real/buffers.o
LOAD Mp3Helix/real/dct32.o
LOAD Mp3Helix/real/dequant.o
LOAD Mp3Helix/real/dqchan.o
LOAD Mp3Helix/real/huffman.o
LOAD Mp3Helix/real/hufftabs.o
LOAD Mp3Helix/real/imdct.o
LOAD Mp3Helix/real/scalfact.o
LOAD Mp3Helix/real/stproc.o
LOAD Mp3Helix/real/subband.o
LOAD Mp3Helix/real/trigtabs.o
LOAD Src/effects.o
LOAD Src/font.o
LOAD Src/freertos.o
LOAD Src/main.o
LOAD Src/outputs.o
LOAD Src/sst25vf032b.o
LOAD Src/stm32f7xx_hal_msp.o
LOAD Src/stm32f7xx_it.o
LOAD Src/syscalls.o
LOAD Src/sysmem.o
LOAD Src/system_stm32f7xx.o
LOAD Startup/startup_stm32f745vetx.o
START GROUP
LOAD c:/st/stm32cubeide_1.3.0/stm32cubeide/plugins/com.st.stm32cube.ide.mcu.externaltools.gnu-tools-for-stm32.7-2018-q2-update.win32_1.0.0.201904181610/tools/bin/../lib/gcc/arm-none-eabi/7.3.1/../../../../arm-none-eabi/lib/thumb/v7e-m/fpv4-sp/hard\libc_nano.a
LOAD c:/st/stm32cubeide_1.3.0/stm32cubeide/plugins/com.st.stm32cube.ide.mcu.externaltools.gnu-tools-for-stm32.7-2018-q2-update.win32_1.0.0.201904181610/tools/bin/../lib/gcc/arm-none-eabi/7.3.1/../../../../arm-none-eabi/lib/thumb/v7e-m/fpv4-sp/hard\libm.a
END GROUP
START GROUP
LOAD c:/st/stm32cubeide_1.3.0/stm32cubeide/plugins/com.st.stm32cube.ide.mcu.externaltools.gnu-tools-for-stm32.7-2018-q2-update.win32_1.0.0.201904181610/tools/bin/../lib/gcc/arm-none-eabi/7.3.1/thumb/v7e-m/fpv4-sp/hard\libgcc.a
LOAD c:/st/stm32cubeide_1.3.0/stm32cubeide/plugins/com.st.stm32cube.ide.mcu.externaltools.gnu-tools-for-stm32.7-2018-q2-update.win32_1.0.0.201904181610/tools/bin/../lib/gcc/arm-none-eabi/7.3.1/../../../../arm-none-eabi/lib/thumb/v7e-m/fpv4-sp/hard\libc_nano.a
END GROUP
START GROUP
LOAD c:/st/stm32cubeide_1.3.0/stm32cubeide/plugins/com.st.stm32cube.ide.mcu.externaltools.gnu-tools-for-stm32.7-2018-q2-update.win32_1.0.0.201904181610/tools/bin/../lib/gcc/arm-none-eabi/7.3.1/thumb/v7e-m/fpv4-sp/hard\libgcc.a
LOAD c:/st/stm32cubeide_1.3.0/stm32cubeide/plugins/com.st.stm32cube.ide.mcu.externaltools.gnu-tools-for-stm32.7-2018-q2-update.win32_1.0.0.201904181610/tools/bin/../lib/gcc/arm-none-eabi/7.3.1/../../../../arm-none-eabi/lib/thumb/v7e-m/fpv4-sp/hard\libc_nano.a
LOAD c:/st/stm32cubeide_1.3.0/stm32cubeide/plugins/com.st.stm32cube.ide.mcu.externaltools.gnu-tools-for-stm32.7-2018-q2-update.win32_1.0.0.201904181610/tools/bin/../lib/gcc/arm-none-eabi/7.3.1/../../../../arm-none-eabi/lib/thumb/v7e-m/fpv4-sp/hard\libnosys.a
END GROUP
START GROUP
LOAD c:/st/stm32cubeide_1.3.0/stm32cubeide/plugins/com.st.stm32cube.ide.mcu.externaltools.gnu-tools-for-stm32.7-2018-q2-update.win32_1.0.0.201904181610/tools/bin/../lib/gcc/arm-none-eabi/7.3.1/thumb/v7e-m/fpv4-sp/hard\libgcc.a
LOAD c:/st/stm32cubeide_1.3.0/stm32cubeide/plugins/com.st.stm32cube.ide.mcu.externaltools.gnu-tools-for-stm32.7-2018-q2-update.win32_1.0.0.201904181610/tools/bin/../lib/gcc/arm-none-eabi/7.3.1/../../../../arm-none-eabi/lib/thumb/v7e-m/fpv4-sp/hard\libc_nano.a
LOAD c:/st/stm32cubeide_1.3.0/stm32cubeide/plugins/com.st.stm32cube.ide.mcu.externaltools.gnu-tools-for-stm32.7-2018-q2-update.win32_1.0.0.201904181610/tools/bin/../lib/gcc/arm-none-eabi/7.3.1/../../../../arm-none-eabi/lib/thumb/v7e-m/fpv4-sp/hard\libnosys.a
END GROUP
LOAD c:/st/stm32cubeide_1.3.0/stm32cubeide/plugins/com.st.stm32cube.ide.mcu.externaltools.gnu-tools-for-stm32.7-2018-q2-update.win32_1.0.0.201904181610/tools/bin/../lib/gcc/arm-none-eabi/7.3.1/thumb/v7e-m/fpv4-sp/hard/crtend.o
LOAD c:/st/stm32cubeide_1.3.0/stm32cubeide/plugins/com.st.stm32cube.ide.mcu.externaltools.gnu-tools-for-stm32.7-2018-q2-update.win32_1.0.0.201904181610/tools/bin/../lib/gcc/arm-none-eabi/7.3.1/thumb/v7e-m/fpv4-sp/hard/crtn.o
                0x0000000020050000                _estack = (ORIGIN (RAM) + LENGTH (RAM))
                0x0000000000000800                _Min_Heap_Size = 0x800
                0x0000000000000800                _Min_Stack_Size = 0x800

.isr_vector     0x0000000008000000      0x1c8
                0x0000000008000000                . = ALIGN (0x4)
 *(.isr_vector)
 .isr_vector    0x0000000008000000      0x1c8 Startup/startup_stm32f745vetx.o
                0x0000000008000000                g_pfnVectors
                0x00000000080001c8                . = ALIGN (0x4)

.text           0x00000000080001d0    0x11414
                0x00000000080001d0                . = ALIGN (0x4)
 *(.text)
 .text          0x00000000080001d0       0x40 c:/st/stm32cubeide_1.3.0/stm32cubeide/plugins/com.st.stm32cube.ide.mcu.externaltools.gnu-tools-for-stm32.7-2018-q2-update.win32_1.0.0.201904181610/tools/bin/../lib/gcc/arm-none-eabi/7.3.1/thumb/v7e-m/fpv4-sp/hard/crtbegin.o
 .text          0x0000000008000210      0x796 Mp3Helix/real/arm/asmpoly_thumb2.o
                0x0000000008000210                xmp3_PolyphaseStereo
                0x00000000080006dc                xmp3_PolyphaseMono
 .text          0x00000000080009a6       0x10 c:/st/stm32cubeide_1.3.0/stm32cubeide/plugins/com.st.stm32cube.ide.mcu.externaltools.gnu-tools-for-stm32.7-2018-q2-update.win32_1.0.0.201904181610/tools/bin/../lib/gcc/arm-none-eabi/7.3.1/../../../../arm-none-eabi/lib/thumb/v7e-m/fpv4-sp/hard\libc_nano.a(lib_a-strlen.o)
                0x00000000080009a6                strlen
 *fill*         0x00000000080009b6        0xa 
 .text          0x00000000080009c0       0xa0 c:/st/stm32cubeide_1.3.0/stm32cubeide/plugins/com.st.stm32cube.ide.mcu.externaltools.gnu-tools-for-stm32.7-2018-q2-update.win32_1.0.0.201904181610/tools/bin/../lib/gcc/arm-none-eabi/7.3.1/../../../../arm-none-eabi/lib/thumb/v7e-m/fpv4-sp/hard\libc_nano.a(lib_a-memchr.o)
                0x00000000080009c0                memchr
 .text          0x0000000008000a60      0x378 c:/st/stm32cubeide_1.3.0/stm32cubeide/plugins/com.st.stm32cube.ide.mcu.externaltools.gnu-tools-for-stm32.7-2018-q2-update.win32_1.0.0.201904181610/tools/bin/../lib/gcc/arm-none-eabi/7.3.1/thumb/v7e-m/fpv4-sp/hard\libgcc.a(_arm_addsubdf3.o)
                0x0000000008000a60                __aeabi_drsub
                0x0000000008000a68                __aeabi_dsub
                0x0000000008000a68                __subdf3
                0x0000000008000a6c                __aeabi_dadd
                0x0000000008000a6c                __adddf3
                0x0000000008000ce4                __floatunsidf
                0x0000000008000ce4                __aeabi_ui2d
                0x0000000008000d04                __floatsidf
                0x0000000008000d04                __aeabi_i2d
                0x0000000008000d28                __aeabi_f2d
                0x0000000008000d28                __extendsfdf2
                0x0000000008000d6c                __floatundidf
                0x0000000008000d6c                __aeabi_ul2d
                0x0000000008000d7c                __floatdidf
                0x0000000008000d7c                __aeabi_l2d
 .text          0x0000000008000dd8      0x424 c:/st/stm32cubeide_1.3.0/stm32cubeide/plugins/com.st.stm32cube.ide.mcu.externaltools.gnu-tools-for-stm32.7-2018-q2-update.win32_1.0.0.201904181610/tools/bin/../lib/gcc/arm-none-eabi/7.3.1/thumb/v7e-m/fpv4-sp/hard\libgcc.a(_arm_muldivdf3.o)
                0x0000000008000dd8                __aeabi_dmul
                0x0000000008000dd8                __muldf3
                0x000000000800102c                __divdf3
                0x000000000800102c                __aeabi_ddiv
 .text          0x00000000080011fc      0x110 c:/st/stm32cubeide_1.3.0/stm32cubeide/plugins/com.st.stm32cube.ide.mcu.externaltools.gnu-tools-for-stm32.7-2018-q2-update.win32_1.0.0.201904181610/tools/bin/../lib/gcc/arm-none-eabi/7.3.1/thumb/v7e-m/fpv4-sp/hard\libgcc.a(_arm_cmpdf2.o)
                0x00000000080011fc                __gtdf2
                0x00000000080011fc                __gedf2
                0x0000000008001204                __ltdf2
                0x0000000008001204                __ledf2
                0x000000000800120c                __nedf2
                0x000000000800120c                __eqdf2
                0x000000000800120c                __cmpdf2
                0x0000000008001288                __aeabi_cdrcmple
                0x0000000008001298                __aeabi_cdcmpeq
                0x0000000008001298                __aeabi_cdcmple
                0x00000000080012a8                __aeabi_dcmpeq
                0x00000000080012bc                __aeabi_dcmplt
                0x00000000080012d0                __aeabi_dcmple
                0x00000000080012e4                __aeabi_dcmpge
                0x00000000080012f8                __aeabi_dcmpgt
 .text          0x000000000800130c       0x2c c:/st/stm32cubeide_1.3.0/stm32cubeide/plugins/com.st.stm32cube.ide.mcu.externaltools.gnu-tools-for-stm32.7-2018-q2-update.win32_1.0.0.201904181610/tools/bin/../lib/gcc/arm-none-eabi/7.3.1/thumb/v7e-m/fpv4-sp/hard\libgcc.a(_arm_unorddf2.o)
                0x000000000800130c                __unorddf2
                0x000000000800130c                __aeabi_dcmpun
 .text          0x0000000008001338       0x50 c:/st/stm32cubeide_1.3.0/stm32cubeide/plugins/com.st.stm32cube.ide.mcu.externaltools.gnu-tools-for-stm32.7-2018-q2-update.win32_1.0.0.201904181610/tools/bin/../lib/gcc/arm-none-eabi/7.3.1/thumb/v7e-m/fpv4-sp/hard\libgcc.a(_arm_fixdfsi.o)
                0x0000000008001338                __aeabi_d2iz
                0x0000000008001338                __fixdfsi
 .text          0x0000000008001388       0x40 c:/st/stm32cubeide_1.3.0/stm32cubeide/plugins/com.st.stm32cube.ide.mcu.externaltools.gnu-tools-for-stm32.7-2018-q2-update.win32_1.0.0.201904181610/tools/bin/../lib/gcc/arm-none-eabi/7.3.1/thumb/v7e-m/fpv4-sp/hard\libgcc.a(_arm_fixunsdfsi.o)
                0x0000000008001388                __aeabi_d2uiz
                0x0000000008001388                __fixunsdfsi
 .text          0x00000000080013c8       0xa0 c:/st/stm32cubeide_1.3.0/stm32cubeide/plugins/com.st.stm32cube.ide.mcu.externaltools.gnu-tools-for-stm32.7-2018-q2-update.win32_1.0.0.201904181610/tools/bin/../lib/gcc/arm-none-eabi/7.3.1/thumb/v7e-m/fpv4-sp/hard\libgcc.a(_arm_truncdfsf2.o)
                0x00000000080013c8                __truncdfsf2
                0x00000000080013c8                __aeabi_d2f
 .text          0x0000000008001468       0x30 c:/st/stm32cubeide_1.3.0/stm32cubeide/plugins/com.st.stm32cube.ide.mcu.externaltools.gnu-tools-for-stm32.7-2018-q2-update.win32_1.0.0.201904181610/tools/bin/../lib/gcc/arm-none-eabi/7.3.1/thumb/v7e-m/fpv4-sp/hard\libgcc.a(_aeabi_uldivmod.o)
                0x0000000008001468                __aeabi_uldivmod
 .text          0x0000000008001498      0x2cc c:/st/stm32cubeide_1.3.0/stm32cubeide/plugins/com.st.stm32cube.ide.mcu.externaltools.gnu-tools-for-stm32.7-2018-q2-update.win32_1.0.0.201904181610/tools/bin/../lib/gcc/arm-none-eabi/7.3.1/thumb/v7e-m/fpv4-sp/hard\libgcc.a(_udivmoddi4.o)
                0x0000000008001498                __udivmoddi4
 .text          0x0000000008001764        0x4 c:/st/stm32cubeide_1.3.0/stm32cubeide/plugins/com.st.stm32cube.ide.mcu.externaltools.gnu-tools-for-stm32.7-2018-q2-update.win32_1.0.0.201904181610/tools/bin/../lib/gcc/arm-none-eabi/7.3.1/thumb/v7e-m/fpv4-sp/hard\libgcc.a(_dvmd_tls.o)
                0x0000000008001764                __aeabi_idiv0
                0x0000000008001764                __aeabi_ldiv0
 *(.text*)
 .text.HAL_InitTick
                0x0000000008001768       0x48 Drivers/STM32F7xx_HAL_Driver/Src/stm32f7xx_hal.o
                0x0000000008001768                HAL_InitTick
 .text.HAL_Init
                0x00000000080017b0       0x2c Drivers/STM32F7xx_HAL_Driver/Src/stm32f7xx_hal.o
                0x00000000080017b0                HAL_Init
 .text.HAL_IncTick
                0x00000000080017dc       0x18 Drivers/STM32F7xx_HAL_Driver/Src/stm32f7xx_hal.o
                0x00000000080017dc                HAL_IncTick
 .text.HAL_GetTick
                0x00000000080017f4        0xc Drivers/STM32F7xx_HAL_Driver/Src/stm32f7xx_hal.o
                0x00000000080017f4                HAL_GetTick
 .text.HAL_ADC_Init
                0x0000000008001800      0x14c Drivers/STM32F7xx_HAL_Driver/Src/stm32f7xx_hal_adc.o
                0x0000000008001800                HAL_ADC_Init
 .text.HAL_ADC_Start_DMA
                0x000000000800194c      0x120 Drivers/STM32F7xx_HAL_Driver/Src/stm32f7xx_hal_adc.o
                0x000000000800194c                HAL_ADC_Start_DMA
 .text.ADC_DMAHalfConvCplt
                0x0000000008001a6c        0xa Drivers/STM32F7xx_HAL_Driver/Src/stm32f7xx_hal_adc.o
 .text.HAL_ADC_ErrorCallback
                0x0000000008001a76        0x2 Drivers/STM32F7xx_HAL_Driver/Src/stm32f7xx_hal_adc.o
                0x0000000008001a76                HAL_ADC_ErrorCallback
 .text.ADC_DMAError
                0x0000000008001a78       0x16 Drivers/STM32F7xx_HAL_Driver/Src/stm32f7xx_hal_adc.o
 .text.ADC_DMAConvCplt
                0x0000000008001a8e       0x6c Drivers/STM32F7xx_HAL_Driver/Src/stm32f7xx_hal_adc.o
 *fill*         0x0000000008001afa        0x2 
 .text.HAL_ADC_ConfigChannel
                0x0000000008001afc      0x148 Drivers/STM32F7xx_HAL_Driver/Src/stm32f7xx_hal_adc.o
                0x0000000008001afc                HAL_ADC_ConfigChannel
 .text.HAL_NVIC_SetPriorityGrouping
                0x0000000008001c44       0x24 Drivers/STM32F7xx_HAL_Driver/Src/stm32f7xx_hal_cortex.o
                0x0000000008001c44                HAL_NVIC_SetPriorityGrouping
 .text.HAL_NVIC_SetPriority
                0x0000000008001c68       0x64 Drivers/STM32F7xx_HAL_Driver/Src/stm32f7xx_hal_cortex.o
                0x0000000008001c68                HAL_NVIC_SetPriority
 .text.HAL_NVIC_EnableIRQ
                0x0000000008001ccc       0x1c Drivers/STM32F7xx_HAL_Driver/Src/stm32f7xx_hal_cortex.o
                0x0000000008001ccc                HAL_NVIC_EnableIRQ
 .text.HAL_SYSTICK_Config
                0x0000000008001ce8       0x2c Drivers/STM32F7xx_HAL_Driver/Src/stm32f7xx_hal_cortex.o
                0x0000000008001ce8                HAL_SYSTICK_Config
 .text.DMA_CalcBaseAndBitshift
                0x0000000008001d14       0x2c Drivers/STM32F7xx_HAL_Driver/Src/stm32f7xx_hal_dma.o
 .text.HAL_DMA_Init
                0x0000000008001d40       0xfc Drivers/STM32F7xx_HAL_Driver/Src/stm32f7xx_hal_dma.o
                0x0000000008001d40                HAL_DMA_Init
 .text.HAL_DMA_Start_IT
                0x0000000008001e3c       0x7a Drivers/STM32F7xx_HAL_Driver/Src/stm32f7xx_hal_dma.o
                0x0000000008001e3c                HAL_DMA_Start_IT
 .text.HAL_DMA_Abort
                0x0000000008001eb6       0x86 Drivers/STM32F7xx_HAL_Driver/Src/stm32f7xx_hal_dma.o
                0x0000000008001eb6                HAL_DMA_Abort
 .text.HAL_DMA_Abort_IT
                0x0000000008001f3c       0x24 Drivers/STM32F7xx_HAL_Driver/Src/stm32f7xx_hal_dma.o
                0x0000000008001f3c                HAL_DMA_Abort_IT
 .text.HAL_DMA_IRQHandler
                0x0000000008001f60      0x17c Drivers/STM32F7xx_HAL_Driver/Src/stm32f7xx_hal_dma.o
                0x0000000008001f60                HAL_DMA_IRQHandler
 .text.HAL_GPIO_Init
                0x00000000080020dc      0x1d0 Drivers/STM32F7xx_HAL_Driver/Src/stm32f7xx_hal_gpio.o
                0x00000000080020dc                HAL_GPIO_Init
 .text.HAL_GPIO_ReadPin
                0x00000000080022ac        0xc Drivers/STM32F7xx_HAL_Driver/Src/stm32f7xx_hal_gpio.o
                0x00000000080022ac                HAL_GPIO_ReadPin
 .text.HAL_GPIO_WritePin
                0x00000000080022b8        0xa Drivers/STM32F7xx_HAL_Driver/Src/stm32f7xx_hal_gpio.o
                0x00000000080022b8                HAL_GPIO_WritePin
 *fill*         0x00000000080022c2        0x2 
 .text.HAL_GPIO_EXTI_IRQHandler
                0x00000000080022c4       0x18 Drivers/STM32F7xx_HAL_Driver/Src/stm32f7xx_hal_gpio.o
                0x00000000080022c4                HAL_GPIO_EXTI_IRQHandler
 .text.HAL_IWDG_Init
                0x00000000080022dc       0x4e Drivers/STM32F7xx_HAL_Driver/Src/stm32f7xx_hal_iwdg.o
                0x00000000080022dc                HAL_IWDG_Init
 .text.HAL_IWDG_Refresh
                0x000000000800232a        0xc Drivers/STM32F7xx_HAL_Driver/Src/stm32f7xx_hal_iwdg.o
                0x000000000800232a                HAL_IWDG_Refresh
 *fill*         0x0000000008002336        0x2 
 .text.HAL_PWREx_EnableOverDrive
                0x0000000008002338       0x70 Drivers/STM32F7xx_HAL_Driver/Src/stm32f7xx_hal_pwr_ex.o
                0x0000000008002338                HAL_PWREx_EnableOverDrive
 .text.HAL_RCC_OscConfig
                0x00000000080023a8      0x378 Drivers/STM32F7xx_HAL_Driver/Src/stm32f7xx_hal_rcc.o
                0x00000000080023a8                HAL_RCC_OscConfig
 .text.HAL_RCC_GetSysClockFreq
                0x0000000008002720       0x5c Drivers/STM32F7xx_HAL_Driver/Src/stm32f7xx_hal_rcc.o
                0x0000000008002720                HAL_RCC_GetSysClockFreq
 .text.HAL_RCC_ClockConfig
                0x000000000800277c      0x13c Drivers/STM32F7xx_HAL_Driver/Src/stm32f7xx_hal_rcc.o
                0x000000000800277c                HAL_RCC_ClockConfig
 .text.HAL_RCC_GetPCLK1Freq
                0x00000000080028b8       0x20 Drivers/STM32F7xx_HAL_Driver/Src/stm32f7xx_hal_rcc.o
                0x00000000080028b8                HAL_RCC_GetPCLK1Freq
 .text.HAL_RCC_GetPCLK2Freq
                0x00000000080028d8       0x20 Drivers/STM32F7xx_HAL_Driver/Src/stm32f7xx_hal_rcc.o
                0x00000000080028d8                HAL_RCC_GetPCLK2Freq
 .text.HAL_RCCEx_PeriphCLKConfig
                0x00000000080028f8      0x4d4 Drivers/STM32F7xx_HAL_Driver/Src/stm32f7xx_hal_rcc_ex.o
                0x00000000080028f8                HAL_RCCEx_PeriphCLKConfig
 .text.HAL_RNG_Init
                0x0000000008002dcc       0x30 Drivers/STM32F7xx_HAL_Driver/Src/stm32f7xx_hal_rng.o
                0x0000000008002dcc                HAL_RNG_Init
 .text.HAL_RNG_GenerateRandomNumber
                0x0000000008002dfc       0x5c Drivers/STM32F7xx_HAL_Driver/Src/stm32f7xx_hal_rng.o
                0x0000000008002dfc                HAL_RNG_GenerateRandomNumber
 .text.HAL_RNG_ReadyDataCallback
                0x0000000008002e58        0x2 Drivers/STM32F7xx_HAL_Driver/Src/stm32f7xx_hal_rng.o
                0x0000000008002e58                HAL_RNG_ReadyDataCallback
 .text.HAL_RNG_ErrorCallback
                0x0000000008002e5a        0x2 Drivers/STM32F7xx_HAL_Driver/Src/stm32f7xx_hal_rng.o
                0x0000000008002e5a                HAL_RNG_ErrorCallback
 .text.HAL_RNG_IRQHandler
                0x0000000008002e5c       0x56 Drivers/STM32F7xx_HAL_Driver/Src/stm32f7xx_hal_rng.o
                0x0000000008002e5c                HAL_RNG_IRQHandler
 .text.SPI_WaitFlagStateUntilTimeout.part.0
                0x0000000008002eb2       0x50 Drivers/STM32F7xx_HAL_Driver/Src/stm32f7xx_hal_spi.o
 .text.SPI_WaitFlagStateUntilTimeout.constprop.9
                0x0000000008002f02       0x2c Drivers/STM32F7xx_HAL_Driver/Src/stm32f7xx_hal_spi.o
 .text.SPI_WaitFifoStateUntilTimeout.constprop.10
                0x0000000008002f2e       0x34 Drivers/STM32F7xx_HAL_Driver/Src/stm32f7xx_hal_spi.o
 .text.SPI_EndRxTransaction
                0x0000000008002f62       0x6e Drivers/STM32F7xx_HAL_Driver/Src/stm32f7xx_hal_spi.o
 .text.SPI_EndRxTxTransaction
                0x0000000008002fd0       0x44 Drivers/STM32F7xx_HAL_Driver/Src/stm32f7xx_hal_spi.o
 .text.HAL_SPI_Init
                0x0000000008003014       0xaa Drivers/STM32F7xx_HAL_Driver/Src/stm32f7xx_hal_spi.o
                0x0000000008003014                HAL_SPI_Init
 *fill*         0x00000000080030be        0x2 
 .text.HAL_SPI_Transmit_DMA
                0x00000000080030c0       0xf8 Drivers/STM32F7xx_HAL_Driver/Src/stm32f7xx_hal_spi.o
                0x00000000080030c0                HAL_SPI_Transmit_DMA
 .text.HAL_SPI_TransmitReceive_DMA
                0x00000000080031b8      0x1ac Drivers/STM32F7xx_HAL_Driver/Src/stm32f7xx_hal_spi.o
                0x00000000080031b8                HAL_SPI_TransmitReceive_DMA
 .text.HAL_SPI_Receive_DMA
                0x0000000008003364      0x13c Drivers/STM32F7xx_HAL_Driver/Src/stm32f7xx_hal_spi.o
                0x0000000008003364                HAL_SPI_Receive_DMA
 .text.HAL_SPI_TxHalfCpltCallback
                0x00000000080034a0        0x2 Drivers/STM32F7xx_HAL_Driver/Src/stm32f7xx_hal_spi.o
                0x00000000080034a0                HAL_SPI_TxHalfCpltCallback
 .text.SPI_DMAHalfTransmitCplt
                0x00000000080034a2        0xa Drivers/STM32F7xx_HAL_Driver/Src/stm32f7xx_hal_spi.o
 .text.HAL_SPI_RxHalfCpltCallback
                0x00000000080034ac        0x2 Drivers/STM32F7xx_HAL_Driver/Src/stm32f7xx_hal_spi.o
                0x00000000080034ac                HAL_SPI_RxHalfCpltCallback
 .text.SPI_DMAHalfReceiveCplt
                0x00000000080034ae        0xa Drivers/STM32F7xx_HAL_Driver/Src/stm32f7xx_hal_spi.o
 .text.HAL_SPI_TxRxHalfCpltCallback
                0x00000000080034b8        0x2 Drivers/STM32F7xx_HAL_Driver/Src/stm32f7xx_hal_spi.o
                0x00000000080034b8                HAL_SPI_TxRxHalfCpltCallback
 .text.SPI_DMAHalfTransmitReceiveCplt
                0x00000000080034ba        0xa Drivers/STM32F7xx_HAL_Driver/Src/stm32f7xx_hal_spi.o
 .text.HAL_SPI_ErrorCallback
                0x00000000080034c4        0x2 Drivers/STM32F7xx_HAL_Driver/Src/stm32f7xx_hal_spi.o
                0x00000000080034c4                HAL_SPI_ErrorCallback
 .text.SPI_DMAError
                0x00000000080034c6       0x22 Drivers/STM32F7xx_HAL_Driver/Src/stm32f7xx_hal_spi.o
 .text.SPI_DMATransmitCplt
                0x00000000080034e8       0x6a Drivers/STM32F7xx_HAL_Driver/Src/stm32f7xx_hal_spi.o
 .text.SPI_DMAReceiveCplt
                0x0000000008003552       0x54 Drivers/STM32F7xx_HAL_Driver/Src/stm32f7xx_hal_spi.o
 .text.SPI_DMATransmitReceiveCplt
                0x00000000080035a6       0x5c Drivers/STM32F7xx_HAL_Driver/Src/stm32f7xx_hal_spi.o
 *fill*         0x0000000008003602        0x2 
 .text.HAL_SPI_IRQHandler
                0x0000000008003604      0x104 Drivers/STM32F7xx_HAL_Driver/Src/stm32f7xx_hal_spi.o
                0x0000000008003604                HAL_SPI_IRQHandler
 .text.SPI_DMAAbortOnError
                0x0000000008003708       0x12 Drivers/STM32F7xx_HAL_Driver/Src/stm32f7xx_hal_spi.o
 *fill*         0x000000000800371a        0x2 
 .text.TIM_OC1_SetConfig
                0x000000000800371c       0x68 Drivers/STM32F7xx_HAL_Driver/Src/stm32f7xx_hal_tim.o
 .text.TIM_OC3_SetConfig
                0x0000000008003784       0x70 Drivers/STM32F7xx_HAL_Driver/Src/stm32f7xx_hal_tim.o
 .text.TIM_OC4_SetConfig
                0x00000000080037f4       0x50 Drivers/STM32F7xx_HAL_Driver/Src/stm32f7xx_hal_tim.o
 .text.TIM_OC5_SetConfig
                0x0000000008003844       0x50 Drivers/STM32F7xx_HAL_Driver/Src/stm32f7xx_hal_tim.o
 .text.TIM_OC6_SetConfig
                0x0000000008003894       0x50 Drivers/STM32F7xx_HAL_Driver/Src/stm32f7xx_hal_tim.o
 .text.HAL_TIM_Base_Start
                0x00000000080038e4       0x30 Drivers/STM32F7xx_HAL_Driver/Src/stm32f7xx_hal_tim.o
                0x00000000080038e4                HAL_TIM_Base_Start
 .text.HAL_TIM_Base_Start_IT
                0x0000000008003914       0x2c Drivers/STM32F7xx_HAL_Driver/Src/stm32f7xx_hal_tim.o
                0x0000000008003914                HAL_TIM_Base_Start_IT
 .text.HAL_TIM_Base_Stop_IT
                0x0000000008003940       0x2a Drivers/STM32F7xx_HAL_Driver/Src/stm32f7xx_hal_tim.o
                0x0000000008003940                HAL_TIM_Base_Stop_IT
 .text.HAL_TIM_PWM_MspInit
                0x000000000800396a        0x2 Drivers/STM32F7xx_HAL_Driver/Src/stm32f7xx_hal_tim.o
                0x000000000800396a                HAL_TIM_PWM_MspInit
 .text.HAL_TIM_OC_DelayElapsedCallback
                0x000000000800396c        0x2 Drivers/STM32F7xx_HAL_Driver/Src/stm32f7xx_hal_tim.o
                0x000000000800396c                HAL_TIM_OC_DelayElapsedCallback
 .text.HAL_TIM_IC_CaptureCallback
                0x000000000800396e        0x2 Drivers/STM32F7xx_HAL_Driver/Src/stm32f7xx_hal_tim.o
                0x000000000800396e                HAL_TIM_IC_CaptureCallback
 .text.HAL_TIM_PWM_PulseFinishedCallback
                0x0000000008003970        0x2 Drivers/STM32F7xx_HAL_Driver/Src/stm32f7xx_hal_tim.o
                0x0000000008003970                HAL_TIM_PWM_PulseFinishedCallback
 .text.HAL_TIM_TriggerCallback
                0x0000000008003972        0x2 Drivers/STM32F7xx_HAL_Driver/Src/stm32f7xx_hal_tim.o
                0x0000000008003972                HAL_TIM_TriggerCallback
 .text.HAL_TIM_IRQHandler
                0x0000000008003974      0x160 Drivers/STM32F7xx_HAL_Driver/Src/stm32f7xx_hal_tim.o
                0x0000000008003974                HAL_TIM_IRQHandler
 .text.TIM_Base_SetConfig
                0x0000000008003ad4       0xcc Drivers/STM32F7xx_HAL_Driver/Src/stm32f7xx_hal_tim.o
                0x0000000008003ad4                TIM_Base_SetConfig
 .text.HAL_TIM_Base_Init
                0x0000000008003ba0       0x34 Drivers/STM32F7xx_HAL_Driver/Src/stm32f7xx_hal_tim.o
                0x0000000008003ba0                HAL_TIM_Base_Init
 .text.HAL_TIM_PWM_Init
                0x0000000008003bd4       0x34 Drivers/STM32F7xx_HAL_Driver/Src/stm32f7xx_hal_tim.o
                0x0000000008003bd4                HAL_TIM_PWM_Init
 .text.TIM_OC2_SetConfig
                0x0000000008003c08       0x70 Drivers/STM32F7xx_HAL_Driver/Src/stm32f7xx_hal_tim.o
                0x0000000008003c08                TIM_OC2_SetConfig
 .text.HAL_TIM_PWM_ConfigChannel
                0x0000000008003c78      0x10a Drivers/STM32F7xx_HAL_Driver/Src/stm32f7xx_hal_tim.o
                0x0000000008003c78                HAL_TIM_PWM_ConfigChannel
 .text.TIM_ETR_SetConfig
                0x0000000008003d82       0x14 Drivers/STM32F7xx_HAL_Driver/Src/stm32f7xx_hal_tim.o
                0x0000000008003d82                TIM_ETR_SetConfig
 *fill*         0x0000000008003d96        0x2 
 .text.HAL_TIM_ConfigClockSource
                0x0000000008003d98      0x128 Drivers/STM32F7xx_HAL_Driver/Src/stm32f7xx_hal_tim.o
                0x0000000008003d98                HAL_TIM_ConfigClockSource
 .text.TIM_CCxChannelCmd
                0x0000000008003ec0       0x1c Drivers/STM32F7xx_HAL_Driver/Src/stm32f7xx_hal_tim.o
                0x0000000008003ec0                TIM_CCxChannelCmd
 .text.HAL_TIM_OC_Start
                0x0000000008003edc       0x48 Drivers/STM32F7xx_HAL_Driver/Src/stm32f7xx_hal_tim.o
                0x0000000008003edc                HAL_TIM_OC_Start
 .text.HAL_TIM_PWM_Start
                0x0000000008003f24        0x4 Drivers/STM32F7xx_HAL_Driver/Src/stm32f7xx_hal_tim.o
                0x0000000008003f24                HAL_TIM_PWM_Start
 .text.HAL_TIM_PWM_Stop
                0x0000000008003f28       0x64 Drivers/STM32F7xx_HAL_Driver/Src/stm32f7xx_hal_tim.o
                0x0000000008003f28                HAL_TIM_PWM_Stop
 .text.HAL_TIMEx_MasterConfigSynchronization
                0x0000000008003f8c       0x9c Drivers/STM32F7xx_HAL_Driver/Src/stm32f7xx_hal_tim_ex.o
                0x0000000008003f8c                HAL_TIMEx_MasterConfigSynchronization
 .text.HAL_TIMEx_ConfigBreakDeadTime
                0x0000000008004028       0x84 Drivers/STM32F7xx_HAL_Driver/Src/stm32f7xx_hal_tim_ex.o
                0x0000000008004028                HAL_TIMEx_ConfigBreakDeadTime
 .text.HAL_TIMEx_CommutCallback
                0x00000000080040ac        0x2 Drivers/STM32F7xx_HAL_Driver/Src/stm32f7xx_hal_tim_ex.o
                0x00000000080040ac                HAL_TIMEx_CommutCallback
 .text.HAL_TIMEx_BreakCallback
                0x00000000080040ae        0x2 Drivers/STM32F7xx_HAL_Driver/Src/stm32f7xx_hal_tim_ex.o
                0x00000000080040ae                HAL_TIMEx_BreakCallback
 .text.HAL_TIMEx_Break2Callback
                0x00000000080040b0        0x2 Drivers/STM32F7xx_HAL_Driver/Src/stm32f7xx_hal_tim_ex.o
                0x00000000080040b0                HAL_TIMEx_Break2Callback
 *fill*         0x00000000080040b2        0x2 
 .text.osKernelInitialize
                0x00000000080040b4       0x34 Middlewares/Third_Party/FreeRTOS/Source/CMSIS_RTOS_V2/cmsis_os2.o
                0x00000000080040b4                osKernelInitialize
 .text.osKernelStart
                0x00000000080040e8       0x40 Middlewares/Third_Party/FreeRTOS/Source/CMSIS_RTOS_V2/cmsis_os2.o
                0x00000000080040e8                osKernelStart
 .text.osThreadNew
                0x0000000008004128       0xb0 Middlewares/Third_Party/FreeRTOS/Source/CMSIS_RTOS_V2/cmsis_os2.o
                0x0000000008004128                osThreadNew
 .text.osDelay  0x00000000080041d8       0x34 Middlewares/Third_Party/FreeRTOS/Source/CMSIS_RTOS_V2/cmsis_os2.o
                0x00000000080041d8                osDelay
 .text.osMutexNew
                0x000000000800420c       0x84 Middlewares/Third_Party/FreeRTOS/Source/CMSIS_RTOS_V2/cmsis_os2.o
                0x000000000800420c                osMutexNew
 .text.osMutexAcquire
                0x0000000008004290       0x60 Middlewares/Third_Party/FreeRTOS/Source/CMSIS_RTOS_V2/cmsis_os2.o
                0x0000000008004290                osMutexAcquire
 .text.osMutexRelease
                0x00000000080042f0       0x54 Middlewares/Third_Party/FreeRTOS/Source/CMSIS_RTOS_V2/cmsis_os2.o
                0x00000000080042f0                osMutexRelease
 .text.osMessageQueueNew
                0x0000000008004344       0x8c Middlewares/Third_Party/FreeRTOS/Source/CMSIS_RTOS_V2/cmsis_os2.o
                0x0000000008004344                osMessageQueueNew
 .text.osMessageQueuePut
                0x00000000080043d0       0x84 Middlewares/Third_Party/FreeRTOS/Source/CMSIS_RTOS_V2/cmsis_os2.o
                0x00000000080043d0                osMessageQueuePut
 .text.osMessageQueueGet
                0x0000000008004454       0x80 Middlewares/Third_Party/FreeRTOS/Source/CMSIS_RTOS_V2/cmsis_os2.o
                0x0000000008004454                osMessageQueueGet
 .text.osMessageQueueReset
                0x00000000080044d4       0x38 Middlewares/Third_Party/FreeRTOS/Source/CMSIS_RTOS_V2/cmsis_os2.o
                0x00000000080044d4                osMessageQueueReset
 .text.vApplicationGetIdleTaskMemory
                0x000000000800450c       0x18 Middlewares/Third_Party/FreeRTOS/Source/CMSIS_RTOS_V2/cmsis_os2.o
                0x000000000800450c                vApplicationGetIdleTaskMemory
 .text.vApplicationGetTimerTaskMemory
                0x0000000008004524       0x18 Middlewares/Third_Party/FreeRTOS/Source/CMSIS_RTOS_V2/cmsis_os2.o
                0x0000000008004524                vApplicationGetTimerTaskMemory
 .text.vListInitialise
                0x000000000800453c       0x16 Middlewares/Third_Party/FreeRTOS/Source/list.o
                0x000000000800453c                vListInitialise
 .text.vListInitialiseItem
                0x0000000008004552        0x6 Middlewares/Third_Party/FreeRTOS/Source/list.o
                0x0000000008004552                vListInitialiseItem
 .text.vListInsertEnd
                0x0000000008004558       0x18 Middlewares/Third_Party/FreeRTOS/Source/list.o
                0x0000000008004558                vListInsertEnd
 .text.vListInsert
                0x0000000008004570       0x2e Middlewares/Third_Party/FreeRTOS/Source/list.o
                0x0000000008004570                vListInsert
 .text.uxListRemove
                0x000000000800459e       0x22 Middlewares/Third_Party/FreeRTOS/Source/list.o
                0x000000000800459e                uxListRemove
 .text.prvIsQueueEmpty
                0x00000000080045c0       0x16 Middlewares/Third_Party/FreeRTOS/Source/queue.o
 .text.prvCopyDataToQueue
                0x00000000080045d6       0x66 Middlewares/Third_Party/FreeRTOS/Source/queue.o
 .text.prvCopyDataFromQueue
                0x000000000800463c       0x2a Middlewares/Third_Party/FreeRTOS/Source/queue.o
 .text.prvUnlockQueue
                0x0000000008004666       0x70 Middlewares/Third_Party/FreeRTOS/Source/queue.o
 *fill*         0x00000000080046d6        0x2 
 .text.xQueueGenericReset
                0x00000000080046d8       0x84 Middlewares/Third_Party/FreeRTOS/Source/queue.o
                0x00000000080046d8                xQueueGenericReset
 .text.xQueueGenericCreateStatic
                0x000000000800475c       0xb0 Middlewares/Third_Party/FreeRTOS/Source/queue.o
                0x000000000800475c                xQueueGenericCreateStatic
 .text.xQueueGenericCreate
                0x000000000800480c       0x52 Middlewares/Third_Party/FreeRTOS/Source/queue.o
                0x000000000800480c                xQueueGenericCreate
 *fill*         0x000000000800485e        0x2 
 .text.xQueueGenericSend
                0x0000000008004860      0x174 Middlewares/Third_Party/FreeRTOS/Source/queue.o
                0x0000000008004860                xQueueGenericSend
 .text.xQueueCreateMutexStatic
                0x00000000080049d4       0x2a Middlewares/Third_Party/FreeRTOS/Source/queue.o
                0x00000000080049d4                xQueueCreateMutexStatic
 .text.xQueueGiveMutexRecursive
                0x00000000080049fe       0x40 Middlewares/Third_Party/FreeRTOS/Source/queue.o
                0x00000000080049fe                xQueueGiveMutexRecursive
 .text.xQueueCreateMutex
                0x0000000008004a3e       0x24 Middlewares/Third_Party/FreeRTOS/Source/queue.o
                0x0000000008004a3e                xQueueCreateMutex
 .text.xQueueGenericSendFromISR
                0x0000000008004a62       0xd2 Middlewares/Third_Party/FreeRTOS/Source/queue.o
                0x0000000008004a62                xQueueGenericSendFromISR
 .text.xQueueGiveFromISR
                0x0000000008004b34       0xb8 Middlewares/Third_Party/FreeRTOS/Source/queue.o
                0x0000000008004b34                xQueueGiveFromISR
 .text.xQueueReceive
                0x0000000008004bec      0x14c Middlewares/Third_Party/FreeRTOS/Source/queue.o
                0x0000000008004bec                xQueueReceive
 .text.xQueueSemaphoreTake
                0x0000000008004d38      0x194 Middlewares/Third_Party/FreeRTOS/Source/queue.o
                0x0000000008004d38                xQueueSemaphoreTake
 .text.xQueueTakeMutexRecursive
                0x0000000008004ecc       0x46 Middlewares/Third_Party/FreeRTOS/Source/queue.o
                0x0000000008004ecc                xQueueTakeMutexRecursive
 .text.xQueueReceiveFromISR
                0x0000000008004f12       0xaa Middlewares/Third_Party/FreeRTOS/Source/queue.o
                0x0000000008004f12                xQueueReceiveFromISR
 .text.vQueueAddToRegistry
                0x0000000008004fbc       0x24 Middlewares/Third_Party/FreeRTOS/Source/queue.o
                0x0000000008004fbc                vQueueAddToRegistry
 .text.vQueueWaitForMessageRestricted
                0x0000000008004fe0       0x46 Middlewares/Third_Party/FreeRTOS/Source/queue.o
                0x0000000008004fe0                vQueueWaitForMessageRestricted
 *fill*         0x0000000008005026        0x2 
 .text.prvAddNewTaskToReadyList
                0x0000000008005028       0xfc Middlewares/Third_Party/FreeRTOS/Source/tasks.o
 .text.prvDeleteTCB
                0x0000000008005124       0x3a Middlewares/Third_Party/FreeRTOS/Source/tasks.o
 *fill*         0x000000000800515e        0x2 
 .text.prvIdleTask
                0x0000000008005160       0x64 Middlewares/Third_Party/FreeRTOS/Source/tasks.o
 .text.prvResetNextTaskUnblockTime
                0x00000000080051c4       0x24 Middlewares/Third_Party/FreeRTOS/Source/tasks.o
 .text.prvInitialiseNewTask.isra.2
                0x00000000080051e8       0x96 Middlewares/Third_Party/FreeRTOS/Source/tasks.o
 *fill*         0x000000000800527e        0x2 
 .text.prvAddCurrentTaskToDelayedList
                0x0000000008005280       0x74 Middlewares/Third_Party/FreeRTOS/Source/tasks.o
 .text.xTaskCreateStatic
                0x00000000080052f4       0x7c Middlewares/Third_Party/FreeRTOS/Source/tasks.o
                0x00000000080052f4                xTaskCreateStatic
 .text.xTaskCreate
                0x0000000008005370       0x5a Middlewares/Third_Party/FreeRTOS/Source/tasks.o
                0x0000000008005370                xTaskCreate
 *fill*         0x00000000080053ca        0x2 
 .text.vTaskDelete
                0x00000000080053cc       0xb4 Middlewares/Third_Party/FreeRTOS/Source/tasks.o
                0x00000000080053cc                vTaskDelete
 .text.vTaskStartScheduler
                0x0000000008005480       0x90 Middlewares/Third_Party/FreeRTOS/Source/tasks.o
                0x0000000008005480                vTaskStartScheduler
 .text.vTaskSuspendAll
                0x0000000008005510       0x10 Middlewares/Third_Party/FreeRTOS/Source/tasks.o
                0x0000000008005510                vTaskSuspendAll
 .text.xTaskGetTickCount
                0x0000000008005520        0xc Middlewares/Third_Party/FreeRTOS/Source/tasks.o
                0x0000000008005520                xTaskGetTickCount
 .text.xTaskIncrementTick
                0x000000000800552c      0x124 Middlewares/Third_Party/FreeRTOS/Source/tasks.o
                0x000000000800552c                xTaskIncrementTick
 .text.xTaskResumeAll
                0x0000000008005650       0xec Middlewares/Third_Party/FreeRTOS/Source/tasks.o
                0x0000000008005650                xTaskResumeAll
 .text.vTaskDelay
                0x000000000800573c       0x4c Middlewares/Third_Party/FreeRTOS/Source/tasks.o
                0x000000000800573c                vTaskDelay
 .text.vTaskSwitchContext
                0x0000000008005788       0x7c Middlewares/Third_Party/FreeRTOS/Source/tasks.o
                0x0000000008005788                vTaskSwitchContext
 .text.vTaskPlaceOnEventList
                0x0000000008005804       0x38 Middlewares/Third_Party/FreeRTOS/Source/tasks.o
                0x0000000008005804                vTaskPlaceOnEventList
 .text.vTaskPlaceOnEventListRestricted
                0x000000000800583c       0x40 Middlewares/Third_Party/FreeRTOS/Source/tasks.o
                0x000000000800583c                vTaskPlaceOnEventListRestricted
 .text.xTaskRemoveFromEventList
                0x000000000800587c       0x88 Middlewares/Third_Party/FreeRTOS/Source/tasks.o
                0x000000000800587c                xTaskRemoveFromEventList
 .text.vTaskInternalSetTimeOutState
                0x0000000008005904       0x18 Middlewares/Third_Party/FreeRTOS/Source/tasks.o
                0x0000000008005904                vTaskInternalSetTimeOutState
 .text.xTaskCheckForTimeOut
                0x000000000800591c       0x80 Middlewares/Third_Party/FreeRTOS/Source/tasks.o
                0x000000000800591c                xTaskCheckForTimeOut
 .text.vTaskMissedYield
                0x000000000800599c        0xc Middlewares/Third_Party/FreeRTOS/Source/tasks.o
                0x000000000800599c                vTaskMissedYield
 .text.xTaskGetCurrentTaskHandle
                0x00000000080059a8        0xc Middlewares/Third_Party/FreeRTOS/Source/tasks.o
                0x00000000080059a8                xTaskGetCurrentTaskHandle
 .text.xTaskGetSchedulerState
                0x00000000080059b4       0x20 Middlewares/Third_Party/FreeRTOS/Source/tasks.o
                0x00000000080059b4                xTaskGetSchedulerState
 .text.xTaskPriorityInherit
                0x00000000080059d4       0x80 Middlewares/Third_Party/FreeRTOS/Source/tasks.o
                0x00000000080059d4                xTaskPriorityInherit
 .text.xTaskPriorityDisinherit
                0x0000000008005a54       0x8c Middlewares/Third_Party/FreeRTOS/Source/tasks.o
                0x0000000008005a54                xTaskPriorityDisinherit
 .text.vTaskPriorityDisinheritAfterTimeout
                0x0000000008005ae0       0xa4 Middlewares/Third_Party/FreeRTOS/Source/tasks.o
                0x0000000008005ae0                vTaskPriorityDisinheritAfterTimeout
 .text.pvTaskIncrementMutexHeldCount
                0x0000000008005b84       0x18 Middlewares/Third_Party/FreeRTOS/Source/tasks.o
                0x0000000008005b84                pvTaskIncrementMutexHeldCount
 .text.prvCheckForValidListAndQueue
                0x0000000008005b9c       0x68 Middlewares/Third_Party/FreeRTOS/Source/timers.o
 .text.prvInsertTimerInActiveList
                0x0000000008005c04       0x3c Middlewares/Third_Party/FreeRTOS/Source/timers.o
 .text.xTimerCreateTimerTask
                0x0000000008005c40       0x68 Middlewares/Third_Party/FreeRTOS/Source/timers.o
                0x0000000008005c40                xTimerCreateTimerTask
 .text.xTimerGenericCommand
                0x0000000008005ca8       0x5c Middlewares/Third_Party/FreeRTOS/Source/timers.o
                0x0000000008005ca8                xTimerGenericCommand
 .text.prvSwitchTimerLists
                0x0000000008005d04       0x84 Middlewares/Third_Party/FreeRTOS/Source/timers.o
 .text.prvTimerTask
                0x0000000008005d88      0x22c Middlewares/Third_Party/FreeRTOS/Source/timers.o
 .text.prvTaskExitError
                0x0000000008005fb4       0x48 Middlewares/Third_Party/FreeRTOS/Source/portable/GCC/ARM_CM7/r0p1/port.o
 .text.unlikely.prvPortStartFirstTask
                0x0000000008005ffc       0x28 Middlewares/Third_Party/FreeRTOS/Source/portable/GCC/ARM_CM7/r0p1/port.o
 .text.unlikely.vPortEnableVFP
                0x0000000008006024       0x14 Middlewares/Third_Party/FreeRTOS/Source/portable/GCC/ARM_CM7/r0p1/port.o
 .text.pxPortInitialiseStack
                0x0000000008006038       0x24 Middlewares/Third_Party/FreeRTOS/Source/portable/GCC/ARM_CM7/r0p1/port.o
                0x0000000008006038                pxPortInitialiseStack
 *fill*         0x000000000800605c        0x4 
 .text.SVC_Handler
                0x0000000008006060       0x24 Middlewares/Third_Party/FreeRTOS/Source/portable/GCC/ARM_CM7/r0p1/port.o
                0x0000000008006060                SVC_Handler
 .text.vPortEnterCritical
                0x0000000008006084       0x4c Middlewares/Third_Party/FreeRTOS/Source/portable/GCC/ARM_CM7/r0p1/port.o
                0x0000000008006084                vPortEnterCritical
 .text.vPortExitCritical
                0x00000000080060d0       0x2c Middlewares/Third_Party/FreeRTOS/Source/portable/GCC/ARM_CM7/r0p1/port.o
                0x00000000080060d0                vPortExitCritical
 *fill*         0x00000000080060fc        0x4 
 .text.PendSV_Handler
                0x0000000008006100       0x64 Middlewares/Third_Party/FreeRTOS/Source/portable/GCC/ARM_CM7/r0p1/port.o
                0x0000000008006100                PendSV_Handler
 .text.xPortSysTickHandler
                0x0000000008006164       0x30 Middlewares/Third_Party/FreeRTOS/Source/portable/GCC/ARM_CM7/r0p1/port.o
                0x0000000008006164                xPortSysTickHandler
 .text.vPortSetupTimerInterrupt
                0x0000000008006194       0x34 Middlewares/Third_Party/FreeRTOS/Source/portable/GCC/ARM_CM7/r0p1/port.o
                0x0000000008006194                vPortSetupTimerInterrupt
 .text.xPortStartScheduler
                0x00000000080061c8       0xcc Middlewares/Third_Party/FreeRTOS/Source/portable/GCC/ARM_CM7/r0p1/port.o
                0x00000000080061c8                xPortStartScheduler
 .text.vPortValidateInterruptPriority
                0x0000000008006294       0x64 Middlewares/Third_Party/FreeRTOS/Source/portable/GCC/ARM_CM7/r0p1/port.o
                0x0000000008006294                vPortValidateInterruptPriority
 .text.unlikely.prvInsertBlockIntoFreeList
                0x00000000080062f8       0x48 Middlewares/Third_Party/FreeRTOS/Source/portable/MemMang/heap_4.o
 .text.pvPortMalloc
                0x0000000008006340      0x120 Middlewares/Third_Party/FreeRTOS/Source/portable/MemMang/heap_4.o
                0x0000000008006340                pvPortMalloc
 .text.vPortFree
                0x0000000008006460       0x78 Middlewares/Third_Party/FreeRTOS/Source/portable/MemMang/heap_4.o
                0x0000000008006460                vPortFree
 .text.MP3ClearBadFrame
                0x00000000080064d8       0x24 Mp3Helix/mp3dec.o
 .text.MP3InitDecoder
                0x00000000080064fc        0x4 Mp3Helix/mp3dec.o
                0x00000000080064fc                MP3InitDecoder
 .text.MP3FindSyncWord
                0x0000000008006500       0x26 Mp3Helix/mp3dec.o
                0x0000000008006500                MP3FindSyncWord
 *fill*         0x0000000008006526        0x2 
 .text.MP3GetLastFrameInfo
                0x0000000008006528       0x54 Mp3Helix/mp3dec.o
                0x0000000008006528                MP3GetLastFrameInfo
 .text.MP3GetNextFrameInfo
                0x000000000800657c       0x32 Mp3Helix/mp3dec.o
                0x000000000800657c                MP3GetNextFrameInfo
 .text.MP3Decode
                0x00000000080065ae      0x314 Mp3Helix/mp3dec.o
                0x00000000080065ae                MP3Decode
 .text.xmp3_SetBitstreamPointer
                0x00000000080068c2        0xc Mp3Helix/real/bitstream.o
                0x00000000080068c2                xmp3_SetBitstreamPointer
 .text.xmp3_GetBits
                0x00000000080068ce       0xb0 Mp3Helix/real/bitstream.o
                0x00000000080068ce                xmp3_GetBits
 .text.xmp3_CalcBitsUsed
                0x000000000800697e        0xe Mp3Helix/real/bitstream.o
                0x000000000800697e                xmp3_CalcBitsUsed
 .text.xmp3_CheckPadBit
                0x000000000800698c       0x16 Mp3Helix/real/bitstream.o
                0x000000000800698c                xmp3_CheckPadBit
 *fill*         0x00000000080069a2        0x2 
 .text.xmp3_UnpackFrameHeader
                0x00000000080069a4      0x1cc Mp3Helix/real/bitstream.o
                0x00000000080069a4                xmp3_UnpackFrameHeader
 .text.xmp3_UnpackSideInfo
                0x0000000008006b70      0x20c Mp3Helix/real/bitstream.o
                0x0000000008006b70                xmp3_UnpackSideInfo
 .text.ClearBuffer
                0x0000000008006d7c        0xe Mp3Helix/real/buffers.o
 .text.xmp3_FreeBuffers
                0x0000000008006d8a       0x60 Mp3Helix/real/buffers.o
                0x0000000008006d8a                xmp3_FreeBuffers
 .text.xmp3_AllocateBuffers
                0x0000000008006dea       0xda Mp3Helix/real/buffers.o
                0x0000000008006dea                xmp3_AllocateBuffers
 .text.xmp3_FDCT32
                0x0000000008006ec4      0x61c Mp3Helix/real/dct32.o
                0x0000000008006ec4                xmp3_FDCT32
 .text.xmp3_Dequantize
                0x00000000080074e0      0x240 Mp3Helix/real/dequant.o
                0x00000000080074e0                xmp3_Dequantize
 .text.DequantBlock
                0x0000000008007720      0x194 Mp3Helix/real/dqchan.o
 .text.xmp3_DequantChannel
                0x00000000080078b4      0x22c Mp3Helix/real/dqchan.o
                0x00000000080078b4                xmp3_DequantChannel
 .text.xmp3_DecodeHuffman
                0x0000000008007ae0      0x66c Mp3Helix/real/huffman.o
                0x0000000008007ae0                xmp3_DecodeHuffman
 .text.FreqInvertRescale
                0x000000000800814c      0x156 Mp3Helix/real/imdct.o
 *fill*         0x00000000080082a2        0x2 
 .text.idct9    0x00000000080082a4      0x11c Mp3Helix/real/imdct.o
 .text.imdct12  0x00000000080083c0       0x98 Mp3Helix/real/imdct.o
 .text.WinPrevious
                0x0000000008008458      0x120 Mp3Helix/real/imdct.o
 .text.xmp3_IMDCT
                0x0000000008008578      0x898 Mp3Helix/real/imdct.o
                0x0000000008008578                xmp3_IMDCT
 .text.xmp3_UnpackScaleFactors
                0x0000000008008e10      0x63c Mp3Helix/real/scalfact.o
                0x0000000008008e10                xmp3_UnpackScaleFactors
 .text.xmp3_MidSideProc
                0x000000000800944c       0x50 Mp3Helix/real/stproc.o
                0x000000000800944c                xmp3_MidSideProc
 .text.xmp3_IntensityProcMPEG1
                0x000000000800949c      0x298 Mp3Helix/real/stproc.o
                0x000000000800949c                xmp3_IntensityProcMPEG1
 .text.xmp3_IntensityProcMPEG2
                0x0000000008009734      0x264 Mp3Helix/real/stproc.o
                0x0000000008009734                xmp3_IntensityProcMPEG2
 .text.xmp3_Subband
                0x0000000008009998       0xf4 Mp3Helix/real/subband.o
                0x0000000008009998                xmp3_Subband
 .text.SetRowSpecBrightness.constprop.0
                0x0000000008009a8c       0x24 Src/effects.o
 .text.HAL_TIM_PeriodElapsedCallback
                0x0000000008009ab0       0xfc Src/effects.o
                0x0000000008009ab0                HAL_TIM_PeriodElapsedCallback
 .text.effect_fill
                0x0000000008009bac       0x48 Src/effects.o
                0x0000000008009bac                effect_fill
 .text.effect_start
                0x0000000008009bf4       0xb4 Src/effects.o
                0x0000000008009bf4                effect_start
 .text.effect_stop
                0x0000000008009ca8       0x70 Src/effects.o
                0x0000000008009ca8                effect_stop
 .text.effect_boot
                0x0000000008009d18       0x6c Src/effects.o
                0x0000000008009d18                effect_boot
 .text.effect_putch
                0x0000000008009d84       0x54 Src/effects.o
                0x0000000008009d84                effect_putch
 .text.effect_print
                0x0000000008009dd8      0x100 Src/effects.o
                0x0000000008009dd8                effect_print
 .text.effect_smile
                0x0000000008009ed8      0x1a0 Src/effects.o
                0x0000000008009ed8                effect_smile
 .text.effect_savestate
                0x000000000800a078       0x34 Src/effects.o
                0x000000000800a078                effect_savestate
 .text.effect_restorestate
                0x000000000800a0ac       0x34 Src/effects.o
                0x000000000800a0ac                effect_restorestate
 .text.effect_decreasebright
                0x000000000800a0e0       0x40 Src/effects.o
                0x000000000800a0e0                effect_decreasebright
 .text.effect_setbacklightpercent
                0x000000000800a120       0xa8 Src/effects.o
                0x000000000800a120                effect_setbacklightpercent
 .text.effect_setbacklighttwohalfspercent
                0x000000000800a1c8       0xec Src/effects.o
                0x000000000800a1c8                effect_setbacklighttwohalfspercent
 .text.effect_settwohalfspercent
                0x000000000800a2b4      0x130 Src/effects.o
                0x000000000800a2b4                effect_settwohalfspercent
 .text.effect_setpercent
                0x000000000800a3e4       0xec Src/effects.o
                0x000000000800a3e4                effect_setpercent
 .text.effect_fill_special
                0x000000000800a4d0      0x2ac Src/effects.o
                0x000000000800a4d0                effect_fill_special
 .text.effect_setpercentfromto
                0x000000000800a77c      0x16c Src/effects.o
                0x000000000800a77c                effect_setpercentfromto
 .text.effect_circle
                0x000000000800a8e8       0xa4 Src/effects.o
                0x000000000800a8e8                effect_circle
 .text.font_get
                0x000000000800a98c      0xf94 Src/font.o
                0x000000000800a98c                font_get
 .text.SCB_CleanDCache_by_Addr
                0x000000000800b920       0x28 Src/freertos.o
 .text.StartDisplayTask
                0x000000000800b948       0x54 Src/freertos.o
 .text.MP3_PeriodElapsedHalfCplt
                0x000000000800b99c       0x4c Src/freertos.o
 .text.MP3_PeriodElapsedCplt
                0x000000000800b9e8       0x4c Src/freertos.o
 .text.StartPlayback
                0x000000000800ba34      0x15c Src/freertos.o
 .text.ADC_Handle.constprop.1
                0x000000000800bb90      0x168 Src/freertos.o
 .text.HAL_ADC_ConvCpltCallback
                0x000000000800bcf8       0x18 Src/freertos.o
                0x000000000800bcf8                HAL_ADC_ConvCpltCallback
 .text.HAL_ADC_ConvHalfCpltCallback
                0x000000000800bd10       0x18 Src/freertos.o
                0x000000000800bd10                HAL_ADC_ConvHalfCpltCallback
 .text.HAL_GPIO_EXTI_Callback
                0x000000000800bd28       0x3c Src/freertos.o
                0x000000000800bd28                HAL_GPIO_EXTI_Callback
 .text.StartControlTask
                0x000000000800bd64      0x1d4 Src/freertos.o
                0x000000000800bd64                StartControlTask
 .text.StartPlaybackTask
                0x000000000800bf38      0x344 Src/freertos.o
                0x000000000800bf38                StartPlaybackTask
 .text.StartSpiReadTask
                0x000000000800c27c       0xf0 Src/freertos.o
                0x000000000800c27c                StartSpiReadTask
 .text.HAL_SPI_TxCpltCallback
                0x000000000800c36c       0x10 Src/freertos.o
                0x000000000800c36c                HAL_SPI_TxCpltCallback
 .text.HAL_SPI_RxCpltCallback
                0x000000000800c37c       0x10 Src/freertos.o
                0x000000000800c37c                HAL_SPI_RxCpltCallback
 .text.HAL_SPI_TxRxCpltCallback
                0x000000000800c38c       0x10 Src/freertos.o
                0x000000000800c38c                HAL_SPI_TxRxCpltCallback
 .text.SystemClock_Config
                0x000000000800c39c       0xb0 Src/main.o
                0x000000000800c39c                SystemClock_Config
 .text.startup.main
                0x000000000800c44c      0x5b0 Src/main.o
                0x000000000800c44c                main
 .text.Error_Handler
                0x000000000800c9fc        0x2 Src/main.o
                0x000000000800c9fc                Error_Handler
 *fill*         0x000000000800c9fe        0x2 
 .text.out_updatecharginglevel
                0x000000000800ca00       0x30 Src/outputs.o
                0x000000000800ca00                out_updatecharginglevel
 .text.out_charging
                0x000000000800ca30      0x1a8 Src/outputs.o
                0x000000000800ca30                out_charging
 .text.out_batterylow
                0x000000000800cbd8      0x150 Src/outputs.o
                0x000000000800cbd8                out_batterylow
 .text.out_main
                0x000000000800cd28      0x500 Src/outputs.o
                0x000000000800cd28                out_main
 .text.SCB_InvalidateDCache_by_Addr
                0x000000000800d228       0x28 Src/sst25vf032b.o
 .text.SST25_TxCpltCallback
                0x000000000800d250       0x1c Src/sst25vf032b.o
                0x000000000800d250                SST25_TxCpltCallback
 .text.SST25_RxCpltCallback
                0x000000000800d26c       0x1c Src/sst25vf032b.o
                0x000000000800d26c                SST25_RxCpltCallback
 .text.SST25_TxRxCpltCallback
                0x000000000800d288       0x30 Src/sst25vf032b.o
                0x000000000800d288                SST25_TxRxCpltCallback
 .text.SST25_Init
                0x000000000800d2b8       0xfc Src/sst25vf032b.o
                0x000000000800d2b8                SST25_Init
 .text.SST25_Read
                0x000000000800d3b4       0xcc Src/sst25vf032b.o
                0x000000000800d3b4                SST25_Read
 .text.HAL_MspInit
                0x000000000800d480       0x3c Src/stm32f7xx_hal_msp.o
                0x000000000800d480                HAL_MspInit
 .text.HAL_ADC_MspInit
                0x000000000800d4bc       0x9c Src/stm32f7xx_hal_msp.o
                0x000000000800d4bc                HAL_ADC_MspInit
 .text.HAL_RNG_MspInit
                0x000000000800d558       0x44 Src/stm32f7xx_hal_msp.o
                0x000000000800d558                HAL_RNG_MspInit
 .text.HAL_SPI_MspInit
                0x000000000800d59c       0xf8 Src/stm32f7xx_hal_msp.o
                0x000000000800d59c                HAL_SPI_MspInit
 .text.HAL_TIM_Base_MspInit
                0x000000000800d694      0x11c Src/stm32f7xx_hal_msp.o
                0x000000000800d694                HAL_TIM_Base_MspInit
 .text.HAL_TIM_MspPostInit
                0x000000000800d7b0       0x54 Src/stm32f7xx_hal_msp.o
                0x000000000800d7b0                HAL_TIM_MspPostInit
 .text.NMI_Handler
                0x000000000800d804        0x2 Src/stm32f7xx_it.o
                0x000000000800d804                NMI_Handler
 .text.HardFault_Handler
                0x000000000800d806        0x2 Src/stm32f7xx_it.o
                0x000000000800d806                HardFault_Handler
 .text.MemManage_Handler
                0x000000000800d808        0x2 Src/stm32f7xx_it.o
                0x000000000800d808                MemManage_Handler
 .text.BusFault_Handler
                0x000000000800d80a        0x2 Src/stm32f7xx_it.o
                0x000000000800d80a                BusFault_Handler
 .text.UsageFault_Handler
                0x000000000800d80c        0x2 Src/stm32f7xx_it.o
                0x000000000800d80c                UsageFault_Handler
 .text.DebugMon_Handler
                0x000000000800d80e        0x2 Src/stm32f7xx_it.o
                0x000000000800d80e                DebugMon_Handler
 .text.SysTick_Handler
                0x000000000800d810       0x18 Src/stm32f7xx_it.o
                0x000000000800d810                SysTick_Handler
 .text.DMA1_Stream1_IRQHandler
                0x000000000800d828        0xc Src/stm32f7xx_it.o
                0x000000000800d828                DMA1_Stream1_IRQHandler
 .text.TIM7_IRQHandler
                0x000000000800d834        0xc Src/stm32f7xx_it.o
                0x000000000800d834                TIM7_IRQHandler
 .text.DMA2_Stream0_IRQHandler
                0x000000000800d840        0xc Src/stm32f7xx_it.o
                0x000000000800d840                DMA2_Stream0_IRQHandler
 .text.DMA2_Stream1_IRQHandler
                0x000000000800d84c        0xc Src/stm32f7xx_it.o
                0x000000000800d84c                DMA2_Stream1_IRQHandler
 .text.DMA2_Stream4_IRQHandler
                0x000000000800d858        0xc Src/stm32f7xx_it.o
                0x000000000800d858                DMA2_Stream4_IRQHandler
 .text.RNG_IRQHandler
                0x000000000800d864        0xc Src/stm32f7xx_it.o
                0x000000000800d864                RNG_IRQHandler
 .text.SPI4_IRQHandler
                0x000000000800d870        0xc Src/stm32f7xx_it.o
                0x000000000800d870                SPI4_IRQHandler
 .text.EXTI9_5_IRQHandler
                0x000000000800d87c        0x8 Src/stm32f7xx_it.o
                0x000000000800d87c                EXTI9_5_IRQHandler
 .text._sbrk    0x000000000800d884       0x34 Src/sysmem.o
                0x000000000800d884                _sbrk
 .text.SystemInit
                0x000000000800d8b8       0x1c Src/system_stm32f7xx.o
                0x000000000800d8b8                SystemInit
 .text.Reset_Handler
                0x000000000800d8d4       0x50 Startup/startup_stm32f745vetx.o
                0x000000000800d8d4                Reset_Handler
 .text.Default_Handler
                0x000000000800d924        0x2 Startup/startup_stm32f745vetx.o
                0x000000000800d924                RTC_Alarm_IRQHandler
                0x000000000800d924                EXTI2_IRQHandler
                0x000000000800d924                TIM8_CC_IRQHandler
                0x000000000800d924                UART8_IRQHandler
                0x000000000800d924                TIM1_CC_IRQHandler
                0x000000000800d924                DMA2_Stream5_IRQHandler
                0x000000000800d924                DMA1_Stream5_IRQHandler
                0x000000000800d924                PVD_IRQHandler
                0x000000000800d924                TAMP_STAMP_IRQHandler
                0x000000000800d924                CAN2_RX1_IRQHandler
                0x000000000800d924                EXTI3_IRQHandler
                0x000000000800d924                TIM8_TRG_COM_TIM14_IRQHandler
                0x000000000800d924                TIM1_UP_TIM10_IRQHandler
                0x000000000800d924                TIM8_UP_TIM13_IRQHandler
                0x000000000800d924                I2C3_ER_IRQHandler
                0x000000000800d924                EXTI0_IRQHandler
                0x000000000800d924                I2C2_EV_IRQHandler
                0x000000000800d924                DMA1_Stream2_IRQHandler
                0x000000000800d924                CAN1_RX0_IRQHandler
                0x000000000800d924                FPU_IRQHandler
                0x000000000800d924                OTG_HS_WKUP_IRQHandler
                0x000000000800d924                CAN2_SCE_IRQHandler
                0x000000000800d924                DMA2_Stream2_IRQHandler
                0x000000000800d924                SPI1_IRQHandler
                0x000000000800d924                TIM6_DAC_IRQHandler
                0x000000000800d924                TIM1_BRK_TIM9_IRQHandler
                0x000000000800d924                DCMI_IRQHandler
                0x000000000800d924                CAN2_RX0_IRQHandler
                0x000000000800d924                DMA2_Stream3_IRQHandler
                0x000000000800d924                SAI2_IRQHandler
                0x000000000800d924                USART6_IRQHandler
                0x000000000800d924                USART3_IRQHandler
                0x000000000800d924                CAN1_RX1_IRQHandler
                0x000000000800d924                UART5_IRQHandler
                0x000000000800d924                TIM4_IRQHandler
                0x000000000800d924                QUADSPI_IRQHandler
                0x000000000800d924                I2C1_EV_IRQHandler
                0x000000000800d924                DMA1_Stream6_IRQHandler
                0x000000000800d924                UART4_IRQHandler
                0x000000000800d924                TIM3_IRQHandler
                0x000000000800d924                RCC_IRQHandler
                0x000000000800d924                TIM8_BRK_TIM12_IRQHandler
                0x000000000800d924                Default_Handler
                0x000000000800d924                CEC_IRQHandler
                0x000000000800d924                EXTI15_10_IRQHandler
                0x000000000800d924                ADC_IRQHandler
                0x000000000800d924                DMA1_Stream7_IRQHandler
                0x000000000800d924                SPI5_IRQHandler
                0x000000000800d924                SDMMC1_IRQHandler
                0x000000000800d924                CAN2_TX_IRQHandler
                0x000000000800d924                TIM5_IRQHandler
                0x000000000800d924                DMA2_Stream7_IRQHandler
                0x000000000800d924                I2C3_EV_IRQHandler
                0x000000000800d924                RTC_WKUP_IRQHandler
                0x000000000800d924                ETH_WKUP_IRQHandler
                0x000000000800d924                SPDIF_RX_IRQHandler
                0x000000000800d924                SPI2_IRQHandler
                0x000000000800d924                OTG_HS_EP1_IN_IRQHandler
                0x000000000800d924                DMA1_Stream0_IRQHandler
                0x000000000800d924                CAN1_TX_IRQHandler
                0x000000000800d924                EXTI4_IRQHandler
                0x000000000800d924                ETH_IRQHandler
                0x000000000800d924                OTG_HS_EP1_OUT_IRQHandler
                0x000000000800d924                WWDG_IRQHandler
                0x000000000800d924                SPI6_IRQHandler
                0x000000000800d924                I2C4_EV_IRQHandler
                0x000000000800d924                TIM2_IRQHandler
                0x000000000800d924                OTG_FS_WKUP_IRQHandler
                0x000000000800d924                TIM1_TRG_COM_TIM11_IRQHandler
                0x000000000800d924                OTG_HS_IRQHandler
                0x000000000800d924                DMA2D_IRQHandler
                0x000000000800d924                EXTI1_IRQHandler
                0x000000000800d924                UART7_IRQHandler
                0x000000000800d924                USART2_IRQHandler
                0x000000000800d924                I2C2_ER_IRQHandler
                0x000000000800d924                CAN1_SCE_IRQHandler
                0x000000000800d924                FLASH_IRQHandler
                0x000000000800d924                USART1_IRQHandler
                0x000000000800d924                OTG_FS_IRQHandler
                0x000000000800d924                SPI3_IRQHandler
                0x000000000800d924                DMA1_Stream4_IRQHandler
                0x000000000800d924                I2C1_ER_IRQHandler
                0x000000000800d924                FMC_IRQHandler
                0x000000000800d924                LPTIM1_IRQHandler
                0x000000000800d924                I2C4_ER_IRQHandler
                0x000000000800d924                DMA2_Stream6_IRQHandler
                0x000000000800d924                SAI1_IRQHandler
                0x000000000800d924                DMA1_Stream3_IRQHandler
 *fill*         0x000000000800d926        0x2 
 .text.__errno  0x000000000800d928        0xc c:/st/stm32cubeide_1.3.0/stm32cubeide/plugins/com.st.stm32cube.ide.mcu.externaltools.gnu-tools-for-stm32.7-2018-q2-update.win32_1.0.0.201904181610/tools/bin/../lib/gcc/arm-none-eabi/7.3.1/../../../../arm-none-eabi/lib/thumb/v7e-m/fpv4-sp/hard\libc_nano.a(lib_a-errno.o)
                0x000000000800d928                __errno
 .text.__libc_init_array
                0x000000000800d934       0x48 c:/st/stm32cubeide_1.3.0/stm32cubeide/plugins/com.st.stm32cube.ide.mcu.externaltools.gnu-tools-for-stm32.7-2018-q2-update.win32_1.0.0.201904181610/tools/bin/../lib/gcc/arm-none-eabi/7.3.1/../../../../arm-none-eabi/lib/thumb/v7e-m/fpv4-sp/hard\libc_nano.a(lib_a-init.o)
                0x000000000800d934                __libc_init_array
 .text.memcpy   0x000000000800d97c       0x16 c:/st/stm32cubeide_1.3.0/stm32cubeide/plugins/com.st.stm32cube.ide.mcu.externaltools.gnu-tools-for-stm32.7-2018-q2-update.win32_1.0.0.201904181610/tools/bin/../lib/gcc/arm-none-eabi/7.3.1/../../../../arm-none-eabi/lib/thumb/v7e-m/fpv4-sp/hard\libc_nano.a(lib_a-memcpy-stub.o)
                0x000000000800d97c                memcpy
 .text.memmove  0x000000000800d992       0x32 c:/st/stm32cubeide_1.3.0/stm32cubeide/plugins/com.st.stm32cube.ide.mcu.externaltools.gnu-tools-for-stm32.7-2018-q2-update.win32_1.0.0.201904181610/tools/bin/../lib/gcc/arm-none-eabi/7.3.1/../../../../arm-none-eabi/lib/thumb/v7e-m/fpv4-sp/hard\libc_nano.a(lib_a-memmove.o)
                0x000000000800d992                memmove
 .text.memset   0x000000000800d9c4       0x10 c:/st/stm32cubeide_1.3.0/stm32cubeide/plugins/com.st.stm32cube.ide.mcu.externaltools.gnu-tools-for-stm32.7-2018-q2-update.win32_1.0.0.201904181610/tools/bin/../lib/gcc/arm-none-eabi/7.3.1/../../../../arm-none-eabi/lib/thumb/v7e-m/fpv4-sp/hard\libc_nano.a(lib_a-memset.o)
                0x000000000800d9c4                memset
 .text.__cvt    0x000000000800d9d4       0xc2 c:/st/stm32cubeide_1.3.0/stm32cubeide/plugins/com.st.stm32cube.ide.mcu.externaltools.gnu-tools-for-stm32.7-2018-q2-update.win32_1.0.0.201904181610/tools/bin/../lib/gcc/arm-none-eabi/7.3.1/../../../../arm-none-eabi/lib/thumb/v7e-m/fpv4-sp/hard\libc_nano.a(lib_a-nano-vfprintf_float.o)
                0x000000000800d9d4                __cvt
 .text.__exponent
                0x000000000800da96       0x66 c:/st/stm32cubeide_1.3.0/stm32cubeide/plugins/com.st.stm32cube.ide.mcu.externaltools.gnu-tools-for-stm32.7-2018-q2-update.win32_1.0.0.201904181610/tools/bin/../lib/gcc/arm-none-eabi/7.3.1/../../../../arm-none-eabi/lib/thumb/v7e-m/fpv4-sp/hard\libc_nano.a(lib_a-nano-vfprintf_float.o)
                0x000000000800da96                __exponent
 .text._printf_float
                0x000000000800dafc      0x480 c:/st/stm32cubeide_1.3.0/stm32cubeide/plugins/com.st.stm32cube.ide.mcu.externaltools.gnu-tools-for-stm32.7-2018-q2-update.win32_1.0.0.201904181610/tools/bin/../lib/gcc/arm-none-eabi/7.3.1/../../../../arm-none-eabi/lib/thumb/v7e-m/fpv4-sp/hard\libc_nano.a(lib_a-nano-vfprintf_float.o)
                0x000000000800dafc                _printf_float
 .text._printf_common
                0x000000000800df7c       0xea c:/st/stm32cubeide_1.3.0/stm32cubeide/plugins/com.st.stm32cube.ide.mcu.externaltools.gnu-tools-for-stm32.7-2018-q2-update.win32_1.0.0.201904181610/tools/bin/../lib/gcc/arm-none-eabi/7.3.1/../../../../arm-none-eabi/lib/thumb/v7e-m/fpv4-sp/hard\libc_nano.a(lib_a-nano-vfprintf_i.o)
                0x000000000800df7c                _printf_common
 *fill*         0x000000000800e066        0x2 
 .text._printf_i
                0x000000000800e068      0x224 c:/st/stm32cubeide_1.3.0/stm32cubeide/plugins/com.st.stm32cube.ide.mcu.externaltools.gnu-tools-for-stm32.7-2018-q2-update.win32_1.0.0.201904181610/tools/bin/../lib/gcc/arm-none-eabi/7.3.1/../../../../arm-none-eabi/lib/thumb/v7e-m/fpv4-sp/hard\libc_nano.a(lib_a-nano-vfprintf_i.o)
                0x000000000800e068                _printf_i
 .text._scanf_float
                0x000000000800e28c      0x3c4 c:/st/stm32cubeide_1.3.0/stm32cubeide/plugins/com.st.stm32cube.ide.mcu.externaltools.gnu-tools-for-stm32.7-2018-q2-update.win32_1.0.0.201904181610/tools/bin/../lib/gcc/arm-none-eabi/7.3.1/../../../../arm-none-eabi/lib/thumb/v7e-m/fpv4-sp/hard\libc_nano.a(lib_a-nano-vfscanf_float.o)
                0x000000000800e28c                _scanf_float
 .text.nanf     0x000000000800e650        0xc c:/st/stm32cubeide_1.3.0/stm32cubeide/plugins/com.st.stm32cube.ide.mcu.externaltools.gnu-tools-for-stm32.7-2018-q2-update.win32_1.0.0.201904181610/tools/bin/../lib/gcc/arm-none-eabi/7.3.1/../../../../arm-none-eabi/lib/thumb/v7e-m/fpv4-sp/hard\libc_nano.a(lib_a-sf_nan.o)
                0x000000000800e650                nanf
 .text.sprintf  0x000000000800e65c       0x40 c:/st/stm32cubeide_1.3.0/stm32cubeide/plugins/com.st.stm32cube.ide.mcu.externaltools.gnu-tools-for-stm32.7-2018-q2-update.win32_1.0.0.201904181610/tools/bin/../lib/gcc/arm-none-eabi/7.3.1/../../../../arm-none-eabi/lib/thumb/v7e-m/fpv4-sp/hard\libc_nano.a(lib_a-sprintf.o)
                0x000000000800e65c                siprintf
                0x000000000800e65c                sprintf
 .text.unlikely.sulp
                0x000000000800e69c       0x38 c:/st/stm32cubeide_1.3.0/stm32cubeide/plugins/com.st.stm32cube.ide.mcu.externaltools.gnu-tools-for-stm32.7-2018-q2-update.win32_1.0.0.201904181610/tools/bin/../lib/gcc/arm-none-eabi/7.3.1/../../../../arm-none-eabi/lib/thumb/v7e-m/fpv4-sp/hard\libc_nano.a(lib_a-strtod.o)
 *fill*         0x000000000800e6d4        0x4 
 .text._strtod_l
                0x000000000800e6d8      0xbe8 c:/st/stm32cubeide_1.3.0/stm32cubeide/plugins/com.st.stm32cube.ide.mcu.externaltools.gnu-tools-for-stm32.7-2018-q2-update.win32_1.0.0.201904181610/tools/bin/../lib/gcc/arm-none-eabi/7.3.1/../../../../arm-none-eabi/lib/thumb/v7e-m/fpv4-sp/hard\libc_nano.a(lib_a-strtod.o)
                0x000000000800e6d8                _strtod_l
 .text._strtod_r
                0x000000000800f2c0       0x20 c:/st/stm32cubeide_1.3.0/stm32cubeide/plugins/com.st.stm32cube.ide.mcu.externaltools.gnu-tools-for-stm32.7-2018-q2-update.win32_1.0.0.201904181610/tools/bin/../lib/gcc/arm-none-eabi/7.3.1/../../../../arm-none-eabi/lib/thumb/v7e-m/fpv4-sp/hard\libc_nano.a(lib_a-strtod.o)
                0x000000000800f2c0                _strtod_r
 .text._strtol_l.isra.0
                0x000000000800f2e0       0xf6 c:/st/stm32cubeide_1.3.0/stm32cubeide/plugins/com.st.stm32cube.ide.mcu.externaltools.gnu-tools-for-stm32.7-2018-q2-update.win32_1.0.0.201904181610/tools/bin/../lib/gcc/arm-none-eabi/7.3.1/../../../../arm-none-eabi/lib/thumb/v7e-m/fpv4-sp/hard\libc_nano.a(lib_a-strtol.o)
 *fill*         0x000000000800f3d6        0x2 
 .text._strtol_r
                0x000000000800f3d8       0x24 c:/st/stm32cubeide_1.3.0/stm32cubeide/plugins/com.st.stm32cube.ide.mcu.externaltools.gnu-tools-for-stm32.7-2018-q2-update.win32_1.0.0.201904181610/tools/bin/../lib/gcc/arm-none-eabi/7.3.1/../../../../arm-none-eabi/lib/thumb/v7e-m/fpv4-sp/hard\libc_nano.a(lib_a-strtol.o)
                0x000000000800f3d8                _strtol_r
 .text.quorem   0x000000000800f3fc      0x118 c:/st/stm32cubeide_1.3.0/stm32cubeide/plugins/com.st.stm32cube.ide.mcu.externaltools.gnu-tools-for-stm32.7-2018-q2-update.win32_1.0.0.201904181610/tools/bin/../lib/gcc/arm-none-eabi/7.3.1/../../../../arm-none-eabi/lib/thumb/v7e-m/fpv4-sp/hard\libc_nano.a(lib_a-dtoa.o)
 *fill*         0x000000000800f514        0x4 
 .text._dtoa_r  0x000000000800f518      0xb70 c:/st/stm32cubeide_1.3.0/stm32cubeide/plugins/com.st.stm32cube.ide.mcu.externaltools.gnu-tools-for-stm32.7-2018-q2-update.win32_1.0.0.201904181610/tools/bin/../lib/gcc/arm-none-eabi/7.3.1/../../../../arm-none-eabi/lib/thumb/v7e-m/fpv4-sp/hard\libc_nano.a(lib_a-dtoa.o)
                0x000000000800f518                _dtoa_r
 .text.rshift   0x0000000008010088       0x74 c:/st/stm32cubeide_1.3.0/stm32cubeide/plugins/com.st.stm32cube.ide.mcu.externaltools.gnu-tools-for-stm32.7-2018-q2-update.win32_1.0.0.201904181610/tools/bin/../lib/gcc/arm-none-eabi/7.3.1/../../../../arm-none-eabi/lib/thumb/v7e-m/fpv4-sp/hard\libc_nano.a(lib_a-gdtoa-gethex.o)
 .text.__hexdig_fun
                0x00000000080100fc       0x2a c:/st/stm32cubeide_1.3.0/stm32cubeide/plugins/com.st.stm32cube.ide.mcu.externaltools.gnu-tools-for-stm32.7-2018-q2-update.win32_1.0.0.201904181610/tools/bin/../lib/gcc/arm-none-eabi/7.3.1/../../../../arm-none-eabi/lib/thumb/v7e-m/fpv4-sp/hard\libc_nano.a(lib_a-gdtoa-gethex.o)
                0x00000000080100fc                __hexdig_fun
 .text.__gethex
                0x0000000008010126      0x442 c:/st/stm32cubeide_1.3.0/stm32cubeide/plugins/com.st.stm32cube.ide.mcu.externaltools.gnu-tools-for-stm32.7-2018-q2-update.win32_1.0.0.201904181610/tools/bin/../lib/gcc/arm-none-eabi/7.3.1/../../../../arm-none-eabi/lib/thumb/v7e-m/fpv4-sp/hard\libc_nano.a(lib_a-gdtoa-gethex.o)
                0x0000000008010126                __gethex
 .text.L_shift  0x0000000008010568       0x24 c:/st/stm32cubeide_1.3.0/stm32cubeide/plugins/com.st.stm32cube.ide.mcu.externaltools.gnu-tools-for-stm32.7-2018-q2-update.win32_1.0.0.201904181610/tools/bin/../lib/gcc/arm-none-eabi/7.3.1/../../../../arm-none-eabi/lib/thumb/v7e-m/fpv4-sp/hard\libc_nano.a(lib_a-gdtoa-hexnan.o)
 .text.__match  0x000000000801058c       0x28 c:/st/stm32cubeide_1.3.0/stm32cubeide/plugins/com.st.stm32cube.ide.mcu.externaltools.gnu-tools-for-stm32.7-2018-q2-update.win32_1.0.0.201904181610/tools/bin/../lib/gcc/arm-none-eabi/7.3.1/../../../../arm-none-eabi/lib/thumb/v7e-m/fpv4-sp/hard\libc_nano.a(lib_a-gdtoa-hexnan.o)
                0x000000000801058c                __match
 .text.__hexnan
                0x00000000080105b4      0x120 c:/st/stm32cubeide_1.3.0/stm32cubeide/plugins/com.st.stm32cube.ide.mcu.externaltools.gnu-tools-for-stm32.7-2018-q2-update.win32_1.0.0.201904181610/tools/bin/../lib/gcc/arm-none-eabi/7.3.1/../../../../arm-none-eabi/lib/thumb/v7e-m/fpv4-sp/hard\libc_nano.a(lib_a-gdtoa-hexnan.o)
                0x00000000080105b4                __hexnan
 .text.__locale_ctype_ptr_l
                0x00000000080106d4        0x6 c:/st/stm32cubeide_1.3.0/stm32cubeide/plugins/com.st.stm32cube.ide.mcu.externaltools.gnu-tools-for-stm32.7-2018-q2-update.win32_1.0.0.201904181610/tools/bin/../lib/gcc/arm-none-eabi/7.3.1/../../../../arm-none-eabi/lib/thumb/v7e-m/fpv4-sp/hard\libc_nano.a(lib_a-locale.o)
                0x00000000080106d4                __locale_ctype_ptr_l
 .text.__localeconv_l
                0x00000000080106da        0x4 c:/st/stm32cubeide_1.3.0/stm32cubeide/plugins/com.st.stm32cube.ide.mcu.externaltools.gnu-tools-for-stm32.7-2018-q2-update.win32_1.0.0.201904181610/tools/bin/../lib/gcc/arm-none-eabi/7.3.1/../../../../arm-none-eabi/lib/thumb/v7e-m/fpv4-sp/hard\libc_nano.a(lib_a-localeconv.o)
                0x00000000080106da                __localeconv_l
 *fill*         0x00000000080106de        0x2 
 .text._localeconv_r
                0x00000000080106e0       0x1c c:/st/stm32cubeide_1.3.0/stm32cubeide/plugins/com.st.stm32cube.ide.mcu.externaltools.gnu-tools-for-stm32.7-2018-q2-update.win32_1.0.0.201904181610/tools/bin/../lib/gcc/arm-none-eabi/7.3.1/../../../../arm-none-eabi/lib/thumb/v7e-m/fpv4-sp/hard\libc_nano.a(lib_a-localeconv.o)
                0x00000000080106e0                _localeconv_r
 .text.malloc   0x00000000080106fc       0x10 c:/st/stm32cubeide_1.3.0/stm32cubeide/plugins/com.st.stm32cube.ide.mcu.externaltools.gnu-tools-for-stm32.7-2018-q2-update.win32_1.0.0.201904181610/tools/bin/../lib/gcc/arm-none-eabi/7.3.1/../../../../arm-none-eabi/lib/thumb/v7e-m/fpv4-sp/hard\libc_nano.a(lib_a-malloc.o)
                0x00000000080106fc                malloc
 .text.__ascii_mbtowc
                0x000000000801070c       0x24 c:/st/stm32cubeide_1.3.0/stm32cubeide/plugins/com.st.stm32cube.ide.mcu.externaltools.gnu-tools-for-stm32.7-2018-q2-update.win32_1.0.0.201904181610/tools/bin/../lib/gcc/arm-none-eabi/7.3.1/../../../../arm-none-eabi/lib/thumb/v7e-m/fpv4-sp/hard\libc_nano.a(lib_a-mbtowc_r.o)
                0x000000000801070c                __ascii_mbtowc
 .text._Balloc  0x0000000008010730       0x68 c:/st/stm32cubeide_1.3.0/stm32cubeide/plugins/com.st.stm32cube.ide.mcu.externaltools.gnu-tools-for-stm32.7-2018-q2-update.win32_1.0.0.201904181610/tools/bin/../lib/gcc/arm-none-eabi/7.3.1/../../../../arm-none-eabi/lib/thumb/v7e-m/fpv4-sp/hard\libc_nano.a(lib_a-mprec.o)
                0x0000000008010730                _Balloc
 .text._Bfree   0x0000000008010798       0x2e c:/st/stm32cubeide_1.3.0/stm32cubeide/plugins/com.st.stm32cube.ide.mcu.externaltools.gnu-tools-for-stm32.7-2018-q2-update.win32_1.0.0.201904181610/tools/bin/../lib/gcc/arm-none-eabi/7.3.1/../../../../arm-none-eabi/lib/thumb/v7e-m/fpv4-sp/hard\libc_nano.a(lib_a-mprec.o)
                0x0000000008010798                _Bfree
 .text.__multadd
                0x00000000080107c6       0x76 c:/st/stm32cubeide_1.3.0/stm32cubeide/plugins/com.st.stm32cube.ide.mcu.externaltools.gnu-tools-for-stm32.7-2018-q2-update.win32_1.0.0.201904181610/tools/bin/../lib/gcc/arm-none-eabi/7.3.1/../../../../arm-none-eabi/lib/thumb/v7e-m/fpv4-sp/hard\libc_nano.a(lib_a-mprec.o)
                0x00000000080107c6                __multadd
 .text.__s2b    0x000000000801083c       0x7c c:/st/stm32cubeide_1.3.0/stm32cubeide/plugins/com.st.stm32cube.ide.mcu.externaltools.gnu-tools-for-stm32.7-2018-q2-update.win32_1.0.0.201904181610/tools/bin/../lib/gcc/arm-none-eabi/7.3.1/../../../../arm-none-eabi/lib/thumb/v7e-m/fpv4-sp/hard\libc_nano.a(lib_a-mprec.o)
                0x000000000801083c                __s2b
 .text.__hi0bits
                0x00000000080108b8       0x3e c:/st/stm32cubeide_1.3.0/stm32cubeide/plugins/com.st.stm32cube.ide.mcu.externaltools.gnu-tools-for-stm32.7-2018-q2-update.win32_1.0.0.201904181610/tools/bin/../lib/gcc/arm-none-eabi/7.3.1/../../../../arm-none-eabi/lib/thumb/v7e-m/fpv4-sp/hard\libc_nano.a(lib_a-mprec.o)
                0x00000000080108b8                __hi0bits
 .text.__lo0bits
                0x00000000080108f6       0x5e c:/st/stm32cubeide_1.3.0/stm32cubeide/plugins/com.st.stm32cube.ide.mcu.externaltools.gnu-tools-for-stm32.7-2018-q2-update.win32_1.0.0.201904181610/tools/bin/../lib/gcc/arm-none-eabi/7.3.1/../../../../arm-none-eabi/lib/thumb/v7e-m/fpv4-sp/hard\libc_nano.a(lib_a-mprec.o)
                0x00000000080108f6                __lo0bits
 .text.__i2b    0x0000000008010954       0x12 c:/st/stm32cubeide_1.3.0/stm32cubeide/plugins/com.st.stm32cube.ide.mcu.externaltools.gnu-tools-for-stm32.7-2018-q2-update.win32_1.0.0.201904181610/tools/bin/../lib/gcc/arm-none-eabi/7.3.1/../../../../arm-none-eabi/lib/thumb/v7e-m/fpv4-sp/hard\libc_nano.a(lib_a-mprec.o)
                0x0000000008010954                __i2b
 .text.__multiply
                0x0000000008010966      0x12c c:/st/stm32cubeide_1.3.0/stm32cubeide/plugins/com.st.stm32cube.ide.mcu.externaltools.gnu-tools-for-stm32.7-2018-q2-update.win32_1.0.0.201904181610/tools/bin/../lib/gcc/arm-none-eabi/7.3.1/../../../../arm-none-eabi/lib/thumb/v7e-m/fpv4-sp/hard\libc_nano.a(lib_a-mprec.o)
                0x0000000008010966                __multiply
 *fill*         0x0000000008010a92        0x2 
 .text.__pow5mult
                0x0000000008010a94       0x9c c:/st/stm32cubeide_1.3.0/stm32cubeide/plugins/com.st.stm32cube.ide.mcu.externaltools.gnu-tools-for-stm32.7-2018-q2-update.win32_1.0.0.201904181610/tools/bin/../lib/gcc/arm-none-eabi/7.3.1/../../../../arm-none-eabi/lib/thumb/v7e-m/fpv4-sp/hard\libc_nano.a(lib_a-mprec.o)
                0x0000000008010a94                __pow5mult
 .text.__lshift
                0x0000000008010b30       0xa8 c:/st/stm32cubeide_1.3.0/stm32cubeide/plugins/com.st.stm32cube.ide.mcu.externaltools.gnu-tools-for-stm32.7-2018-q2-update.win32_1.0.0.201904181610/tools/bin/../lib/gcc/arm-none-eabi/7.3.1/../../../../arm-none-eabi/lib/thumb/v7e-m/fpv4-sp/hard\libc_nano.a(lib_a-mprec.o)
                0x0000000008010b30                __lshift
 .text.__mcmp   0x0000000008010bd8       0x34 c:/st/stm32cubeide_1.3.0/stm32cubeide/plugins/com.st.stm32cube.ide.mcu.externaltools.gnu-tools-for-stm32.7-2018-q2-update.win32_1.0.0.201904181610/tools/bin/../lib/gcc/arm-none-eabi/7.3.1/../../../../arm-none-eabi/lib/thumb/v7e-m/fpv4-sp/hard\libc_nano.a(lib_a-mprec.o)
                0x0000000008010bd8                __mcmp
 .text.__mdiff  0x0000000008010c0c       0xba c:/st/stm32cubeide_1.3.0/stm32cubeide/plugins/com.st.stm32cube.ide.mcu.externaltools.gnu-tools-for-stm32.7-2018-q2-update.win32_1.0.0.201904181610/tools/bin/../lib/gcc/arm-none-eabi/7.3.1/../../../../arm-none-eabi/lib/thumb/v7e-m/fpv4-sp/hard\libc_nano.a(lib_a-mprec.o)
                0x0000000008010c0c                __mdiff
 *fill*         0x0000000008010cc6        0x2 
 .text.__ulp    0x0000000008010cc8       0x50 c:/st/stm32cubeide_1.3.0/stm32cubeide/plugins/com.st.stm32cube.ide.mcu.externaltools.gnu-tools-for-stm32.7-2018-q2-update.win32_1.0.0.201904181610/tools/bin/../lib/gcc/arm-none-eabi/7.3.1/../../../../arm-none-eabi/lib/thumb/v7e-m/fpv4-sp/hard\libc_nano.a(lib_a-mprec.o)
                0x0000000008010cc8                __ulp
 .text.__b2d    0x0000000008010d18       0x9c c:/st/stm32cubeide_1.3.0/stm32cubeide/plugins/com.st.stm32cube.ide.mcu.externaltools.gnu-tools-for-stm32.7-2018-q2-update.win32_1.0.0.201904181610/tools/bin/../lib/gcc/arm-none-eabi/7.3.1/../../../../arm-none-eabi/lib/thumb/v7e-m/fpv4-sp/hard\libc_nano.a(lib_a-mprec.o)
                0x0000000008010d18                __b2d
 .text.__d2b    0x0000000008010db4       0x9e c:/st/stm32cubeide_1.3.0/stm32cubeide/plugins/com.st.stm32cube.ide.mcu.externaltools.gnu-tools-for-stm32.7-2018-q2-update.win32_1.0.0.201904181610/tools/bin/../lib/gcc/arm-none-eabi/7.3.1/../../../../arm-none-eabi/lib/thumb/v7e-m/fpv4-sp/hard\libc_nano.a(lib_a-mprec.o)
                0x0000000008010db4                __d2b
 .text.__ratio  0x0000000008010e52       0x66 c:/st/stm32cubeide_1.3.0/stm32cubeide/plugins/com.st.stm32cube.ide.mcu.externaltools.gnu-tools-for-stm32.7-2018-q2-update.win32_1.0.0.201904181610/tools/bin/../lib/gcc/arm-none-eabi/7.3.1/../../../../arm-none-eabi/lib/thumb/v7e-m/fpv4-sp/hard\libc_nano.a(lib_a-mprec.o)
                0x0000000008010e52                __ratio
 .text.__copybits
                0x0000000008010eb8       0x34 c:/st/stm32cubeide_1.3.0/stm32cubeide/plugins/com.st.stm32cube.ide.mcu.externaltools.gnu-tools-for-stm32.7-2018-q2-update.win32_1.0.0.201904181610/tools/bin/../lib/gcc/arm-none-eabi/7.3.1/../../../../arm-none-eabi/lib/thumb/v7e-m/fpv4-sp/hard\libc_nano.a(lib_a-mprec.o)
                0x0000000008010eb8                __copybits
 .text.__any_on
                0x0000000008010eec       0x42 c:/st/stm32cubeide_1.3.0/stm32cubeide/plugins/com.st.stm32cube.ide.mcu.externaltools.gnu-tools-for-stm32.7-2018-q2-update.win32_1.0.0.201904181610/tools/bin/../lib/gcc/arm-none-eabi/7.3.1/../../../../arm-none-eabi/lib/thumb/v7e-m/fpv4-sp/hard\libc_nano.a(lib_a-mprec.o)
                0x0000000008010eec                __any_on
 .text._calloc_r
                0x0000000008010f2e       0x1c c:/st/stm32cubeide_1.3.0/stm32cubeide/plugins/com.st.stm32cube.ide.mcu.externaltools.gnu-tools-for-stm32.7-2018-q2-update.win32_1.0.0.201904181610/tools/bin/../lib/gcc/arm-none-eabi/7.3.1/../../../../arm-none-eabi/lib/thumb/v7e-m/fpv4-sp/hard\libc_nano.a(lib_a-nano-callocr.o)
                0x0000000008010f2e                _calloc_r
 *fill*         0x0000000008010f4a        0x2 
 .text._free_r  0x0000000008010f4c       0x9c c:/st/stm32cubeide_1.3.0/stm32cubeide/plugins/com.st.stm32cube.ide.mcu.externaltools.gnu-tools-for-stm32.7-2018-q2-update.win32_1.0.0.201904181610/tools/bin/../lib/gcc/arm-none-eabi/7.3.1/../../../../arm-none-eabi/lib/thumb/v7e-m/fpv4-sp/hard\libc_nano.a(lib_a-nano-freer.o)
                0x0000000008010f4c                _free_r
 .text._malloc_r
                0x0000000008010fe8       0xb4 c:/st/stm32cubeide_1.3.0/stm32cubeide/plugins/com.st.stm32cube.ide.mcu.externaltools.gnu-tools-for-stm32.7-2018-q2-update.win32_1.0.0.201904181610/tools/bin/../lib/gcc/arm-none-eabi/7.3.1/../../../../arm-none-eabi/lib/thumb/v7e-m/fpv4-sp/hard\libc_nano.a(lib_a-nano-mallocr.o)
                0x0000000008010fe8                _malloc_r
 .text.__ssputs_r
                0x000000000801109c       0xb4 c:/st/stm32cubeide_1.3.0/stm32cubeide/plugins/com.st.stm32cube.ide.mcu.externaltools.gnu-tools-for-stm32.7-2018-q2-update.win32_1.0.0.201904181610/tools/bin/../lib/gcc/arm-none-eabi/7.3.1/../../../../arm-none-eabi/lib/thumb/v7e-m/fpv4-sp/hard\libc_nano.a(lib_a-nano-svfprintf.o)
                0x000000000801109c                __ssputs_r
 .text._svfprintf_r
                0x0000000008011150      0x1f0 c:/st/stm32cubeide_1.3.0/stm32cubeide/plugins/com.st.stm32cube.ide.mcu.externaltools.gnu-tools-for-stm32.7-2018-q2-update.win32_1.0.0.201904181610/tools/bin/../lib/gcc/arm-none-eabi/7.3.1/../../../../arm-none-eabi/lib/thumb/v7e-m/fpv4-sp/hard\libc_nano.a(lib_a-nano-svfprintf.o)
                0x0000000008011150                _svfiprintf_r
                0x0000000008011150                _svfprintf_r
 .text._sbrk_r  0x0000000008011340       0x20 c:/st/stm32cubeide_1.3.0/stm32cubeide/plugins/com.st.stm32cube.ide.mcu.externaltools.gnu-tools-for-stm32.7-2018-q2-update.win32_1.0.0.201904181610/tools/bin/../lib/gcc/arm-none-eabi/7.3.1/../../../../arm-none-eabi/lib/thumb/v7e-m/fpv4-sp/hard\libc_nano.a(lib_a-sbrkr.o)
                0x0000000008011340                _sbrk_r
 .text.strncmp  0x0000000008011360       0x24 c:/st/stm32cubeide_1.3.0/stm32cubeide/plugins/com.st.stm32cube.ide.mcu.externaltools.gnu-tools-for-stm32.7-2018-q2-update.win32_1.0.0.201904181610/tools/bin/../lib/gcc/arm-none-eabi/7.3.1/../../../../arm-none-eabi/lib/thumb/v7e-m/fpv4-sp/hard\libc_nano.a(lib_a-strncmp.o)
                0x0000000008011360                strncmp
 .text.__ascii_wctomb
                0x0000000008011384       0x1a c:/st/stm32cubeide_1.3.0/stm32cubeide/plugins/com.st.stm32cube.ide.mcu.externaltools.gnu-tools-for-stm32.7-2018-q2-update.win32_1.0.0.201904181610/tools/bin/../lib/gcc/arm-none-eabi/7.3.1/../../../../arm-none-eabi/lib/thumb/v7e-m/fpv4-sp/hard\libc_nano.a(lib_a-wctomb_r.o)
                0x0000000008011384                __ascii_wctomb
 .text.__malloc_lock
                0x000000000801139e        0x2 c:/st/stm32cubeide_1.3.0/stm32cubeide/plugins/com.st.stm32cube.ide.mcu.externaltools.gnu-tools-for-stm32.7-2018-q2-update.win32_1.0.0.201904181610/tools/bin/../lib/gcc/arm-none-eabi/7.3.1/../../../../arm-none-eabi/lib/thumb/v7e-m/fpv4-sp/hard\libc_nano.a(lib_a-mlock.o)
                0x000000000801139e                __malloc_lock
 .text.__malloc_unlock
                0x00000000080113a0        0x2 c:/st/stm32cubeide_1.3.0/stm32cubeide/plugins/com.st.stm32cube.ide.mcu.externaltools.gnu-tools-for-stm32.7-2018-q2-update.win32_1.0.0.201904181610/tools/bin/../lib/gcc/arm-none-eabi/7.3.1/../../../../arm-none-eabi/lib/thumb/v7e-m/fpv4-sp/hard\libc_nano.a(lib_a-mlock.o)
                0x00000000080113a0                __malloc_unlock
 .text._realloc_r
                0x00000000080113a2       0x4c c:/st/stm32cubeide_1.3.0/stm32cubeide/plugins/com.st.stm32cube.ide.mcu.externaltools.gnu-tools-for-stm32.7-2018-q2-update.win32_1.0.0.201904181610/tools/bin/../lib/gcc/arm-none-eabi/7.3.1/../../../../arm-none-eabi/lib/thumb/v7e-m/fpv4-sp/hard\libc_nano.a(lib_a-nano-reallocr.o)
                0x00000000080113a2                _realloc_r
 .text._malloc_usable_size_r
                0x00000000080113ee       0x10 c:/st/stm32cubeide_1.3.0/stm32cubeide/plugins/com.st.stm32cube.ide.mcu.externaltools.gnu-tools-for-stm32.7-2018-q2-update.win32_1.0.0.201904181610/tools/bin/../lib/gcc/arm-none-eabi/7.3.1/../../../../arm-none-eabi/lib/thumb/v7e-m/fpv4-sp/hard\libc_nano.a(lib_a-nano-msizer.o)
                0x00000000080113ee                _malloc_usable_size_r
 *fill*         0x00000000080113fe        0x2 
 .text.fmodf    0x0000000008011400       0xb8 c:/st/stm32cubeide_1.3.0/stm32cubeide/plugins/com.st.stm32cube.ide.mcu.externaltools.gnu-tools-for-stm32.7-2018-q2-update.win32_1.0.0.201904181610/tools/bin/../lib/gcc/arm-none-eabi/7.3.1/../../../../arm-none-eabi/lib/thumb/v7e-m/fpv4-sp/hard\libm.a(lib_a-wf_fmod.o)
                0x0000000008011400                fmodf
 .text.__ieee754_fmodf
                0x00000000080114b8      0x110 c:/st/stm32cubeide_1.3.0/stm32cubeide/plugins/com.st.stm32cube.ide.mcu.externaltools.gnu-tools-for-stm32.7-2018-q2-update.win32_1.0.0.201904181610/tools/bin/../lib/gcc/arm-none-eabi/7.3.1/../../../../arm-none-eabi/lib/thumb/v7e-m/fpv4-sp/hard\libm.a(lib_a-ef_fmod.o)
                0x00000000080114b8                __ieee754_fmodf